GAS LISTING /tmp/ccPuFhSa.s 			page 1


   1              		.file	"Semaphore.cpp"
   2              		.option pic
   3              		.option norelax
   4              		.text
   5              	.Ltext0:
   6              		.section	.text._ZN3ABI9SemaphoreD2Ev,"axG",@progbits,_ZN3ABI9SemaphoreD5Ev,comdat
   7              		.align	2
   8              		.weak	_ZN3ABI9SemaphoreD2Ev
  10              	_ZN3ABI9SemaphoreD2Ev:
  11              	.LFB51:
  12              		.file 1 "src/../h/Semaphore.hpp"
   1:src/../h/Semaphore.hpp **** //
   2:src/../h/Semaphore.hpp **** // Created by os on 10/16/25.
   3:src/../h/Semaphore.hpp **** //
   4:src/../h/Semaphore.hpp **** 
   5:src/../h/Semaphore.hpp **** #ifndef PROJECT_BASE_V1_1_SEMAPHORE_H
   6:src/../h/Semaphore.hpp **** #define PROJECT_BASE_V1_1_SEMAPHORE_H
   7:src/../h/Semaphore.hpp **** 
   8:src/../h/Semaphore.hpp **** #include "list.hpp"
   9:src/../h/Semaphore.hpp **** #include "MemoryAllocator.hpp"
  10:src/../h/Semaphore.hpp **** 
  11:src/../h/Semaphore.hpp **** class TCB;
  12:src/../h/Semaphore.hpp **** 
  13:src/../h/Semaphore.hpp **** namespace ABI {
  14:src/../h/Semaphore.hpp ****     class Semaphore {
  15:src/../h/Semaphore.hpp ****     public:
  16:src/../h/Semaphore.hpp ****         // Destructor.
  17:src/../h/Semaphore.hpp ****         virtual ~Semaphore() = default;
  13              		.loc 1 17 17
  14              		.cfi_startproc
  15              	.LVL0:
  16 0000 130101FF 		addi	sp,sp,-16
  17              		.cfi_def_cfa_offset 16
  18 0004 23348100 		sd	s0,8(sp)
  19              		.cfi_offset 8, -8
  20 0008 13040101 		addi	s0,sp,16
  21              		.cfi_def_cfa 8, 0
  22              		.loc 1 17 17 is_stmt 0
  23 000c 03348100 		ld	s0,8(sp)
  24              		.cfi_restore 8
  25              		.cfi_def_cfa 2, 16
  26 0010 13010101 		addi	sp,sp,16
  27              		.cfi_def_cfa_offset 0
  28 0014 67800000 		jr	ra
  29              		.cfi_endproc
  30              	.LFE51:
  32              		.weak	_ZN3ABI9SemaphoreD1Ev
  33              		.set	_ZN3ABI9SemaphoreD1Ev,_ZN3ABI9SemaphoreD2Ev
  34              		.section	.text._ZN3ABI9SemaphoreD0Ev,"axG",@progbits,_ZN3ABI9SemaphoreD5Ev,comdat
  35              		.align	2
  36              		.weak	_ZN3ABI9SemaphoreD0Ev
  38              	_ZN3ABI9SemaphoreD0Ev:
  39              	.LFB53:
  40              		.loc 1 17 17 is_stmt 1
  41              		.cfi_startproc
  42              	.LVL1:
  43 0000 130101FF 		addi	sp,sp,-16
GAS LISTING /tmp/ccPuFhSa.s 			page 2


  44              		.cfi_def_cfa_offset 16
  45 0004 23341100 		sd	ra,8(sp)
  46 0008 23308100 		sd	s0,0(sp)
  47              		.cfi_offset 1, -8
  48              		.cfi_offset 8, -16
  49 000c 13040101 		addi	s0,sp,16
  50              		.cfi_def_cfa 8, 0
  51 0010 93050500 		mv	a1,a0
  52              	.LVL2:
  53              	.LBB53:
  54              	.LBB54:
  18:src/../h/Semaphore.hpp **** 
  19:src/../h/Semaphore.hpp ****         // Creates pointer to Semaphore object.
  20:src/../h/Semaphore.hpp ****         static Semaphore *createSemaphore(unsigned int init = 1);
  21:src/../h/Semaphore.hpp **** 
  22:src/../h/Semaphore.hpp ****         // Performs semaphore wait operation.
  23:src/../h/Semaphore.hpp ****         int wait();
  24:src/../h/Semaphore.hpp **** 
  25:src/../h/Semaphore.hpp ****         // Performs semaphore signal operation.
  26:src/../h/Semaphore.hpp ****         int signal();
  27:src/../h/Semaphore.hpp **** 
  28:src/../h/Semaphore.hpp ****         // Closes the object.
  29:src/../h/Semaphore.hpp ****         int close();
  30:src/../h/Semaphore.hpp **** 
  31:src/../h/Semaphore.hpp ****         // Gets semaphore parameter starting value.
  32:src/../h/Semaphore.hpp ****         unsigned int getValue() const { return val; }
  33:src/../h/Semaphore.hpp **** 
  34:src/../h/Semaphore.hpp ****         void *operator new(size_t size) {
  35:src/../h/Semaphore.hpp ****             return MemoryAllocator::Instance()->mem_alloc(size);
  36:src/../h/Semaphore.hpp ****         }
  37:src/../h/Semaphore.hpp **** 
  38:src/../h/Semaphore.hpp ****         void *operator new[](size_t size) {
  39:src/../h/Semaphore.hpp ****             return MemoryAllocator::Instance()->mem_alloc(size);
  40:src/../h/Semaphore.hpp ****         }
  41:src/../h/Semaphore.hpp **** 
  42:src/../h/Semaphore.hpp ****         void operator delete(void *ptr) {
  43:src/../h/Semaphore.hpp ****             MemoryAllocator::Instance()->mem_free(ptr);
  55              		.loc 1 43 13
  56              	.LBB55:
  57              	.LBB56:
  58              		.file 2 "src/../h/MemoryAllocator.hpp"
   1:src/../h/MemoryAllocator.hpp **** #ifndef PROJECT_BASE_V1_1_MEMORYALLOCATOR_HPP
   2:src/../h/MemoryAllocator.hpp **** #define PROJECT_BASE_V1_1_MEMORYALLOCATOR_HPP
   3:src/../h/MemoryAllocator.hpp **** 
   4:src/../h/MemoryAllocator.hpp **** #include "../lib/hw.h"
   5:src/../h/MemoryAllocator.hpp **** 
   6:src/../h/MemoryAllocator.hpp **** class MemoryAllocator {
   7:src/../h/MemoryAllocator.hpp **** public:
   8:src/../h/MemoryAllocator.hpp **** 
   9:src/../h/MemoryAllocator.hpp ****     static MemoryAllocator* Instance() {
  10:src/../h/MemoryAllocator.hpp ****         static MemoryAllocator memoryAllocator;
  59              		.loc 2 10 9
  60              		.loc 2 10 32 is_stmt 0
  61 0014 97070000 		lbu	a5,_ZGVZN15MemoryAllocator8InstanceEvE15memoryAllocator
  61      83C70700 
  62 001c 63920704 		bnez	a5,.L4
  63              	.LVL3:
GAS LISTING /tmp/ccPuFhSa.s 			page 3


  64              	.LBB57:
  65              	.LBB58:
  66              	.LBB59:
  11:src/../h/MemoryAllocator.hpp ****         return &memoryAllocator;
  12:src/../h/MemoryAllocator.hpp ****     }
  13:src/../h/MemoryAllocator.hpp **** 
  14:src/../h/MemoryAllocator.hpp ****     // Allocates a continuous memory block that contains at least size bytes.
  15:src/../h/MemoryAllocator.hpp ****     void* mem_alloc(size_t size);
  16:src/../h/MemoryAllocator.hpp **** 
  17:src/../h/MemoryAllocator.hpp ****     // Frees an allocated block of memory with the given address.
  18:src/../h/MemoryAllocator.hpp ****     int mem_free(void* addr);
  19:src/../h/MemoryAllocator.hpp **** 
  20:src/../h/MemoryAllocator.hpp ****     // Gets the total size of free memory expressed in bytes.
  21:src/../h/MemoryAllocator.hpp ****     size_t mem_get_free_space();
  22:src/../h/MemoryAllocator.hpp **** 
  23:src/../h/MemoryAllocator.hpp ****     // Gets the size of the largest block of free memory expressed in bytes.
  24:src/../h/MemoryAllocator.hpp ****     size_t mem_get_largest_free_block();
  25:src/../h/MemoryAllocator.hpp **** 
  26:src/../h/MemoryAllocator.hpp ****     struct Header {
  27:src/../h/MemoryAllocator.hpp ****         Header* next;
  28:src/../h/MemoryAllocator.hpp ****         size_t size;
  29:src/../h/MemoryAllocator.hpp ****     };
  30:src/../h/MemoryAllocator.hpp **** 
  31:src/../h/MemoryAllocator.hpp **** private:
  32:src/../h/MemoryAllocator.hpp **** 
  33:src/../h/MemoryAllocator.hpp ****     Header* free_head;
  34:src/../h/MemoryAllocator.hpp ****     Header* alloc_head;
  35:src/../h/MemoryAllocator.hpp **** 
  36:src/../h/MemoryAllocator.hpp ****     MemoryAllocator() : free_head((Header*)HEAP_START_ADDR), alloc_head(nullptr) {
  67              		.loc 2 36 80
  68 0020 97070000 		la	a5,HEAP_START_ADDR
  68      83B70700 
  69 0028 83B70700 		ld	a5,0(a5)
  70 002c 17070000 		lla	a4,_ZZN15MemoryAllocator8InstanceEvE15memoryAllocator
  70      13070700 
  71 0034 2330F700 		sd	a5,0(a4)
  72 0038 23340700 		sd	zero,8(a4)
  37:src/../h/MemoryAllocator.hpp ****         free_head->size = (size_t)HEAP_END_ADDR - (size_t)HEAP_START_ADDR;
  73              		.loc 2 37 9 is_stmt 1
  74              		.loc 2 37 49 is_stmt 0
  75 003c 17070000 		la	a4,HEAP_END_ADDR
  75      03370700 
  76 0044 03370700 		ld	a4,0(a4)
  77 0048 3307F740 		sub	a4,a4,a5
  78              		.loc 2 37 25
  79 004c 23B4E700 		sd	a4,8(a5)
  38:src/../h/MemoryAllocator.hpp ****         free_head->next = nullptr;
  80              		.loc 2 38 9 is_stmt 1
  81              		.loc 2 38 25 is_stmt 0
  82 0050 23B00700 		sd	zero,0(a5)
  83              	.LVL4:
  84              	.LBE59:
  85              	.LBE58:
  86              	.LBE57:
  10:src/../h/MemoryAllocator.hpp ****         return &memoryAllocator;
  87              		.loc 2 10 32
  88 0054 93071000 		li	a5,1
GAS LISTING /tmp/ccPuFhSa.s 			page 4


  89 0058 17070000 		sb	a5,_ZGVZN15MemoryAllocator8InstanceEvE15memoryAllocator,a4
  89      2300F700 
  90              	.L4:
  11:src/../h/MemoryAllocator.hpp ****     }
  91              		.loc 2 11 9 is_stmt 1
  92              	.LBE56:
  93              	.LBE55:
  94              		.loc 1 43 50 is_stmt 0
  95 0060 17050000 		lla	a0,_ZZN15MemoryAllocator8InstanceEvE15memoryAllocator
  95      13050500 
  96              	.LVL5:
  97 0068 97000000 		call	_ZN15MemoryAllocator8mem_freeEPv@plt
  97      E7800000 
  98              	.LVL6:
  99              	.LBE54:
 100              	.LBE53:
  17:src/../h/Semaphore.hpp **** 
 101              		.loc 1 17 17
 102 0070 83308100 		ld	ra,8(sp)
 103              		.cfi_restore 1
 104 0074 03340100 		ld	s0,0(sp)
 105              		.cfi_restore 8
 106              		.cfi_def_cfa 2, 16
 107 0078 13010101 		addi	sp,sp,16
 108              		.cfi_def_cfa_offset 0
 109 007c 67800000 		jr	ra
 110              		.cfi_endproc
 111              	.LFE53:
 113              		.text
 114              		.align	2
 115              		.globl	_ZN3ABI9Semaphore15createSemaphoreEj
 117              	_ZN3ABI9Semaphore15createSemaphoreEj:
 118              	.LFB35:
 119              		.file 3 "src/Semaphore.cpp"
   1:src/Semaphore.cpp **** //
   2:src/Semaphore.cpp **** // Created by os on 10/16/25.
   3:src/Semaphore.cpp **** //
   4:src/Semaphore.cpp **** 
   5:src/Semaphore.cpp **** #include "../h/Semaphore.hpp"
   6:src/Semaphore.cpp **** #include "../h/tcb.hpp"
   7:src/Semaphore.cpp **** 
   8:src/Semaphore.cpp **** namespace ABI {
   9:src/Semaphore.cpp ****     Semaphore *Semaphore::createSemaphore(unsigned int init) {
 120              		.loc 3 9 62 is_stmt 1
 121              		.cfi_startproc
 122              	.LVL7:
 123 0000 130101FE 		addi	sp,sp,-32
 124              		.cfi_def_cfa_offset 32
 125 0004 233C1100 		sd	ra,24(sp)
 126 0008 23388100 		sd	s0,16(sp)
 127 000c 23349100 		sd	s1,8(sp)
 128              		.cfi_offset 1, -8
 129              		.cfi_offset 8, -16
 130              		.cfi_offset 9, -24
 131 0010 13040102 		addi	s0,sp,32
 132              		.cfi_def_cfa 8, 0
 133 0014 93040500 		mv	s1,a0
GAS LISTING /tmp/ccPuFhSa.s 			page 5


  10:src/Semaphore.cpp ****         return new Semaphore(init);
 134              		.loc 3 10 9
 135              	.LVL8:
 136              	.LBB73:
 137              	.LBB74:
  35:src/../h/Semaphore.hpp ****         }
 138              		.loc 1 35 13
 139              	.LBB75:
 140              	.LBB76:
  10:src/../h/MemoryAllocator.hpp ****         return &memoryAllocator;
 141              		.loc 2 10 9
  10:src/../h/MemoryAllocator.hpp ****         return &memoryAllocator;
 142              		.loc 2 10 32 is_stmt 0
 143 0018 97070000 		lbu	a5,_ZGVZN15MemoryAllocator8InstanceEvE15memoryAllocator
 143      83C70700 
 144 0020 63920704 		bnez	a5,.L7
 145              	.LVL9:
 146              	.LBB77:
 147              	.LBB78:
 148              	.LBB79:
  36:src/../h/MemoryAllocator.hpp ****         free_head->size = (size_t)HEAP_END_ADDR - (size_t)HEAP_START_ADDR;
 149              		.loc 2 36 80
 150 0024 97070000 		la	a5,HEAP_START_ADDR
 150      83B70700 
 151 002c 83B70700 		ld	a5,0(a5)
 152 0030 17070000 		lla	a4,_ZZN15MemoryAllocator8InstanceEvE15memoryAllocator
 152      13070700 
 153 0038 2330F700 		sd	a5,0(a4)
 154 003c 23340700 		sd	zero,8(a4)
  37:src/../h/MemoryAllocator.hpp ****         free_head->next = nullptr;
 155              		.loc 2 37 9 is_stmt 1
  37:src/../h/MemoryAllocator.hpp ****         free_head->next = nullptr;
 156              		.loc 2 37 49 is_stmt 0
 157 0040 17070000 		la	a4,HEAP_END_ADDR
 157      03370700 
 158 0048 03370700 		ld	a4,0(a4)
 159 004c 3307F740 		sub	a4,a4,a5
  37:src/../h/MemoryAllocator.hpp ****         free_head->next = nullptr;
 160              		.loc 2 37 25
 161 0050 23B4E700 		sd	a4,8(a5)
 162              		.loc 2 38 9 is_stmt 1
 163              		.loc 2 38 25 is_stmt 0
 164 0054 23B00700 		sd	zero,0(a5)
 165              	.LVL10:
 166              	.LBE79:
 167              	.LBE78:
 168              	.LBE77:
  10:src/../h/MemoryAllocator.hpp ****         return &memoryAllocator;
 169              		.loc 2 10 32
 170 0058 93071000 		li	a5,1
 171 005c 17070000 		sb	a5,_ZGVZN15MemoryAllocator8InstanceEvE15memoryAllocator,a4
 171      2300F700 
 172              	.L7:
  11:src/../h/MemoryAllocator.hpp ****     }
 173              		.loc 2 11 9 is_stmt 1
 174              	.LBE76:
 175              	.LBE75:
GAS LISTING /tmp/ccPuFhSa.s 			page 6


  35:src/../h/Semaphore.hpp ****         }
 176              		.loc 1 35 58 is_stmt 0
 177 0064 93058002 		li	a1,40
 178 0068 17050000 		lla	a0,_ZZN15MemoryAllocator8InstanceEvE15memoryAllocator
 178      13050500 
 179              	.LVL11:
 180 0070 97000000 		call	_ZN15MemoryAllocator9mem_allocEm@plt
 180      E7800000 
 181              	.LVL12:
 182              	.LBE74:
 183              	.LBE73:
 184              	.LBB80:
 185              	.LBB81:
  44:src/../h/Semaphore.hpp ****         }
  45:src/../h/Semaphore.hpp **** 
  46:src/../h/Semaphore.hpp ****         void operator delete[](void *ptr) {
  47:src/../h/Semaphore.hpp ****             MemoryAllocator::Instance()->mem_free(ptr);
  48:src/../h/Semaphore.hpp ****         }
  49:src/../h/Semaphore.hpp **** 
  50:src/../h/Semaphore.hpp ****     protected:
  51:src/../h/Semaphore.hpp ****         // Constructor.
  52:src/../h/Semaphore.hpp ****         explicit Semaphore(unsigned int init = 1) : val(init), closed(false) {}
 186              		.loc 1 52 76
 187 0078 17070000 		lla	a4,_ZTVN3ABI9SemaphoreE+16
 187      13070700 
 188 0080 2330E500 		sd	a4,0(a0)
 189              		.loc 1 52 57
 190 0084 93940402 		slli	s1,s1,32
 191              	.LVL13:
 192 0088 93D40402 		srli	s1,s1,32
 193              		.loc 1 52 76
 194 008c 23349500 		sd	s1,8(a0)
 195 0090 23080500 		sb	zero,16(a0)
 196              	.LVL14:
 197              	.LBB82:
 198              	.LBB83:
 199              		.file 4 "src/../h/list.hpp"
   1:src/../h/list.hpp **** //
   2:src/../h/list.hpp **** // Created by marko on 20.4.22..
   3:src/../h/list.hpp **** //
   4:src/../h/list.hpp **** 
   5:src/../h/list.hpp **** #ifndef OS1_VEZBE07_RISCV_CONTEXT_SWITCH_1_SYNCHRONOUS_LIST_HPP
   6:src/../h/list.hpp **** #define OS1_VEZBE07_RISCV_CONTEXT_SWITCH_1_SYNCHRONOUS_LIST_HPP
   7:src/../h/list.hpp **** 
   8:src/../h/list.hpp **** template<typename T>
   9:src/../h/list.hpp **** class List
  10:src/../h/list.hpp **** {
  11:src/../h/list.hpp **** private:
  12:src/../h/list.hpp ****     struct Elem
  13:src/../h/list.hpp ****     {
  14:src/../h/list.hpp ****         T *data;
  15:src/../h/list.hpp ****         Elem *next;
  16:src/../h/list.hpp **** 
  17:src/../h/list.hpp ****         Elem(T *data, Elem *next) : data(data), next(next) {}
  18:src/../h/list.hpp ****     };
  19:src/../h/list.hpp **** 
  20:src/../h/list.hpp ****     Elem *head, *tail;
GAS LISTING /tmp/ccPuFhSa.s 			page 7


  21:src/../h/list.hpp **** 
  22:src/../h/list.hpp **** public:
  23:src/../h/list.hpp ****     List() : head(0), tail(0) {}
 200              		.loc 4 23 29
 201 0094 233C0500 		sd	zero,24(a0)
 202 0098 23300502 		sd	zero,32(a0)
 203              	.LVL15:
 204              	.LBE83:
 205              	.LBE82:
 206              	.LBE81:
 207              	.LBE80:
  11:src/Semaphore.cpp ****     }
 208              		.loc 3 11 5
 209 009c 83308101 		ld	ra,24(sp)
 210              		.cfi_restore 1
 211 00a0 03340101 		ld	s0,16(sp)
 212              		.cfi_restore 8
 213              		.cfi_def_cfa 2, 32
 214 00a4 83348100 		ld	s1,8(sp)
 215              		.cfi_restore 9
 216 00a8 13010102 		addi	sp,sp,32
 217              		.cfi_def_cfa_offset 0
 218 00ac 67800000 		jr	ra
 219              		.cfi_endproc
 220              	.LFE35:
 222              		.align	2
 223              		.globl	_ZN3ABI9Semaphore5blockEv
 225              	_ZN3ABI9Semaphore5blockEv:
 226              	.LFB39:
  12:src/Semaphore.cpp **** 
  13:src/Semaphore.cpp ****     int Semaphore::wait() {
  14:src/Semaphore.cpp ****         if (closed) return -1;
  15:src/Semaphore.cpp **** 
  16:src/Semaphore.cpp ****         if (--val < 0) block();
  17:src/Semaphore.cpp **** 
  18:src/Semaphore.cpp ****         return 0;
  19:src/Semaphore.cpp ****     }
  20:src/Semaphore.cpp **** 
  21:src/Semaphore.cpp ****     int Semaphore::signal() {
  22:src/Semaphore.cpp ****         if (closed) return -1;
  23:src/Semaphore.cpp **** 
  24:src/Semaphore.cpp ****         if (++val <= 0) unblock();
  25:src/Semaphore.cpp **** 
  26:src/Semaphore.cpp ****         return 0;
  27:src/Semaphore.cpp ****     }
  28:src/Semaphore.cpp **** 
  29:src/Semaphore.cpp ****     int Semaphore::close() {
  30:src/Semaphore.cpp ****         if (closed) return -1;
  31:src/Semaphore.cpp **** 
  32:src/Semaphore.cpp ****         closed = true;
  33:src/Semaphore.cpp **** 
  34:src/Semaphore.cpp ****         while (!blocked.empty()) unblock();
  35:src/Semaphore.cpp **** 
  36:src/Semaphore.cpp ****         return 0;
  37:src/Semaphore.cpp ****     }
  38:src/Semaphore.cpp **** 
  39:src/Semaphore.cpp ****     void Semaphore::block() {
GAS LISTING /tmp/ccPuFhSa.s 			page 8


 227              		.loc 3 39 29 is_stmt 1
 228              		.cfi_startproc
 229              	.LVL16:
 230 00b0 130101FE 		addi	sp,sp,-32
 231              		.cfi_def_cfa_offset 32
 232 00b4 233C1100 		sd	ra,24(sp)
 233 00b8 23388100 		sd	s0,16(sp)
 234 00bc 23349100 		sd	s1,8(sp)
 235 00c0 23302101 		sd	s2,0(sp)
 236              		.cfi_offset 1, -8
 237              		.cfi_offset 8, -16
 238              		.cfi_offset 9, -24
 239              		.cfi_offset 18, -32
 240 00c4 13040102 		addi	s0,sp,32
 241              		.cfi_def_cfa 8, 0
 242 00c8 93040500 		mv	s1,a0
  40:src/Semaphore.cpp ****         blocked.addLast(TCB::running);
 243              		.loc 3 40 9
 244              		.loc 3 40 24 is_stmt 0
 245 00cc 97070000 		la	a5,_ZN3TCB7runningE
 245      83B70700 
 246 00d4 03B90700 		ld	s2,0(a5)
 247              	.LVL17:
 248              	.LBB84:
 249              	.LBB85:
  24:src/../h/list.hpp **** 
  25:src/../h/list.hpp ****     List(const List<T> &) = delete;
  26:src/../h/list.hpp **** 
  27:src/../h/list.hpp ****     List<T> &operator=(const List<T> &) = delete;
  28:src/../h/list.hpp **** 
  29:src/../h/list.hpp ****     void addFirst(T *data)
  30:src/../h/list.hpp ****     {
  31:src/../h/list.hpp ****         Elem *elem = new Elem(data, head);
  32:src/../h/list.hpp ****         head = elem;
  33:src/../h/list.hpp ****         if (!tail) { tail = head; }
  34:src/../h/list.hpp ****     }
  35:src/../h/list.hpp **** 
  36:src/../h/list.hpp ****     void addLast(T *data)
  37:src/../h/list.hpp ****     {
  38:src/../h/list.hpp ****         Elem *elem = new Elem(data, 0);
 250              		.loc 4 38 22
 251 00d8 13050001 		li	a0,16
 252              	.LVL18:
 253 00dc 97000000 		call	_Znwm@plt
 253      E7800000 
 254              	.LVL19:
 255              	.LBB86:
 256              	.LBB87:
  17:src/../h/list.hpp ****     };
 257              		.loc 4 17 58
 258 00e4 23302501 		sd	s2,0(a0)
 259 00e8 23340500 		sd	zero,8(a0)
 260              	.LVL20:
 261              	.LBE87:
 262              	.LBE86:
  39:src/../h/list.hpp ****         if (tail)
 263              		.loc 4 39 13
GAS LISTING /tmp/ccPuFhSa.s 			page 9


 264 00ec 83B70402 		ld	a5,32(s1)
 265              		.loc 4 39 9
 266 00f0 63800704 		beqz	a5,.L10
  40:src/../h/list.hpp ****         {
  41:src/../h/list.hpp ****             tail->next = elem;
 267              		.loc 4 41 13
 268 00f4 23B4A700 		sd	a0,8(a5)
  42:src/../h/list.hpp ****             tail = elem;
 269              		.loc 4 42 13
 270 00f8 23B0A402 		sd	a0,32(s1)
 271              	.L11:
 272              	.LVL21:
 273              	.LBE85:
 274              	.LBE84:
  41:src/Semaphore.cpp ****         TCB::running->setBlocked(true);
 275              		.loc 3 41 9 is_stmt 1
 276              		.loc 3 41 33 is_stmt 0
 277 00fc 97070000 		la	a5,_ZN3TCB7runningE
 277      83B70700 
 278 0104 83B70700 		ld	a5,0(a5)
 279              	.LVL22:
 280              	.LBB89:
 281              	.LBB90:
 282              		.file 5 "src/../h/tcb.hpp"
   1:src/../h/tcb.hpp **** //
   2:src/../h/tcb.hpp **** // Created by marko on 20.4.22..
   3:src/../h/tcb.hpp **** //
   4:src/../h/tcb.hpp **** 
   5:src/../h/tcb.hpp **** #ifndef OS1_VEZBE07_RISCV_CONTEXT_SWITCH_1_SYNCHRONOUS_CCB_HPP
   6:src/../h/tcb.hpp **** #define OS1_VEZBE07_RISCV_CONTEXT_SWITCH_1_SYNCHRONOUS_CCB_HPP
   7:src/../h/tcb.hpp **** 
   8:src/../h/tcb.hpp **** #include "../lib/hw.h"
   9:src/../h/tcb.hpp **** #include "scheduler.hpp"
  10:src/../h/tcb.hpp **** #include "MemoryAllocator.hpp"
  11:src/../h/tcb.hpp **** 
  12:src/../h/tcb.hpp **** // Coroutine Control Block
  13:src/../h/tcb.hpp **** class TCB
  14:src/../h/tcb.hpp **** {
  15:src/../h/tcb.hpp **** public:
  16:src/../h/tcb.hpp ****     // Destructor.
  17:src/../h/tcb.hpp ****     ~TCB() { delete[] stack; }
  18:src/../h/tcb.hpp **** 
  19:src/../h/tcb.hpp ****     // Checks if the thread is finished execution.
  20:src/../h/tcb.hpp ****     bool isFinished() const { return finished; }
  21:src/../h/tcb.hpp **** 
  22:src/../h/tcb.hpp ****     // Sets the thread's state to finished.
  23:src/../h/tcb.hpp ****     void setFinished(bool value) { finished = value; }
  24:src/../h/tcb.hpp **** 
  25:src/../h/tcb.hpp ****     // Checks if the thread is blocked.
  26:src/../h/tcb.hpp ****     bool isBlocked() const { return blocked; }
  27:src/../h/tcb.hpp **** 
  28:src/../h/tcb.hpp ****     // Sets the thread's state to blocked.
  29:src/../h/tcb.hpp ****     void setBlocked(bool value) { blocked = value; }
 283              		.loc 5 29 35 is_stmt 1
 284              		.loc 5 29 43 is_stmt 0
 285 0108 13071000 		li	a4,1
 286 010c A380E702 		sb	a4,33(a5)
GAS LISTING /tmp/ccPuFhSa.s 			page 10


 287              	.LVL23:
 288              	.LBE90:
 289              	.LBE89:
  42:src/Semaphore.cpp ****         TCB::yield();
 290              		.loc 3 42 9 is_stmt 1
 291              		.loc 3 42 19 is_stmt 0
 292 0110 97000000 		call	_ZN3TCB5yieldEv@plt
 292      E7800000 
 293              	.LVL24:
  43:src/Semaphore.cpp ****     }
 294              		.loc 3 43 5
 295 0118 83308101 		ld	ra,24(sp)
 296              		.cfi_remember_state
 297              		.cfi_restore 1
 298 011c 03340101 		ld	s0,16(sp)
 299              		.cfi_restore 8
 300              		.cfi_def_cfa 2, 32
 301 0120 83348100 		ld	s1,8(sp)
 302              		.cfi_restore 9
 303              	.LVL25:
 304 0124 03390100 		ld	s2,0(sp)
 305              		.cfi_restore 18
 306 0128 13010102 		addi	sp,sp,32
 307              		.cfi_def_cfa_offset 0
 308 012c 67800000 		jr	ra
 309              	.LVL26:
 310              	.L10:
 311              		.cfi_restore_state
 312              	.LBB91:
 313              	.LBB88:
  43:src/../h/list.hpp ****         } else
  44:src/../h/list.hpp ****         {
  45:src/../h/list.hpp ****             head = tail = elem;
 314              		.loc 4 45 13
 315 0130 23B0A402 		sd	a0,32(s1)
 316 0134 23BCA400 		sd	a0,24(s1)
 317 0138 6FF05FFC 		j	.L11
 318              	.LBE88:
 319              	.LBE91:
 320              		.cfi_endproc
 321              	.LFE39:
 323              		.align	2
 324              		.globl	_ZN3ABI9Semaphore4waitEv
 326              	_ZN3ABI9Semaphore4waitEv:
 327              	.LFB36:
  13:src/Semaphore.cpp ****         if (closed) return -1;
 328              		.loc 3 13 27 is_stmt 1
 329              		.cfi_startproc
 330              	.LVL27:
  14:src/Semaphore.cpp **** 
 331              		.loc 3 14 9
  14:src/Semaphore.cpp **** 
 332              		.loc 3 14 13 is_stmt 0
 333 013c 83470501 		lbu	a5,16(a0)
  14:src/Semaphore.cpp **** 
 334              		.loc 3 14 9
 335 0140 63940704 		bnez	a5,.L15
GAS LISTING /tmp/ccPuFhSa.s 			page 11


  16:src/Semaphore.cpp **** 
 336              		.loc 3 16 9 is_stmt 1
  16:src/Semaphore.cpp **** 
 337              		.loc 3 16 15 is_stmt 0
 338 0144 83378500 		ld	a5,8(a0)
  16:src/Semaphore.cpp **** 
 339              		.loc 3 16 13
 340 0148 9387F7FF 		addi	a5,a5,-1
  16:src/Semaphore.cpp **** 
 341              		.loc 3 16 19
 342 014c 2334F500 		sd	a5,8(a0)
  16:src/Semaphore.cpp **** 
 343              		.loc 3 16 9
 344 0150 63C60700 		bltz	a5,.L21
  18:src/Semaphore.cpp ****     }
 345              		.loc 3 18 16
 346 0154 13050000 		li	a0,0
 347              	.LVL28:
  19:src/Semaphore.cpp **** 
 348              		.loc 3 19 5
 349 0158 67800000 		ret
 350              	.LVL29:
 351              	.L21:
  13:src/Semaphore.cpp ****         if (closed) return -1;
 352              		.loc 3 13 27 discriminator 1
 353 015c 130101FF 		addi	sp,sp,-16
 354              		.cfi_def_cfa_offset 16
 355 0160 23341100 		sd	ra,8(sp)
 356 0164 23308100 		sd	s0,0(sp)
 357              		.cfi_offset 1, -8
 358              		.cfi_offset 8, -16
 359 0168 13040101 		addi	s0,sp,16
 360              		.cfi_def_cfa 8, 0
  16:src/Semaphore.cpp **** 
 361              		.loc 3 16 24 is_stmt 1 discriminator 1
  16:src/Semaphore.cpp **** 
 362              		.loc 3 16 29 is_stmt 0 discriminator 1
 363 016c 97000000 		call	_ZN3ABI9Semaphore5blockEv
 363      E7800000 
 364              	.LVL30:
  18:src/Semaphore.cpp ****     }
 365              		.loc 3 18 16 discriminator 1
 366 0174 13050000 		li	a0,0
  19:src/Semaphore.cpp **** 
 367              		.loc 3 19 5 discriminator 1
 368 0178 83308100 		ld	ra,8(sp)
 369              		.cfi_restore 1
 370 017c 03340100 		ld	s0,0(sp)
 371              		.cfi_restore 8
 372              		.cfi_def_cfa 2, 16
 373 0180 13010101 		addi	sp,sp,16
 374              		.cfi_def_cfa_offset 0
 375 0184 67800000 		jr	ra
 376              	.LVL31:
 377              	.L15:
  14:src/Semaphore.cpp **** 
 378              		.loc 3 14 29
GAS LISTING /tmp/ccPuFhSa.s 			page 12


 379 0188 1305F0FF 		li	a0,-1
 380              	.LVL32:
 381 018c 67800000 		ret
 382              		.cfi_endproc
 383              	.LFE36:
 385              		.align	2
 386              		.globl	_ZN3ABI9Semaphore7unblockEv
 388              	_ZN3ABI9Semaphore7unblockEv:
 389              	.LFB40:
  44:src/Semaphore.cpp **** 
  45:src/Semaphore.cpp ****     void Semaphore::unblock() {
 390              		.loc 3 45 31 is_stmt 1
 391              		.cfi_startproc
 392              	.LVL33:
 393 0190 130101FE 		addi	sp,sp,-32
 394              		.cfi_def_cfa_offset 32
 395 0194 233C1100 		sd	ra,24(sp)
 396 0198 23388100 		sd	s0,16(sp)
 397 019c 23349100 		sd	s1,8(sp)
 398              		.cfi_offset 1, -8
 399              		.cfi_offset 8, -16
 400              		.cfi_offset 9, -24
 401 01a0 13040102 		addi	s0,sp,32
 402              		.cfi_def_cfa 8, 0
 403 01a4 93070500 		mv	a5,a0
  46:src/Semaphore.cpp ****         TCB *thread = blocked.removeFirst();
 404              		.loc 3 46 9
 405              	.LVL34:
 406              	.LBB92:
 407              	.LBB93:
  46:src/../h/list.hpp ****         }
  47:src/../h/list.hpp ****     }
  48:src/../h/list.hpp **** 
  49:src/../h/list.hpp ****     T *removeFirst()
  50:src/../h/list.hpp ****     {
  51:src/../h/list.hpp ****         if (!head) { return 0; }
 408              		.loc 4 51 14 is_stmt 0
 409 01a8 03358501 		ld	a0,24(a0)
 410              	.LVL35:
 411              		.loc 4 51 9
 412 01ac 63040504 		beqz	a0,.L25
 413              	.LVL36:
  52:src/../h/list.hpp **** 
  53:src/../h/list.hpp ****         Elem *elem = head;
  54:src/../h/list.hpp ****         head = head->next;
 414              		.loc 4 54 22
 415 01b0 03378500 		ld	a4,8(a0)
 416              		.loc 4 54 9
 417 01b4 23BCE700 		sd	a4,24(a5)
  55:src/../h/list.hpp ****         if (!head) { tail = 0; }
 418              		.loc 4 55 9
 419 01b8 630A0702 		beqz	a4,.L27
 420              	.L24:
  56:src/../h/list.hpp **** 
  57:src/../h/list.hpp ****         T *ret = elem->data;
 421              		.loc 4 57 12
 422 01bc 83340500 		ld	s1,0(a0)
GAS LISTING /tmp/ccPuFhSa.s 			page 13


 423              	.LVL37:
  58:src/../h/list.hpp ****         delete elem;
 424              		.loc 4 58 9
 425 01c0 97000000 		call	_ZdlPv@plt
 425      E7800000 
 426              	.LVL38:
 427              	.L23:
 428              	.LBE93:
 429              	.LBE92:
  47:src/Semaphore.cpp ****         thread->setBlocked(false);
 430              		.loc 3 47 9 is_stmt 1
 431              	.LBB95:
 432              	.LBB96:
 433              		.loc 5 29 35
 434              		.loc 5 29 43 is_stmt 0
 435 01c8 A3800402 		sb	zero,33(s1)
 436              	.LVL39:
 437              	.LBE96:
 438              	.LBE95:
  48:src/Semaphore.cpp ****         Scheduler::put(thread);
 439              		.loc 3 48 9 is_stmt 1
 440              		.loc 3 48 23 is_stmt 0
 441 01cc 13850400 		mv	a0,s1
 442 01d0 97000000 		call	_ZN9Scheduler3putEP3TCB@plt
 442      E7800000 
 443              	.LVL40:
  49:src/Semaphore.cpp ****     }
 444              		.loc 3 49 5
 445 01d8 83308101 		ld	ra,24(sp)
 446              		.cfi_remember_state
 447              		.cfi_restore 1
 448 01dc 03340101 		ld	s0,16(sp)
 449              		.cfi_restore 8
 450              		.cfi_def_cfa 2, 32
 451 01e0 83348100 		ld	s1,8(sp)
 452              		.cfi_restore 9
 453              	.LVL41:
 454 01e4 13010102 		addi	sp,sp,32
 455              		.cfi_def_cfa_offset 0
 456 01e8 67800000 		jr	ra
 457              	.LVL42:
 458              	.L27:
 459              		.cfi_restore_state
 460              	.LBB97:
 461              	.LBB94:
  55:src/../h/list.hpp **** 
 462              		.loc 4 55 22
 463 01ec 23B00702 		sd	zero,32(a5)
 464 01f0 6FF0DFFC 		j	.L24
 465              	.LVL43:
 466              	.L25:
  51:src/../h/list.hpp **** 
 467              		.loc 4 51 29
 468 01f4 93040500 		mv	s1,a0
 469 01f8 6FF01FFD 		j	.L23
 470              	.LBE94:
 471              	.LBE97:
GAS LISTING /tmp/ccPuFhSa.s 			page 14


 472              		.cfi_endproc
 473              	.LFE40:
 475              		.align	2
 476              		.globl	_ZN3ABI9Semaphore6signalEv
 478              	_ZN3ABI9Semaphore6signalEv:
 479              	.LFB37:
  21:src/Semaphore.cpp ****         if (closed) return -1;
 480              		.loc 3 21 29 is_stmt 1
 481              		.cfi_startproc
 482              	.LVL44:
  22:src/Semaphore.cpp **** 
 483              		.loc 3 22 9
  22:src/Semaphore.cpp **** 
 484              		.loc 3 22 13 is_stmt 0
 485 01fc 83470501 		lbu	a5,16(a0)
  22:src/Semaphore.cpp **** 
 486              		.loc 3 22 9
 487 0200 63940704 		bnez	a5,.L30
  24:src/Semaphore.cpp **** 
 488              		.loc 3 24 9 is_stmt 1
  24:src/Semaphore.cpp **** 
 489              		.loc 3 24 15 is_stmt 0
 490 0204 83378500 		ld	a5,8(a0)
  24:src/Semaphore.cpp **** 
 491              		.loc 3 24 13
 492 0208 93871700 		addi	a5,a5,1
  24:src/Semaphore.cpp **** 
 493              		.loc 3 24 19
 494 020c 2334F500 		sd	a5,8(a0)
  24:src/Semaphore.cpp **** 
 495              		.loc 3 24 9
 496 0210 6356F000 		blez	a5,.L36
  26:src/Semaphore.cpp ****     }
 497              		.loc 3 26 16
 498 0214 13050000 		li	a0,0
 499              	.LVL45:
  27:src/Semaphore.cpp **** 
 500              		.loc 3 27 5
 501 0218 67800000 		ret
 502              	.LVL46:
 503              	.L36:
  21:src/Semaphore.cpp ****         if (closed) return -1;
 504              		.loc 3 21 29 discriminator 1
 505 021c 130101FF 		addi	sp,sp,-16
 506              		.cfi_def_cfa_offset 16
 507 0220 23341100 		sd	ra,8(sp)
 508 0224 23308100 		sd	s0,0(sp)
 509              		.cfi_offset 1, -8
 510              		.cfi_offset 8, -16
 511 0228 13040101 		addi	s0,sp,16
 512              		.cfi_def_cfa 8, 0
  24:src/Semaphore.cpp **** 
 513              		.loc 3 24 25 is_stmt 1 discriminator 1
  24:src/Semaphore.cpp **** 
 514              		.loc 3 24 32 is_stmt 0 discriminator 1
 515 022c 97000000 		call	_ZN3ABI9Semaphore7unblockEv
 515      E7800000 
GAS LISTING /tmp/ccPuFhSa.s 			page 15


 516              	.LVL47:
  26:src/Semaphore.cpp ****     }
 517              		.loc 3 26 16 discriminator 1
 518 0234 13050000 		li	a0,0
  27:src/Semaphore.cpp **** 
 519              		.loc 3 27 5 discriminator 1
 520 0238 83308100 		ld	ra,8(sp)
 521              		.cfi_restore 1
 522 023c 03340100 		ld	s0,0(sp)
 523              		.cfi_restore 8
 524              		.cfi_def_cfa 2, 16
 525 0240 13010101 		addi	sp,sp,16
 526              		.cfi_def_cfa_offset 0
 527 0244 67800000 		jr	ra
 528              	.LVL48:
 529              	.L30:
  22:src/Semaphore.cpp **** 
 530              		.loc 3 22 29
 531 0248 1305F0FF 		li	a0,-1
 532              	.LVL49:
 533 024c 67800000 		ret
 534              		.cfi_endproc
 535              	.LFE37:
 537              		.align	2
 538              		.globl	_ZN3ABI9Semaphore5closeEv
 540              	_ZN3ABI9Semaphore5closeEv:
 541              	.LFB38:
  29:src/Semaphore.cpp ****         if (closed) return -1;
 542              		.loc 3 29 28 is_stmt 1
 543              		.cfi_startproc
 544              	.LVL50:
  30:src/Semaphore.cpp **** 
 545              		.loc 3 30 9
  30:src/Semaphore.cpp **** 
 546              		.loc 3 30 13 is_stmt 0
 547 0250 83470501 		lbu	a5,16(a0)
  30:src/Semaphore.cpp **** 
 548              		.loc 3 30 9
 549 0254 639A0704 		bnez	a5,.L40
  29:src/Semaphore.cpp ****         if (closed) return -1;
 550              		.loc 3 29 28
 551 0258 130101FE 		addi	sp,sp,-32
 552              		.cfi_def_cfa_offset 32
 553 025c 233C1100 		sd	ra,24(sp)
 554 0260 23388100 		sd	s0,16(sp)
 555 0264 23349100 		sd	s1,8(sp)
 556              		.cfi_offset 1, -8
 557              		.cfi_offset 8, -16
 558              		.cfi_offset 9, -24
 559 0268 13040102 		addi	s0,sp,32
 560              		.cfi_def_cfa 8, 0
 561 026c 93040500 		mv	s1,a0
  32:src/Semaphore.cpp **** 
 562              		.loc 3 32 9 is_stmt 1
  32:src/Semaphore.cpp **** 
 563              		.loc 3 32 16 is_stmt 0
 564 0270 93071000 		li	a5,1
GAS LISTING /tmp/ccPuFhSa.s 			page 16


 565 0274 2308F500 		sb	a5,16(a0)
 566 0278 6F000001 		j	.L39
 567              	.LVL51:
 568              	.L46:
  34:src/Semaphore.cpp **** 
 569              		.loc 3 34 34 is_stmt 1 discriminator 1
  34:src/Semaphore.cpp **** 
 570              		.loc 3 34 41 is_stmt 0 discriminator 1
 571 027c 13850400 		mv	a0,s1
 572 0280 97000000 		call	_ZN3ABI9Semaphore7unblockEv
 572      E7800000 
 573              	.LVL52:
 574              	.L39:
  34:src/Semaphore.cpp **** 
 575              		.loc 3 34 9 is_stmt 1 discriminator 2
  34:src/Semaphore.cpp **** 
 576              		.loc 3 34 16 discriminator 2
 577              	.LBB98:
 578              	.LBB99:
  59:src/../h/list.hpp ****         return ret;
  60:src/../h/list.hpp ****     }
  61:src/../h/list.hpp **** 
  62:src/../h/list.hpp ****     T *peekFirst()
  63:src/../h/list.hpp ****     {
  64:src/../h/list.hpp ****         if (!head) { return 0; }
  65:src/../h/list.hpp ****         return head->data;
  66:src/../h/list.hpp ****     }
  67:src/../h/list.hpp **** 
  68:src/../h/list.hpp ****     T *removeLast()
  69:src/../h/list.hpp ****     {
  70:src/../h/list.hpp ****         if (!head) { return 0; }
  71:src/../h/list.hpp **** 
  72:src/../h/list.hpp ****         Elem *prev = 0;
  73:src/../h/list.hpp ****         for (Elem *curr = head; curr && curr != tail; curr = curr->next)
  74:src/../h/list.hpp ****         {
  75:src/../h/list.hpp ****             prev = curr;
  76:src/../h/list.hpp ****         }
  77:src/../h/list.hpp **** 
  78:src/../h/list.hpp ****         Elem *elem = tail;
  79:src/../h/list.hpp ****         if (prev) { prev->next = 0; }
  80:src/../h/list.hpp ****         else { head = 0; }
  81:src/../h/list.hpp ****         tail = prev;
  82:src/../h/list.hpp **** 
  83:src/../h/list.hpp ****         T *ret = elem->data;
  84:src/../h/list.hpp ****         delete elem;
  85:src/../h/list.hpp ****         return ret;
  86:src/../h/list.hpp ****     }
  87:src/../h/list.hpp **** 
  88:src/../h/list.hpp ****     T *peekLast()
  89:src/../h/list.hpp ****     {
  90:src/../h/list.hpp ****         if (!tail) { return 0; }
  91:src/../h/list.hpp ****         return tail->data;
  92:src/../h/list.hpp ****     }
  93:src/../h/list.hpp **** 
  94:src/../h/list.hpp ****     bool empty() { return head == nullptr; }
 579              		.loc 4 94 27 is_stmt 0 discriminator 2
 580 0288 83B78401 		ld	a5,24(s1)
GAS LISTING /tmp/ccPuFhSa.s 			page 17


 581              	.LVL53:
 582              	.LBE99:
 583              	.LBE98:
  34:src/Semaphore.cpp **** 
 584              		.loc 3 34 16 discriminator 2
 585 028c E39807FE 		bnez	a5,.L46
  36:src/Semaphore.cpp ****     }
 586              		.loc 3 36 16
 587 0290 13050000 		li	a0,0
  37:src/Semaphore.cpp **** 
 588              		.loc 3 37 5
 589 0294 83308101 		ld	ra,24(sp)
 590              		.cfi_restore 1
 591 0298 03340101 		ld	s0,16(sp)
 592              		.cfi_restore 8
 593              		.cfi_def_cfa 2, 32
 594 029c 83348100 		ld	s1,8(sp)
 595              		.cfi_restore 9
 596              	.LVL54:
 597 02a0 13010102 		addi	sp,sp,32
 598              		.cfi_def_cfa_offset 0
 599 02a4 67800000 		jr	ra
 600              	.LVL55:
 601              	.L40:
  30:src/Semaphore.cpp **** 
 602              		.loc 3 30 29
 603 02a8 1305F0FF 		li	a0,-1
 604              	.LVL56:
  37:src/Semaphore.cpp **** 
 605              		.loc 3 37 5
 606 02ac 67800000 		ret
 607              		.cfi_endproc
 608              	.LFE38:
 610              		.weak	_ZTVN3ABI9SemaphoreE
 611              		.section	.data.rel.ro.local._ZTVN3ABI9SemaphoreE,"awG",@progbits,_ZTVN3ABI9SemaphoreE,comdat
 612              		.align	3
 615              	_ZTVN3ABI9SemaphoreE:
 616 0000 00000000 		.dword	0
 616      00000000 
 617 0008 00000000 		.dword	0
 617      00000000 
 618 0010 00000000 		.dword	_ZN3ABI9SemaphoreD1Ev
 618      00000000 
 619 0018 00000000 		.dword	_ZN3ABI9SemaphoreD0Ev
 619      00000000 
 620              		.weak	_ZGVZN15MemoryAllocator8InstanceEvE15memoryAllocator
 621              		.section	.bss._ZGVZN15MemoryAllocator8InstanceEvE15memoryAllocator,"awG",@nobits,_ZGVZN15MemoryAll
 622              		.align	3
 625              	_ZGVZN15MemoryAllocator8InstanceEvE15memoryAllocator:
 626 0000 00000000 		.zero	8
 626      00000000 
 627              		.weak	_ZZN15MemoryAllocator8InstanceEvE15memoryAllocator
 628              		.section	.bss._ZZN15MemoryAllocator8InstanceEvE15memoryAllocator,"awG",@nobits,_ZZN15MemoryAllocat
 629              		.align	3
 632              	_ZZN15MemoryAllocator8InstanceEvE15memoryAllocator:
 633 0000 00000000 		.zero	16
 633      00000000 
GAS LISTING /tmp/ccPuFhSa.s 			page 18


 633      00000000 
 633      00000000 
 634              		.text
 635              	.Letext0:
 636              		.file 6 "src/../h/../lib/hw.h"
 637              		.file 7 "src/../h/scheduler.hpp"
GAS LISTING /tmp/ccPuFhSa.s 			page 19


DEFINED SYMBOLS
                            *ABS*:0000000000000000 Semaphore.cpp
     /tmp/ccPuFhSa.s:10     .text._ZN3ABI9SemaphoreD2Ev:0000000000000000 _ZN3ABI9SemaphoreD2Ev
     /tmp/ccPuFhSa.s:14     .text._ZN3ABI9SemaphoreD2Ev:0000000000000000 .L0 
     /tmp/ccPuFhSa.s:16     .text._ZN3ABI9SemaphoreD2Ev:0000000000000000 .L0 
     /tmp/ccPuFhSa.s:17     .text._ZN3ABI9SemaphoreD2Ev:0000000000000004 .L0 
     /tmp/ccPuFhSa.s:19     .text._ZN3ABI9SemaphoreD2Ev:0000000000000008 .L0 
     /tmp/ccPuFhSa.s:21     .text._ZN3ABI9SemaphoreD2Ev:000000000000000c .L0 
     /tmp/ccPuFhSa.s:23     .text._ZN3ABI9SemaphoreD2Ev:000000000000000c .L0 
     /tmp/ccPuFhSa.s:24     .text._ZN3ABI9SemaphoreD2Ev:0000000000000010 .L0 
     /tmp/ccPuFhSa.s:25     .text._ZN3ABI9SemaphoreD2Ev:0000000000000010 .L0 
     /tmp/ccPuFhSa.s:27     .text._ZN3ABI9SemaphoreD2Ev:0000000000000014 .L0 
     /tmp/ccPuFhSa.s:29     .text._ZN3ABI9SemaphoreD2Ev:0000000000000018 .L0 
     /tmp/ccPuFhSa.s:10     .text._ZN3ABI9SemaphoreD2Ev:0000000000000000 _ZN3ABI9SemaphoreD1Ev
     /tmp/ccPuFhSa.s:38     .text._ZN3ABI9SemaphoreD0Ev:0000000000000000 _ZN3ABI9SemaphoreD0Ev
     /tmp/ccPuFhSa.s:41     .text._ZN3ABI9SemaphoreD0Ev:0000000000000000 .L0 
     /tmp/ccPuFhSa.s:43     .text._ZN3ABI9SemaphoreD0Ev:0000000000000000 .L0 
     /tmp/ccPuFhSa.s:44     .text._ZN3ABI9SemaphoreD0Ev:0000000000000004 .L0 
     /tmp/ccPuFhSa.s:47     .text._ZN3ABI9SemaphoreD0Ev:000000000000000c .L0 
     /tmp/ccPuFhSa.s:48     .text._ZN3ABI9SemaphoreD0Ev:000000000000000c .L0 
     /tmp/ccPuFhSa.s:50     .text._ZN3ABI9SemaphoreD0Ev:0000000000000010 .L0 
     /tmp/ccPuFhSa.s:59     .text._ZN3ABI9SemaphoreD0Ev:0000000000000014 .L0 
     /tmp/ccPuFhSa.s:60     .text._ZN3ABI9SemaphoreD0Ev:0000000000000014 .L0 
     /tmp/ccPuFhSa.s:625    .bss._ZGVZN15MemoryAllocator8InstanceEvE15memoryAllocator:0000000000000000 _ZGVZN15MemoryAllocator8InstanceEvE15memoryAllocator
     /tmp/ccPuFhSa.s:61     .text._ZN3ABI9SemaphoreD0Ev:0000000000000014 .L0 
     /tmp/ccPuFhSa.s:68     .text._ZN3ABI9SemaphoreD0Ev:0000000000000020 .L0 
     /tmp/ccPuFhSa.s:632    .bss._ZZN15MemoryAllocator8InstanceEvE15memoryAllocator:0000000000000000 _ZZN15MemoryAllocator8InstanceEvE15memoryAllocator
     /tmp/ccPuFhSa.s:74     .text._ZN3ABI9SemaphoreD0Ev:000000000000003c .L0 
     /tmp/ccPuFhSa.s:75     .text._ZN3ABI9SemaphoreD0Ev:000000000000003c .L0 
     /tmp/ccPuFhSa.s:79     .text._ZN3ABI9SemaphoreD0Ev:000000000000004c .L0 
     /tmp/ccPuFhSa.s:81     .text._ZN3ABI9SemaphoreD0Ev:0000000000000050 .L0 
     /tmp/ccPuFhSa.s:82     .text._ZN3ABI9SemaphoreD0Ev:0000000000000050 .L0 
     /tmp/ccPuFhSa.s:88     .text._ZN3ABI9SemaphoreD0Ev:0000000000000054 .L0 
     /tmp/ccPuFhSa.s:94     .text._ZN3ABI9SemaphoreD0Ev:0000000000000060 .L0 
     /tmp/ccPuFhSa.s:95     .text._ZN3ABI9SemaphoreD0Ev:0000000000000060 .L0 
     /tmp/ccPuFhSa.s:102    .text._ZN3ABI9SemaphoreD0Ev:0000000000000070 .L0 
     /tmp/ccPuFhSa.s:103    .text._ZN3ABI9SemaphoreD0Ev:0000000000000074 .L0 
     /tmp/ccPuFhSa.s:105    .text._ZN3ABI9SemaphoreD0Ev:0000000000000078 .L0 
     /tmp/ccPuFhSa.s:106    .text._ZN3ABI9SemaphoreD0Ev:0000000000000078 .L0 
     /tmp/ccPuFhSa.s:108    .text._ZN3ABI9SemaphoreD0Ev:000000000000007c .L0 
     /tmp/ccPuFhSa.s:110    .text._ZN3ABI9SemaphoreD0Ev:0000000000000080 .L0 
     /tmp/ccPuFhSa.s:117    .text:0000000000000000 _ZN3ABI9Semaphore15createSemaphoreEj
     /tmp/ccPuFhSa.s:121    .text:0000000000000000 .L0 
     /tmp/ccPuFhSa.s:123    .text:0000000000000000 .L0 
     /tmp/ccPuFhSa.s:124    .text:0000000000000004 .L0 
     /tmp/ccPuFhSa.s:128    .text:0000000000000010 .L0 
     /tmp/ccPuFhSa.s:129    .text:0000000000000010 .L0 
     /tmp/ccPuFhSa.s:130    .text:0000000000000010 .L0 
     /tmp/ccPuFhSa.s:132    .text:0000000000000014 .L0 
     /tmp/ccPuFhSa.s:138    .text:0000000000000018 .L0 
     /tmp/ccPuFhSa.s:141    .text:0000000000000018 .L0 
     /tmp/ccPuFhSa.s:142    .text:0000000000000018 .L0 
     /tmp/ccPuFhSa.s:143    .text:0000000000000018 .L0 
     /tmp/ccPuFhSa.s:150    .text:0000000000000024 .L0 
     /tmp/ccPuFhSa.s:156    .text:0000000000000040 .L0 
     /tmp/ccPuFhSa.s:157    .text:0000000000000040 .L0 
     /tmp/ccPuFhSa.s:161    .text:0000000000000050 .L0 
GAS LISTING /tmp/ccPuFhSa.s 			page 20


     /tmp/ccPuFhSa.s:163    .text:0000000000000054 .L0 
     /tmp/ccPuFhSa.s:164    .text:0000000000000054 .L0 
     /tmp/ccPuFhSa.s:170    .text:0000000000000058 .L0 
     /tmp/ccPuFhSa.s:176    .text:0000000000000064 .L0 
     /tmp/ccPuFhSa.s:177    .text:0000000000000064 .L0 
     /tmp/ccPuFhSa.s:615    .data.rel.ro.local._ZTVN3ABI9SemaphoreE:0000000000000000 _ZTVN3ABI9SemaphoreE
     /tmp/ccPuFhSa.s:187    .text:0000000000000078 .L0 
     /tmp/ccPuFhSa.s:190    .text:0000000000000084 .L0 
     /tmp/ccPuFhSa.s:194    .text:000000000000008c .L0 
     /tmp/ccPuFhSa.s:201    .text:0000000000000094 .L0 
     /tmp/ccPuFhSa.s:209    .text:000000000000009c .L0 
     /tmp/ccPuFhSa.s:210    .text:00000000000000a0 .L0 
     /tmp/ccPuFhSa.s:212    .text:00000000000000a4 .L0 
     /tmp/ccPuFhSa.s:213    .text:00000000000000a4 .L0 
     /tmp/ccPuFhSa.s:215    .text:00000000000000a8 .L0 
     /tmp/ccPuFhSa.s:217    .text:00000000000000ac .L0 
     /tmp/ccPuFhSa.s:219    .text:00000000000000b0 .L0 
     /tmp/ccPuFhSa.s:225    .text:00000000000000b0 _ZN3ABI9Semaphore5blockEv
     /tmp/ccPuFhSa.s:228    .text:00000000000000b0 .L0 
     /tmp/ccPuFhSa.s:230    .text:00000000000000b0 .L0 
     /tmp/ccPuFhSa.s:231    .text:00000000000000b4 .L0 
     /tmp/ccPuFhSa.s:236    .text:00000000000000c4 .L0 
     /tmp/ccPuFhSa.s:237    .text:00000000000000c4 .L0 
     /tmp/ccPuFhSa.s:238    .text:00000000000000c4 .L0 
     /tmp/ccPuFhSa.s:239    .text:00000000000000c4 .L0 
     /tmp/ccPuFhSa.s:241    .text:00000000000000c8 .L0 
     /tmp/ccPuFhSa.s:244    .text:00000000000000cc .L0 
     /tmp/ccPuFhSa.s:245    .text:00000000000000cc .L0 
     /tmp/ccPuFhSa.s:251    .text:00000000000000d8 .L0 
     /tmp/ccPuFhSa.s:258    .text:00000000000000e4 .L0 
     /tmp/ccPuFhSa.s:264    .text:00000000000000ec .L0 
     /tmp/ccPuFhSa.s:266    .text:00000000000000f0 .L0 
     /tmp/ccPuFhSa.s:268    .text:00000000000000f4 .L0 
     /tmp/ccPuFhSa.s:270    .text:00000000000000f8 .L0 
     /tmp/ccPuFhSa.s:276    .text:00000000000000fc .L0 
     /tmp/ccPuFhSa.s:277    .text:00000000000000fc .L0 
     /tmp/ccPuFhSa.s:284    .text:0000000000000108 .L0 
     /tmp/ccPuFhSa.s:285    .text:0000000000000108 .L0 
     /tmp/ccPuFhSa.s:291    .text:0000000000000110 .L0 
     /tmp/ccPuFhSa.s:292    .text:0000000000000110 .L0 
     /tmp/ccPuFhSa.s:295    .text:0000000000000118 .L0 
     /tmp/ccPuFhSa.s:296    .text:000000000000011c .L0 
     /tmp/ccPuFhSa.s:297    .text:000000000000011c .L0 
     /tmp/ccPuFhSa.s:299    .text:0000000000000120 .L0 
     /tmp/ccPuFhSa.s:300    .text:0000000000000120 .L0 
     /tmp/ccPuFhSa.s:302    .text:0000000000000124 .L0 
     /tmp/ccPuFhSa.s:305    .text:0000000000000128 .L0 
     /tmp/ccPuFhSa.s:307    .text:000000000000012c .L0 
     /tmp/ccPuFhSa.s:311    .text:0000000000000130 .L0 
     /tmp/ccPuFhSa.s:315    .text:0000000000000130 .L0 
     /tmp/ccPuFhSa.s:320    .text:000000000000013c .L0 
     /tmp/ccPuFhSa.s:326    .text:000000000000013c _ZN3ABI9Semaphore4waitEv
     /tmp/ccPuFhSa.s:329    .text:000000000000013c .L0 
     /tmp/ccPuFhSa.s:331    .text:000000000000013c .L0 
     /tmp/ccPuFhSa.s:332    .text:000000000000013c .L0 
     /tmp/ccPuFhSa.s:333    .text:000000000000013c .L0 
     /tmp/ccPuFhSa.s:335    .text:0000000000000140 .L0 
GAS LISTING /tmp/ccPuFhSa.s 			page 21


     /tmp/ccPuFhSa.s:337    .text:0000000000000144 .L0 
     /tmp/ccPuFhSa.s:338    .text:0000000000000144 .L0 
     /tmp/ccPuFhSa.s:340    .text:0000000000000148 .L0 
     /tmp/ccPuFhSa.s:342    .text:000000000000014c .L0 
     /tmp/ccPuFhSa.s:344    .text:0000000000000150 .L0 
     /tmp/ccPuFhSa.s:346    .text:0000000000000154 .L0 
     /tmp/ccPuFhSa.s:349    .text:0000000000000158 .L0 
     /tmp/ccPuFhSa.s:353    .text:000000000000015c .L0 
     /tmp/ccPuFhSa.s:354    .text:0000000000000160 .L0 
     /tmp/ccPuFhSa.s:357    .text:0000000000000168 .L0 
     /tmp/ccPuFhSa.s:358    .text:0000000000000168 .L0 
     /tmp/ccPuFhSa.s:360    .text:000000000000016c .L0 
     /tmp/ccPuFhSa.s:362    .text:000000000000016c .L0 
     /tmp/ccPuFhSa.s:363    .text:000000000000016c .L0 
     /tmp/ccPuFhSa.s:366    .text:0000000000000174 .L0 
     /tmp/ccPuFhSa.s:368    .text:0000000000000178 .L0 
     /tmp/ccPuFhSa.s:369    .text:000000000000017c .L0 
     /tmp/ccPuFhSa.s:371    .text:0000000000000180 .L0 
     /tmp/ccPuFhSa.s:372    .text:0000000000000180 .L0 
     /tmp/ccPuFhSa.s:374    .text:0000000000000184 .L0 
     /tmp/ccPuFhSa.s:379    .text:0000000000000188 .L0 
     /tmp/ccPuFhSa.s:382    .text:0000000000000190 .L0 
     /tmp/ccPuFhSa.s:388    .text:0000000000000190 _ZN3ABI9Semaphore7unblockEv
     /tmp/ccPuFhSa.s:391    .text:0000000000000190 .L0 
     /tmp/ccPuFhSa.s:393    .text:0000000000000190 .L0 
     /tmp/ccPuFhSa.s:394    .text:0000000000000194 .L0 
     /tmp/ccPuFhSa.s:398    .text:00000000000001a0 .L0 
     /tmp/ccPuFhSa.s:399    .text:00000000000001a0 .L0 
     /tmp/ccPuFhSa.s:400    .text:00000000000001a0 .L0 
     /tmp/ccPuFhSa.s:402    .text:00000000000001a4 .L0 
     /tmp/ccPuFhSa.s:408    .text:00000000000001a8 .L0 
     /tmp/ccPuFhSa.s:409    .text:00000000000001a8 .L0 
     /tmp/ccPuFhSa.s:412    .text:00000000000001ac .L0 
     /tmp/ccPuFhSa.s:415    .text:00000000000001b0 .L0 
     /tmp/ccPuFhSa.s:417    .text:00000000000001b4 .L0 
     /tmp/ccPuFhSa.s:419    .text:00000000000001b8 .L0 
     /tmp/ccPuFhSa.s:422    .text:00000000000001bc .L0 
     /tmp/ccPuFhSa.s:425    .text:00000000000001c0 .L0 
     /tmp/ccPuFhSa.s:433    .text:00000000000001c8 .L0 
     /tmp/ccPuFhSa.s:434    .text:00000000000001c8 .L0 
     /tmp/ccPuFhSa.s:435    .text:00000000000001c8 .L0 
     /tmp/ccPuFhSa.s:440    .text:00000000000001cc .L0 
     /tmp/ccPuFhSa.s:441    .text:00000000000001cc .L0 
     /tmp/ccPuFhSa.s:445    .text:00000000000001d8 .L0 
     /tmp/ccPuFhSa.s:446    .text:00000000000001dc .L0 
     /tmp/ccPuFhSa.s:447    .text:00000000000001dc .L0 
     /tmp/ccPuFhSa.s:449    .text:00000000000001e0 .L0 
     /tmp/ccPuFhSa.s:450    .text:00000000000001e0 .L0 
     /tmp/ccPuFhSa.s:452    .text:00000000000001e4 .L0 
     /tmp/ccPuFhSa.s:455    .text:00000000000001e8 .L0 
     /tmp/ccPuFhSa.s:459    .text:00000000000001ec .L0 
     /tmp/ccPuFhSa.s:463    .text:00000000000001ec .L0 
     /tmp/ccPuFhSa.s:468    .text:00000000000001f4 .L0 
     /tmp/ccPuFhSa.s:472    .text:00000000000001fc .L0 
     /tmp/ccPuFhSa.s:478    .text:00000000000001fc _ZN3ABI9Semaphore6signalEv
     /tmp/ccPuFhSa.s:481    .text:00000000000001fc .L0 
     /tmp/ccPuFhSa.s:483    .text:00000000000001fc .L0 
GAS LISTING /tmp/ccPuFhSa.s 			page 22


     /tmp/ccPuFhSa.s:484    .text:00000000000001fc .L0 
     /tmp/ccPuFhSa.s:485    .text:00000000000001fc .L0 
     /tmp/ccPuFhSa.s:487    .text:0000000000000200 .L0 
     /tmp/ccPuFhSa.s:489    .text:0000000000000204 .L0 
     /tmp/ccPuFhSa.s:490    .text:0000000000000204 .L0 
     /tmp/ccPuFhSa.s:492    .text:0000000000000208 .L0 
     /tmp/ccPuFhSa.s:494    .text:000000000000020c .L0 
     /tmp/ccPuFhSa.s:496    .text:0000000000000210 .L0 
     /tmp/ccPuFhSa.s:498    .text:0000000000000214 .L0 
     /tmp/ccPuFhSa.s:501    .text:0000000000000218 .L0 
     /tmp/ccPuFhSa.s:505    .text:000000000000021c .L0 
     /tmp/ccPuFhSa.s:506    .text:0000000000000220 .L0 
     /tmp/ccPuFhSa.s:509    .text:0000000000000228 .L0 
     /tmp/ccPuFhSa.s:510    .text:0000000000000228 .L0 
     /tmp/ccPuFhSa.s:512    .text:000000000000022c .L0 
     /tmp/ccPuFhSa.s:514    .text:000000000000022c .L0 
     /tmp/ccPuFhSa.s:515    .text:000000000000022c .L0 
     /tmp/ccPuFhSa.s:518    .text:0000000000000234 .L0 
     /tmp/ccPuFhSa.s:520    .text:0000000000000238 .L0 
     /tmp/ccPuFhSa.s:521    .text:000000000000023c .L0 
     /tmp/ccPuFhSa.s:523    .text:0000000000000240 .L0 
     /tmp/ccPuFhSa.s:524    .text:0000000000000240 .L0 
     /tmp/ccPuFhSa.s:526    .text:0000000000000244 .L0 
     /tmp/ccPuFhSa.s:531    .text:0000000000000248 .L0 
     /tmp/ccPuFhSa.s:534    .text:0000000000000250 .L0 
     /tmp/ccPuFhSa.s:540    .text:0000000000000250 _ZN3ABI9Semaphore5closeEv
     /tmp/ccPuFhSa.s:543    .text:0000000000000250 .L0 
     /tmp/ccPuFhSa.s:545    .text:0000000000000250 .L0 
     /tmp/ccPuFhSa.s:546    .text:0000000000000250 .L0 
     /tmp/ccPuFhSa.s:547    .text:0000000000000250 .L0 
     /tmp/ccPuFhSa.s:549    .text:0000000000000254 .L0 
     /tmp/ccPuFhSa.s:551    .text:0000000000000258 .L0 
     /tmp/ccPuFhSa.s:552    .text:000000000000025c .L0 
     /tmp/ccPuFhSa.s:556    .text:0000000000000268 .L0 
     /tmp/ccPuFhSa.s:557    .text:0000000000000268 .L0 
     /tmp/ccPuFhSa.s:558    .text:0000000000000268 .L0 
     /tmp/ccPuFhSa.s:560    .text:000000000000026c .L0 
     /tmp/ccPuFhSa.s:563    .text:0000000000000270 .L0 
     /tmp/ccPuFhSa.s:564    .text:0000000000000270 .L0 
     /tmp/ccPuFhSa.s:570    .text:000000000000027c .L0 
     /tmp/ccPuFhSa.s:571    .text:000000000000027c .L0 
     /tmp/ccPuFhSa.s:576    .text:0000000000000288 .L0 
     /tmp/ccPuFhSa.s:579    .text:0000000000000288 .L0 
     /tmp/ccPuFhSa.s:580    .text:0000000000000288 .L0 
     /tmp/ccPuFhSa.s:585    .text:000000000000028c .L0 
     /tmp/ccPuFhSa.s:587    .text:0000000000000290 .L0 
     /tmp/ccPuFhSa.s:589    .text:0000000000000294 .L0 
     /tmp/ccPuFhSa.s:590    .text:0000000000000298 .L0 
     /tmp/ccPuFhSa.s:592    .text:000000000000029c .L0 
     /tmp/ccPuFhSa.s:593    .text:000000000000029c .L0 
     /tmp/ccPuFhSa.s:595    .text:00000000000002a0 .L0 
     /tmp/ccPuFhSa.s:598    .text:00000000000002a4 .L0 
     /tmp/ccPuFhSa.s:603    .text:00000000000002a8 .L0 
     /tmp/ccPuFhSa.s:606    .text:00000000000002ac .L0 
     /tmp/ccPuFhSa.s:607    .text:00000000000002b0 .L0 
     /tmp/ccPuFhSa.s:34     .text._ZN3ABI9SemaphoreD2Ev:0000000000000018 .L0 
     /tmp/ccPuFhSa.s:113    .text._ZN3ABI9SemaphoreD0Ev:0000000000000080 .L0 
GAS LISTING /tmp/ccPuFhSa.s 			page 23


     /tmp/ccPuFhSa.s:638    .text:00000000000002b0 .L0 
     /tmp/ccPuFhSa.s:143    .text:0000000000000018 .L0 
     /tmp/ccPuFhSa.s:150    .text:0000000000000024 .L0 
     /tmp/ccPuFhSa.s:152    .text:0000000000000030 .L0 
     /tmp/ccPuFhSa.s:157    .text:0000000000000040 .L0 
     /tmp/ccPuFhSa.s:171    .text:000000000000005c .L0 
     /tmp/ccPuFhSa.s:178    .text:0000000000000068 .L0 
     /tmp/ccPuFhSa.s:187    .text:0000000000000078 .L0 
     /tmp/ccPuFhSa.s:245    .text:00000000000000cc .L0 
     /tmp/ccPuFhSa.s:277    .text:00000000000000fc .L0 
     /tmp/ccPuFhSa.s:172    .text:0000000000000064 .L7
     /tmp/ccPuFhSa.s:310    .text:0000000000000130 .L10
     /tmp/ccPuFhSa.s:271    .text:00000000000000fc .L11
     /tmp/ccPuFhSa.s:377    .text:0000000000000188 .L15
     /tmp/ccPuFhSa.s:351    .text:000000000000015c .L21
     /tmp/ccPuFhSa.s:466    .text:00000000000001f4 .L25
     /tmp/ccPuFhSa.s:458    .text:00000000000001ec .L27
     /tmp/ccPuFhSa.s:420    .text:00000000000001bc .L24
     /tmp/ccPuFhSa.s:427    .text:00000000000001c8 .L23
     /tmp/ccPuFhSa.s:529    .text:0000000000000248 .L30
     /tmp/ccPuFhSa.s:503    .text:000000000000021c .L36
     /tmp/ccPuFhSa.s:601    .text:00000000000002a8 .L40
     /tmp/ccPuFhSa.s:574    .text:0000000000000288 .L39
     /tmp/ccPuFhSa.s:568    .text:000000000000027c .L46
     /tmp/ccPuFhSa.s:61     .text._ZN3ABI9SemaphoreD0Ev:0000000000000014 .L0 
     /tmp/ccPuFhSa.s:68     .text._ZN3ABI9SemaphoreD0Ev:0000000000000020 .L0 
     /tmp/ccPuFhSa.s:70     .text._ZN3ABI9SemaphoreD0Ev:000000000000002c .L0 
     /tmp/ccPuFhSa.s:75     .text._ZN3ABI9SemaphoreD0Ev:000000000000003c .L0 
     /tmp/ccPuFhSa.s:89     .text._ZN3ABI9SemaphoreD0Ev:0000000000000058 .L0 
     /tmp/ccPuFhSa.s:95     .text._ZN3ABI9SemaphoreD0Ev:0000000000000060 .L0 
     /tmp/ccPuFhSa.s:90     .text._ZN3ABI9SemaphoreD0Ev:0000000000000060 .L4
     /tmp/ccPuFhSa.s:2284   .debug_abbrev:0000000000000000 .Ldebug_abbrev0
     /tmp/ccPuFhSa.s:4260   .debug_str:000000000000082c .LASF127
     /tmp/ccPuFhSa.s:4104   .debug_str:0000000000000367 .LASF128
     /tmp/ccPuFhSa.s:4238   .debug_str:000000000000076a .LASF129
     /tmp/ccPuFhSa.s:3982   .debug_ranges:0000000000000000 .Ldebug_ranges0
     /tmp/ccPuFhSa.s:4004   .debug_line:0000000000000000 .Ldebug_line0
     /tmp/ccPuFhSa.s:4174   .debug_str:00000000000005b8 .LASF0
     /tmp/ccPuFhSa.s:4192   .debug_str:000000000000063d .LASF1
     /tmp/ccPuFhSa.s:4154   .debug_str:000000000000051b .LASF2
     /tmp/ccPuFhSa.s:4122   .debug_str:0000000000000432 .LASF4
     /tmp/ccPuFhSa.s:4240   .debug_str:000000000000078f .LASF3
     /tmp/ccPuFhSa.s:4026   .debug_str:0000000000000094 .LASF5
     /tmp/ccPuFhSa.s:4196   .debug_str:0000000000000666 .LASF6
     /tmp/ccPuFhSa.s:4172   .debug_str:00000000000005a5 .LASF7
     /tmp/ccPuFhSa.s:4274   .debug_str:000000000000096f .LASF8
     /tmp/ccPuFhSa.s:4100   .debug_str:0000000000000338 .LASF9
     /tmp/ccPuFhSa.s:4210   .debug_str:00000000000006d0 .LASF10
     /tmp/ccPuFhSa.s:4266   .debug_str:0000000000000916 .LASF11
     /tmp/ccPuFhSa.s:4032   .debug_str:00000000000000ae .LASF12
     /tmp/ccPuFhSa.s:4010   .debug_str:0000000000000026 .LASF13
     /tmp/ccPuFhSa.s:4048   .debug_str:0000000000000141 .LASF14
     /tmp/ccPuFhSa.s:4232   .debug_str:0000000000000741 .LASF15
     /tmp/ccPuFhSa.s:4066   .debug_str:000000000000021c .LASF16
     /tmp/ccPuFhSa.s:4148   .debug_str:00000000000004e4 .LASF29
     /tmp/ccPuFhSa.s:4072   .debug_str:000000000000023d .LASF130
     /tmp/ccPuFhSa.s:4302   .debug_str:0000000000000a65 .LASF17
GAS LISTING /tmp/ccPuFhSa.s 			page 24


     /tmp/ccPuFhSa.s:4254   .debug_str:0000000000000818 .LASF18
     /tmp/ccPuFhSa.s:4182   .debug_str:00000000000005ea .LASF90
     /tmp/ccPuFhSa.s:4152   .debug_str:00000000000004fb .LASF131
     /tmp/ccPuFhSa.s:4244   .debug_str:00000000000007bc .LASF19
     /tmp/ccPuFhSa.s:4250   .debug_str:00000000000007e1 .LASF21
     /tmp/ccPuFhSa.s:4214   .debug_str:00000000000006e9 .LASF20
     /tmp/ccPuFhSa.s:4102   .debug_str:0000000000000346 .LASF22
     /tmp/ccPuFhSa.s:4286   .debug_str:00000000000009d8 .LASF23
     /tmp/ccPuFhSa.s:4052   .debug_str:000000000000015d .LASF24
     /tmp/ccPuFhSa.s:4282   .debug_str:00000000000009ad .LASF25
     /tmp/ccPuFhSa.s:4118   .debug_str:00000000000003fa .LASF26
     /tmp/ccPuFhSa.s:4140   .debug_str:00000000000004be .LASF27
     /tmp/ccPuFhSa.s:4030   .debug_str:00000000000000a3 .LASF28
     /tmp/ccPuFhSa.s:4078   .debug_str:000000000000027a .LASF73
     /tmp/ccPuFhSa.s:4086   .debug_str:00000000000002bb .LASF32
     /tmp/ccPuFhSa.s:4096   .debug_str:00000000000002fc .LASF34
     /tmp/ccPuFhSa.s:4142   .debug_str:00000000000004c8 .LASF30
     /tmp/ccPuFhSa.s:4144   .debug_str:00000000000004d2 .LASF33
     /tmp/ccPuFhSa.s:4224   .debug_str:000000000000070d .LASF31
     /tmp/ccPuFhSa.s:4168   .debug_str:000000000000057c .LASF35
     /tmp/ccPuFhSa.s:4070   .debug_str:0000000000000238 .LASF36
     /tmp/ccPuFhSa.s:4162   .debug_str:0000000000000557 .LASF37
     /tmp/ccPuFhSa.s:4120   .debug_str:000000000000042d .LASF38
     /tmp/ccPuFhSa.s:4180   .debug_str:00000000000005d7 .LASF41
     /tmp/ccPuFhSa.s:4228   .debug_str:000000000000071f .LASF39
     /tmp/ccPuFhSa.s:4170   .debug_str:000000000000059b .LASF132
     /tmp/ccPuFhSa.s:4112   .debug_str:00000000000003b3 .LASF133
     /tmp/ccPuFhSa.s:4258   .debug_str:0000000000000823 .LASF40
     /tmp/ccPuFhSa.s:4080   .debug_str:0000000000000293 .LASF42
     /tmp/ccPuFhSa.s:4160   .debug_str:000000000000054f .LASF43
     /tmp/ccPuFhSa.s:4076   .debug_str:000000000000025e .LASF44
     /tmp/ccPuFhSa.s:4262   .debug_str:00000000000008f0 .LASF45
     /tmp/ccPuFhSa.s:4008   .debug_str:0000000000000008 .LASF46
     /tmp/ccPuFhSa.s:4042   .debug_str:0000000000000109 .LASF47
     /tmp/ccPuFhSa.s:4134   .debug_str:0000000000000485 .LASF48
     /tmp/ccPuFhSa.s:4184   .debug_str:00000000000005f3 .LASF49
     /tmp/ccPuFhSa.s:4018   .debug_str:000000000000005f .LASF50
     /tmp/ccPuFhSa.s:4138   .debug_str:00000000000004b5 .LASF51
     /tmp/ccPuFhSa.s:4292   .debug_str:0000000000000a09 .LASF52
     /tmp/ccPuFhSa.s:4064   .debug_str:0000000000000216 .LASF53
     /tmp/ccPuFhSa.s:4124   .debug_str:0000000000000439 .LASF54
     /tmp/ccPuFhSa.s:4016   .debug_str:0000000000000057 .LASF55
     /tmp/ccPuFhSa.s:4082   .debug_str:00000000000002b0 .LASF56
     /tmp/ccPuFhSa.s:4218   .debug_str:00000000000006f7 .LASF57
     /tmp/ccPuFhSa.s:4198   .debug_str:0000000000000679 .LASF58
     /tmp/ccPuFhSa.s:4058   .debug_str:00000000000001da .LASF59
     /tmp/ccPuFhSa.s:4156   .debug_str:0000000000000529 .LASF60
     /tmp/ccPuFhSa.s:4116   .debug_str:00000000000003e3 .LASF61
     /tmp/ccPuFhSa.s:4014   .debug_str:000000000000004d .LASF62
     /tmp/ccPuFhSa.s:4136   .debug_str:00000000000004a0 .LASF63
     /tmp/ccPuFhSa.s:4234   .debug_str:0000000000000757 .LASF64
     /tmp/ccPuFhSa.s:4270   .debug_str:000000000000093b .LASF65
     /tmp/ccPuFhSa.s:4284   .debug_str:00000000000009c8 .LASF66
     /tmp/ccPuFhSa.s:4186   .debug_str:00000000000005fe .LASF67
     /tmp/ccPuFhSa.s:4222   .debug_str:0000000000000708 .LASF134
     /tmp/ccPuFhSa.s:4088   .debug_str:00000000000002c5 .LASF135
     /tmp/ccPuFhSa.s:4164   .debug_str:000000000000055c .LASF136
GAS LISTING /tmp/ccPuFhSa.s 			page 25


     /tmp/ccPuFhSa.s:4290   .debug_str:0000000000000a01 .LASF137
     /tmp/ccPuFhSa.s:4038   .debug_str:00000000000000d7 .LASF68
     /tmp/ccPuFhSa.s:4022   .debug_str:0000000000000083 .LASF69
     /tmp/ccPuFhSa.s:4098   .debug_str:0000000000000328 .LASF70
     /tmp/ccPuFhSa.s:4108   .debug_str:000000000000037f .LASF71
     /tmp/ccPuFhSa.s:4246   .debug_str:00000000000007c6 .LASF72
     /tmp/ccPuFhSa.s:4226   .debug_str:0000000000000712 .LASF74
     /tmp/ccPuFhSa.s:4304   .debug_str:0000000000000a6a .LASF75
     /tmp/ccPuFhSa.s:4146   .debug_str:00000000000004d7 .LASF76
     /tmp/ccPuFhSa.s:4298   .debug_str:0000000000000a49 .LASF138
     /tmp/ccPuFhSa.s:4130   .debug_str:000000000000045e .LASF84
     /tmp/ccPuFhSa.s:4114   .debug_str:00000000000003ca .LASF86
     /tmp/ccPuFhSa.s:4128   .debug_str:0000000000000459 .LASF77
     /tmp/ccPuFhSa.s:4300   .debug_str:0000000000000a5f .LASF78
     /tmp/ccPuFhSa.s:4236   .debug_str:0000000000000762 .LASF79
     /tmp/ccPuFhSa.s:4126   .debug_str:0000000000000450 .LASF80
     /tmp/ccPuFhSa.s:4006   .debug_str:0000000000000000 .LASF81
     /tmp/ccPuFhSa.s:4060   .debug_str:00000000000001f1 .LASF82
     /tmp/ccPuFhSa.s:4110   .debug_str:000000000000038b .LASF83
     /tmp/ccPuFhSa.s:4176   .debug_str:00000000000005c5 .LASF85
     /tmp/ccPuFhSa.s:4090   .debug_str:00000000000002cb .LASF87
     /tmp/ccPuFhSa.s:4248   .debug_str:00000000000007d6 .LASF139
     /tmp/ccPuFhSa.s:4092   .debug_str:00000000000002de .LASF88
     /tmp/ccPuFhSa.s:4206   .debug_str:00000000000006b0 .LASF89
     /tmp/ccPuFhSa.s:4280   .debug_str:0000000000000999 .LASF140
     /tmp/ccPuFhSa.s:4036   .debug_str:00000000000000c3 .LASF141
     /tmp/ccPuFhSa.s:4044   .debug_str:0000000000000113 .LASF142
     /tmp/ccPuFhSa.s:4278   .debug_str:000000000000098f .LASF91
     /tmp/ccPuFhSa.s:4158   .debug_str:0000000000000535 .LASF143
     /tmp/ccPuFhSa.s:4166   .debug_str:000000000000056c .LASF144
     /tmp/ccPuFhSa.s:4230   .debug_str:0000000000000736 .LASF145
     /tmp/ccPuFhSa.s:4046   .debug_str:000000000000012b .LASF146
     /tmp/ccPuFhSa.s:4294   .debug_str:0000000000000a23 .LASF92
     /tmp/ccPuFhSa.s:4040   .debug_str:00000000000000e4 .LASF93
     /tmp/ccPuFhSa.s:4034   .debug_str:00000000000000be .LASF94
     /tmp/ccPuFhSa.s:4094   .debug_str:00000000000002e3 .LASF95
     /tmp/ccPuFhSa.s:4200   .debug_str:0000000000000684 .LASF96
     /tmp/ccPuFhSa.s:4242   .debug_str:00000000000007a1 .LASF97
     /tmp/ccPuFhSa.s:4256   .debug_str:000000000000081d .LASF98
     /tmp/ccPuFhSa.s:4074   .debug_str:0000000000000244 .LASF99
     /tmp/ccPuFhSa.s:4178   .debug_str:00000000000005ce .LASF100
     /tmp/ccPuFhSa.s:4272   .debug_str:0000000000000951 .LASF101
     /tmp/ccPuFhSa.s:4268   .debug_str:0000000000000925 .LASF102
     /tmp/ccPuFhSa.s:4252   .debug_str:0000000000000802 .LASF103
     /tmp/ccPuFhSa.s:4012   .debug_str:0000000000000036 .LASF104
     /tmp/ccPuFhSa.s:4062   .debug_str:00000000000001ff .LASF105
     /tmp/ccPuFhSa.s:4208   .debug_str:00000000000006ba .LASF106
     /tmp/ccPuFhSa.s:4084   .debug_str:00000000000002b5 .LASF107
     /tmp/ccPuFhSa.s:4264   .debug_str:00000000000008fc .LASF108
     /tmp/ccPuFhSa.s:4028   .debug_str:000000000000009b .LASF109
     /tmp/ccPuFhSa.s:4204   .debug_str:0000000000000694 .LASF110
     /tmp/ccPuFhSa.s:4020   .debug_str:000000000000007c .LASF111
     /tmp/ccPuFhSa.s:4276   .debug_str:000000000000097f .LASF147
     /tmp/ccPuFhSa.s:4202   .debug_str:000000000000068b .LASF112
     /tmp/ccPuFhSa.s:4216   .debug_str:00000000000006f2 .LASF113
     /tmp/ccPuFhSa.s:4212   .debug_str:00000000000006df .LASF114
     /tmp/ccPuFhSa.s:4194   .debug_str:0000000000000650 .LASF115
GAS LISTING /tmp/ccPuFhSa.s 			page 26


     /tmp/ccPuFhSa.s:39     .text._ZN3ABI9SemaphoreD0Ev:0000000000000000 .LFB53
     /tmp/ccPuFhSa.s:111    .text._ZN3ABI9SemaphoreD0Ev:0000000000000080 .LFE53
     /tmp/ccPuFhSa.s:3561   .debug_loc:0000000000000000 .LLST0
     /tmp/ccPuFhSa.s:53     .text._ZN3ABI9SemaphoreD0Ev:0000000000000014 .LBB53
     /tmp/ccPuFhSa.s:100    .text._ZN3ABI9SemaphoreD0Ev:0000000000000070 .LBE53
     /tmp/ccPuFhSa.s:3579   .debug_loc:000000000000004c .LLST1
     /tmp/ccPuFhSa.s:56     .text._ZN3ABI9SemaphoreD0Ev:0000000000000014 .LBB55
     /tmp/ccPuFhSa.s:93     .text._ZN3ABI9SemaphoreD0Ev:0000000000000060 .LBE55
     /tmp/ccPuFhSa.s:64     .text._ZN3ABI9SemaphoreD0Ev:0000000000000020 .LBB57
     /tmp/ccPuFhSa.s:86     .text._ZN3ABI9SemaphoreD0Ev:0000000000000054 .LBE57
     /tmp/ccPuFhSa.s:3597   .debug_loc:0000000000000098 .LLST2
     /tmp/ccPuFhSa.s:98     .text._ZN3ABI9SemaphoreD0Ev:0000000000000070 .LVL6
     /tmp/ccPuFhSa.s:4296   .debug_str:0000000000000a33 .LASF116
     /tmp/ccPuFhSa.s:11     .text._ZN3ABI9SemaphoreD2Ev:0000000000000000 .LFB51
     /tmp/ccPuFhSa.s:30     .text._ZN3ABI9SemaphoreD2Ev:0000000000000018 .LFE51
     /tmp/ccPuFhSa.s:4056   .debug_str:00000000000001bb .LASF118
     /tmp/ccPuFhSa.s:4220   .debug_str:0000000000000703 .LASF117
     /tmp/ccPuFhSa.s:4188   .debug_str:0000000000000623 .LASF119
     /tmp/ccPuFhSa.s:389    .text:0000000000000190 .LFB40
     /tmp/ccPuFhSa.s:473    .text:00000000000001fc .LFE40
     /tmp/ccPuFhSa.s:3606   .debug_loc:00000000000000c4 .LLST19
     /tmp/ccPuFhSa.s:4190   .debug_str:0000000000000636 .LASF120
     /tmp/ccPuFhSa.s:3628   .debug_loc:0000000000000123 .LLST20
     /tmp/ccPuFhSa.s:406    .text:00000000000001a8 .LBB92
     /tmp/ccPuFhSa.s:3635   .debug_loc:0000000000000146 .LLST21
     /tmp/ccPuFhSa.s:3665   .debug_loc:00000000000001ad .LLST22
     /tmp/ccPuFhSa.s:3676   .debug_loc:00000000000001e3 .LLST23
     /tmp/ccPuFhSa.s:426    .text:00000000000001c8 .LVL38
     /tmp/ccPuFhSa.s:431    .text:00000000000001c8 .LBB95
     /tmp/ccPuFhSa.s:438    .text:00000000000001cc .LBE95
     /tmp/ccPuFhSa.s:3683   .debug_loc:0000000000000206 .LLST24
     /tmp/ccPuFhSa.s:3691   .debug_loc:000000000000022a .LLST25
     /tmp/ccPuFhSa.s:443    .text:00000000000001d8 .LVL40
     /tmp/ccPuFhSa.s:226    .text:00000000000000b0 .LFB39
     /tmp/ccPuFhSa.s:321    .text:000000000000013c .LFE39
     /tmp/ccPuFhSa.s:3698   .debug_loc:000000000000024d .LLST9
     /tmp/ccPuFhSa.s:248    .text:00000000000000d8 .LBB84
     /tmp/ccPuFhSa.s:3720   .debug_loc:00000000000002ac .LLST10
     /tmp/ccPuFhSa.s:3731   .debug_loc:00000000000002e2 .LLST11
     /tmp/ccPuFhSa.s:3752   .debug_loc:0000000000000331 .LLST12
     /tmp/ccPuFhSa.s:255    .text:00000000000000e4 .LBB86
     /tmp/ccPuFhSa.s:262    .text:00000000000000ec .LBE86
     /tmp/ccPuFhSa.s:3763   .debug_loc:0000000000000367 .LLST13
     /tmp/ccPuFhSa.s:3771   .debug_loc:000000000000038b .LLST14
     /tmp/ccPuFhSa.s:3778   .debug_loc:00000000000003ae .LLST15
     /tmp/ccPuFhSa.s:254    .text:00000000000000e4 .LVL19
     /tmp/ccPuFhSa.s:280    .text:0000000000000108 .LBB89
     /tmp/ccPuFhSa.s:289    .text:0000000000000110 .LBE89
     /tmp/ccPuFhSa.s:3785   .debug_loc:00000000000003d1 .LLST16
     /tmp/ccPuFhSa.s:3793   .debug_loc:00000000000003f5 .LLST17
     /tmp/ccPuFhSa.s:293    .text:0000000000000118 .LVL24
     /tmp/ccPuFhSa.s:541    .text:0000000000000250 .LFB38
     /tmp/ccPuFhSa.s:608    .text:00000000000002b0 .LFE38
     /tmp/ccPuFhSa.s:3800   .debug_loc:0000000000000418 .LLST27
     /tmp/ccPuFhSa.s:577    .text:0000000000000288 .LBB98
     /tmp/ccPuFhSa.s:583    .text:000000000000028c .LBE98
     /tmp/ccPuFhSa.s:3829   .debug_loc:000000000000048d .LLST28
GAS LISTING /tmp/ccPuFhSa.s 			page 27


     /tmp/ccPuFhSa.s:573    .text:0000000000000288 .LVL52
     /tmp/ccPuFhSa.s:479    .text:00000000000001fc .LFB37
     /tmp/ccPuFhSa.s:535    .text:0000000000000250 .LFE37
     /tmp/ccPuFhSa.s:3838   .debug_loc:00000000000004b2 .LLST26
     /tmp/ccPuFhSa.s:516    .text:0000000000000234 .LVL47
     /tmp/ccPuFhSa.s:327    .text:000000000000013c .LFB36
     /tmp/ccPuFhSa.s:383    .text:0000000000000190 .LFE36
     /tmp/ccPuFhSa.s:3874   .debug_loc:000000000000053d .LLST18
     /tmp/ccPuFhSa.s:364    .text:0000000000000174 .LVL30
     /tmp/ccPuFhSa.s:118    .text:0000000000000000 .LFB35
     /tmp/ccPuFhSa.s:220    .text:00000000000000b0 .LFE35
     /tmp/ccPuFhSa.s:4024   .debug_str:000000000000008f .LASF122
     /tmp/ccPuFhSa.s:3910   .debug_loc:00000000000005c8 .LLST3
     /tmp/ccPuFhSa.s:136    .text:0000000000000018 .LBB73
     /tmp/ccPuFhSa.s:183    .text:0000000000000078 .LBE73
     /tmp/ccPuFhSa.s:3924   .debug_loc:0000000000000601 .LLST4
     /tmp/ccPuFhSa.s:139    .text:0000000000000018 .LBB75
     /tmp/ccPuFhSa.s:175    .text:0000000000000064 .LBE75
     /tmp/ccPuFhSa.s:146    .text:0000000000000024 .LBB77
     /tmp/ccPuFhSa.s:168    .text:0000000000000058 .LBE77
     /tmp/ccPuFhSa.s:3933   .debug_loc:0000000000000626 .LLST5
     /tmp/ccPuFhSa.s:181    .text:0000000000000078 .LVL12
     /tmp/ccPuFhSa.s:184    .text:0000000000000078 .LBB80
     /tmp/ccPuFhSa.s:207    .text:000000000000009c .LBE80
     /tmp/ccPuFhSa.s:3942   .debug_loc:0000000000000652 .LLST6
     /tmp/ccPuFhSa.s:3949   .debug_loc:0000000000000675 .LLST7
     /tmp/ccPuFhSa.s:197    .text:0000000000000094 .LBB82
     /tmp/ccPuFhSa.s:205    .text:000000000000009c .LBE82
     /tmp/ccPuFhSa.s:3956   .debug_loc:0000000000000698 .LLST8
     /tmp/ccPuFhSa.s:4068   .debug_str:0000000000000232 .LASF121
     /tmp/ccPuFhSa.s:4288   .debug_str:00000000000009eb .LASF123
     /tmp/ccPuFhSa.s:4132   .debug_str:000000000000046c .LASF124
     /tmp/ccPuFhSa.s:4050   .debug_str:000000000000014d .LASF148
     /tmp/ccPuFhSa.s:4054   .debug_str:0000000000000188 .LASF149
     /tmp/ccPuFhSa.s:4150   .debug_str:00000000000004f4 .LASF125
     /tmp/ccPuFhSa.s:4106   .debug_str:0000000000000379 .LASF126
     /tmp/ccPuFhSa.s:42     .text._ZN3ABI9SemaphoreD0Ev:0000000000000000 .LVL1
     /tmp/ccPuFhSa.s:96     .text._ZN3ABI9SemaphoreD0Ev:0000000000000068 .LVL5
     /tmp/ccPuFhSa.s:52     .text._ZN3ABI9SemaphoreD0Ev:0000000000000014 .LVL2
     /tmp/ccPuFhSa.s:63     .text._ZN3ABI9SemaphoreD0Ev:0000000000000020 .LVL3
     /tmp/ccPuFhSa.s:83     .text._ZN3ABI9SemaphoreD0Ev:0000000000000054 .LVL4
     /tmp/ccPuFhSa.s:392    .text:0000000000000190 .LVL33
     /tmp/ccPuFhSa.s:410    .text:00000000000001ac .LVL35
     /tmp/ccPuFhSa.s:457    .text:00000000000001ec .LVL42
     /tmp/ccPuFhSa.s:453    .text:00000000000001e4 .LVL41
     /tmp/ccPuFhSa.s:405    .text:00000000000001a8 .LVL34
     /tmp/ccPuFhSa.s:413    .text:00000000000001b0 .LVL36
     /tmp/ccPuFhSa.s:465    .text:00000000000001f4 .LVL43
     /tmp/ccPuFhSa.s:423    .text:00000000000001c0 .LVL37
     /tmp/ccPuFhSa.s:436    .text:00000000000001cc .LVL39
     /tmp/ccPuFhSa.s:229    .text:00000000000000b0 .LVL16
     /tmp/ccPuFhSa.s:252    .text:00000000000000dc .LVL18
     /tmp/ccPuFhSa.s:303    .text:0000000000000124 .LVL25
     /tmp/ccPuFhSa.s:309    .text:0000000000000130 .LVL26
     /tmp/ccPuFhSa.s:247    .text:00000000000000d8 .LVL17
     /tmp/ccPuFhSa.s:272    .text:00000000000000fc .LVL21
     /tmp/ccPuFhSa.s:260    .text:00000000000000ec .LVL20
GAS LISTING /tmp/ccPuFhSa.s 			page 28


     /tmp/ccPuFhSa.s:279    .text:0000000000000108 .LVL22
     /tmp/ccPuFhSa.s:287    .text:0000000000000110 .LVL23
     /tmp/ccPuFhSa.s:544    .text:0000000000000250 .LVL50
     /tmp/ccPuFhSa.s:567    .text:000000000000027c .LVL51
     /tmp/ccPuFhSa.s:596    .text:00000000000002a0 .LVL54
     /tmp/ccPuFhSa.s:600    .text:00000000000002a8 .LVL55
     /tmp/ccPuFhSa.s:604    .text:00000000000002ac .LVL56
     /tmp/ccPuFhSa.s:581    .text:000000000000028c .LVL53
     /tmp/ccPuFhSa.s:482    .text:00000000000001fc .LVL44
     /tmp/ccPuFhSa.s:499    .text:0000000000000218 .LVL45
     /tmp/ccPuFhSa.s:502    .text:000000000000021c .LVL46
     /tmp/ccPuFhSa.s:528    .text:0000000000000248 .LVL48
     /tmp/ccPuFhSa.s:532    .text:000000000000024c .LVL49
     /tmp/ccPuFhSa.s:330    .text:000000000000013c .LVL27
     /tmp/ccPuFhSa.s:347    .text:0000000000000158 .LVL28
     /tmp/ccPuFhSa.s:350    .text:000000000000015c .LVL29
     /tmp/ccPuFhSa.s:376    .text:0000000000000188 .LVL31
     /tmp/ccPuFhSa.s:380    .text:000000000000018c .LVL32
     /tmp/ccPuFhSa.s:122    .text:0000000000000000 .LVL7
     /tmp/ccPuFhSa.s:179    .text:0000000000000070 .LVL11
     /tmp/ccPuFhSa.s:135    .text:0000000000000018 .LVL8
     /tmp/ccPuFhSa.s:145    .text:0000000000000024 .LVL9
     /tmp/ccPuFhSa.s:165    .text:0000000000000058 .LVL10
     /tmp/ccPuFhSa.s:191    .text:0000000000000088 .LVL13
     /tmp/ccPuFhSa.s:203    .text:000000000000009c .LVL15
     /tmp/ccPuFhSa.s:196    .text:0000000000000094 .LVL14
     /tmp/ccPuFhSa.s:639    .debug_info:0000000000000000 .Ldebug_info0
     /tmp/ccPuFhSa.s:5      .text:0000000000000000 .Ltext0
     /tmp/ccPuFhSa.s:635    .text:00000000000002b0 .Letext0
     /tmp/ccPuFhSa.s:274    .text:00000000000000fc .LBE84
     /tmp/ccPuFhSa.s:312    .text:0000000000000130 .LBB91
     /tmp/ccPuFhSa.s:319    .text:000000000000013c .LBE91
     /tmp/ccPuFhSa.s:429    .text:00000000000001c8 .LBE92
     /tmp/ccPuFhSa.s:460    .text:00000000000001ec .LBB97
     /tmp/ccPuFhSa.s:471    .text:00000000000001fc .LBE97
                           .group:0000000000000000 _ZN3ABI9SemaphoreD5Ev

UNDEFINED SYMBOLS
HEAP_START_ADDR
HEAP_END_ADDR
_ZN15MemoryAllocator8mem_freeEPv
_ZN15MemoryAllocator9mem_allocEm
_ZN3TCB7runningE
_Znwm
_ZN3TCB5yieldEv
_ZdlPv
_ZN9Scheduler3putEP3TCB
