GAS LISTING /tmp/ccVl4AG2.s 			page 1


   1              		.file	"syscall_c.cpp"
   2              		.option pic
   3              		.option norelax
   4              		.text
   5              	.Ltext0:
   6              		.align	2
   7              		.globl	_Z9mem_allocm
   9              	_Z9mem_allocm:
  10              	.LFB34:
  11              		.file 1 "src/syscall_c.cpp"
   1:src/syscall_c.cpp **** #include "../h/syscall_c.hpp"
   2:src/syscall_c.cpp **** #include "../h/MemoryAllocator.hpp"
   3:src/syscall_c.cpp **** #include"../lib/console.h"
   4:src/syscall_c.cpp **** #include "../h/ccb.hpp"
   5:src/syscall_c.cpp **** 
   6:src/syscall_c.cpp **** void* mem_alloc(size_t size) {
  12              		.loc 1 6 30
  13              		.cfi_startproc
  14              	.LVL0:
  15 0000 130101FF 		addi	sp,sp,-16
  16              		.cfi_def_cfa_offset 16
  17 0004 23348100 		sd	s0,8(sp)
  18              		.cfi_offset 8, -8
  19 0008 13040101 		addi	s0,sp,16
  20              		.cfi_def_cfa 8, 0
   7:src/syscall_c.cpp ****     size += sizeof(MemoryAllocator::Header);
  21              		.loc 1 7 5
  22              		.loc 1 7 10 is_stmt 0
  23 000c 13050501 		addi	a0,a0,16
  24              	.LVL1:
   8:src/syscall_c.cpp ****     size_t paddedSize = size - (size % MEM_BLOCK_SIZE) + (size % MEM_BLOCK_SIZE ? MEM_BLOCK_SIZE : 
  25              		.loc 1 8 5 is_stmt 1
  26              		.loc 1 8 30 is_stmt 0
  27 0010 937705FC 		andi	a5,a0,-64
  28              		.loc 1 8 64
  29 0014 1375F503 		andi	a0,a0,63
  30              	.LVL2:
  31              		.loc 1 8 81
  32 0018 63040500 		beqz	a0,.L2
  33 001c 13050004 		li	a0,64
  34              	.L2:
  35              		.loc 1 8 12 discriminator 4
  36 0020 3385A700 		add	a0,a5,a0
  37              	.LVL3:
   9:src/syscall_c.cpp **** 
  10:src/syscall_c.cpp ****     __asm__ volatile("li a0, 0x01");
  38              		.loc 1 10 5 is_stmt 1 discriminator 4
  39              		.loc 1 10 36 is_stmt 0 discriminator 4
  40              	#APP
  41              	# 10 "src/syscall_c.cpp" 1
  11              	    __asm__ volatile("mv a1, %0" : : "r" (paddedSize));
  42              		li a0, 0x01
  43              	# 0 "" 2
  44              		.loc 1 11 5 is_stmt 1 discriminator 4
  45              		.loc 1 11 55 is_stmt 0 discriminator 4
  46              	# 11 "src/syscall_c.cpp" 1
  12              	    __asm__ volatile("ecall");
GAS LISTING /tmp/ccVl4AG2.s 			page 2


  47              		mv a1, a0
  48              	# 0 "" 2
  49              		.loc 1 12 5 is_stmt 1 discriminator 4
  50              		.loc 1 12 30 is_stmt 0 discriminator 4
  51              	# 12 "src/syscall_c.cpp" 1
  13              	
  14:src/syscall_c.cpp ****     void* result;
  52              		ecall
  53              	# 0 "" 2
  54              		.loc 1 14 5 is_stmt 1 discriminator 4
  15:src/syscall_c.cpp ****     __asm__ volatile("mv %0, a0" : "=r" (result));
  55              		.loc 1 15 5 discriminator 4
  56              		.loc 1 15 50 is_stmt 0 discriminator 4
  57              	# 15 "src/syscall_c.cpp" 1
  16              	    return result;
  58              		mv a0, a0
  59              	# 0 "" 2
  60              	.LVL4:
  61              		.loc 1 16 5 is_stmt 1 discriminator 4
  17:src/syscall_c.cpp **** }
  62              		.loc 1 17 1 is_stmt 0 discriminator 4
  63              	#NO_APP
  64 0034 03348100 		ld	s0,8(sp)
  65              		.cfi_restore 8
  66              		.cfi_def_cfa 2, 16
  67 0038 13010101 		addi	sp,sp,16
  68              		.cfi_def_cfa_offset 0
  69 003c 67800000 		jr	ra
  70              		.cfi_endproc
  71              	.LFE34:
  73              		.align	2
  74              		.globl	_Z8mem_freePv
  76              	_Z8mem_freePv:
  77              	.LFB35:
  18:src/syscall_c.cpp **** 
  19:src/syscall_c.cpp **** int mem_free(void* p) {
  78              		.loc 1 19 23 is_stmt 1
  79              		.cfi_startproc
  80              	.LVL5:
  81 0040 130101FF 		addi	sp,sp,-16
  82              		.cfi_def_cfa_offset 16
  83 0044 23348100 		sd	s0,8(sp)
  84              		.cfi_offset 8, -8
  85 0048 13040101 		addi	s0,sp,16
  86              		.cfi_def_cfa 8, 0
  20:src/syscall_c.cpp ****     __asm__ volatile("li a0, 0x02");
  87              		.loc 1 20 5
  88              		.loc 1 20 36 is_stmt 0
  89              	#APP
  90              	# 20 "src/syscall_c.cpp" 1
  21              	    __asm__ volatile("mv a1, %0" : : "r" (p));
  91              		li a0, 0x02
  92              	# 0 "" 2
  93              		.loc 1 21 5 is_stmt 1
  94              		.loc 1 21 46 is_stmt 0
  95              	# 21 "src/syscall_c.cpp" 1
  22              	    __asm__ volatile("ecall");
GAS LISTING /tmp/ccVl4AG2.s 			page 3


  96              		mv a1, a0
  97              	# 0 "" 2
  98              		.loc 1 22 5 is_stmt 1
  99              		.loc 1 22 30 is_stmt 0
 100              	# 22 "src/syscall_c.cpp" 1
  23              	
  24:src/syscall_c.cpp ****     int result;
 101              		ecall
 102              	# 0 "" 2
 103              		.loc 1 24 5 is_stmt 1
  25:src/syscall_c.cpp ****     __asm__ volatile("mv %0, a0" : "=r" (result));
 104              		.loc 1 25 5
 105              		.loc 1 25 50 is_stmt 0
 106              	# 25 "src/syscall_c.cpp" 1
  26              	    return result;
 107              		mv a0, a0
 108              	# 0 "" 2
 109              	.LVL6:
 110              		.loc 1 26 5 is_stmt 1
  27:src/syscall_c.cpp **** }
 111              		.loc 1 27 1 is_stmt 0
 112              	#NO_APP
 113 005c 1B050500 		sext.w	a0,a0
 114 0060 03348100 		ld	s0,8(sp)
 115              		.cfi_restore 8
 116              		.cfi_def_cfa 2, 16
 117 0064 13010101 		addi	sp,sp,16
 118              		.cfi_def_cfa_offset 0
 119 0068 67800000 		jr	ra
 120              		.cfi_endproc
 121              	.LFE35:
 123              		.align	2
 124              		.globl	_Z18mem_get_free_spacev
 126              	_Z18mem_get_free_spacev:
 127              	.LFB36:
  28:src/syscall_c.cpp **** 
  29:src/syscall_c.cpp **** size_t mem_get_free_space() {
 128              		.loc 1 29 29 is_stmt 1
 129              		.cfi_startproc
 130 006c 130101FF 		addi	sp,sp,-16
 131              		.cfi_def_cfa_offset 16
 132 0070 23348100 		sd	s0,8(sp)
 133              		.cfi_offset 8, -8
 134 0074 13040101 		addi	s0,sp,16
 135              		.cfi_def_cfa 8, 0
  30:src/syscall_c.cpp ****     __asm__ volatile("li a0, 0x03");
 136              		.loc 1 30 5
 137              		.loc 1 30 36 is_stmt 0
 138              	#APP
 139              	# 30 "src/syscall_c.cpp" 1
  31              	    __asm__ volatile("ecall");
 140              		li a0, 0x03
 141              	# 0 "" 2
 142              		.loc 1 31 5 is_stmt 1
 143              		.loc 1 31 30 is_stmt 0
 144              	# 31 "src/syscall_c.cpp" 1
  32              	
GAS LISTING /tmp/ccVl4AG2.s 			page 4


  33:src/syscall_c.cpp ****     size_t result;
 145              		ecall
 146              	# 0 "" 2
 147              		.loc 1 33 5 is_stmt 1
  34:src/syscall_c.cpp ****     __asm__ volatile("mv %0, a0" : "=r" (result));
 148              		.loc 1 34 5
 149              		.loc 1 34 50 is_stmt 0
 150              	# 34 "src/syscall_c.cpp" 1
  35              	    return result;
 151              		mv a0, a0
 152              	# 0 "" 2
 153              	.LVL7:
 154              		.loc 1 35 5 is_stmt 1
  36:src/syscall_c.cpp **** }
 155              		.loc 1 36 1 is_stmt 0
 156              	#NO_APP
 157 0084 03348100 		ld	s0,8(sp)
 158              		.cfi_restore 8
 159              		.cfi_def_cfa 2, 16
 160 0088 13010101 		addi	sp,sp,16
 161              		.cfi_def_cfa_offset 0
 162 008c 67800000 		jr	ra
 163              		.cfi_endproc
 164              	.LFE36:
 166              		.align	2
 167              		.globl	_Z26mem_get_largest_free_blockv
 169              	_Z26mem_get_largest_free_blockv:
 170              	.LFB37:
  37:src/syscall_c.cpp **** 
  38:src/syscall_c.cpp **** size_t mem_get_largest_free_block() {
 171              		.loc 1 38 37 is_stmt 1
 172              		.cfi_startproc
 173 0090 130101FF 		addi	sp,sp,-16
 174              		.cfi_def_cfa_offset 16
 175 0094 23348100 		sd	s0,8(sp)
 176              		.cfi_offset 8, -8
 177 0098 13040101 		addi	s0,sp,16
 178              		.cfi_def_cfa 8, 0
  39:src/syscall_c.cpp ****     __asm__ volatile("li a0, 0x04");
 179              		.loc 1 39 5
 180              		.loc 1 39 36 is_stmt 0
 181              	#APP
 182              	# 39 "src/syscall_c.cpp" 1
  40              	    __asm__ volatile("ecall");
 183              		li a0, 0x04
 184              	# 0 "" 2
 185              		.loc 1 40 5 is_stmt 1
 186              		.loc 1 40 30 is_stmt 0
 187              	# 40 "src/syscall_c.cpp" 1
  41              	
  42:src/syscall_c.cpp ****     size_t result;
 188              		ecall
 189              	# 0 "" 2
 190              		.loc 1 42 5 is_stmt 1
  43:src/syscall_c.cpp ****     __asm__ volatile("mv %0, a0" : "=r" (result));
 191              		.loc 1 43 5
 192              		.loc 1 43 50 is_stmt 0
GAS LISTING /tmp/ccVl4AG2.s 			page 5


 193              	# 43 "src/syscall_c.cpp" 1
  44              	    return result;
 194              		mv a0, a0
 195              	# 0 "" 2
 196              	.LVL8:
 197              		.loc 1 44 5 is_stmt 1
  45:src/syscall_c.cpp **** }
 198              		.loc 1 45 1 is_stmt 0
 199              	#NO_APP
 200 00a8 03348100 		ld	s0,8(sp)
 201              		.cfi_restore 8
 202              		.cfi_def_cfa 2, 16
 203 00ac 13010101 		addi	sp,sp,16
 204              		.cfi_def_cfa_offset 0
 205 00b0 67800000 		jr	ra
 206              		.cfi_endproc
 207              	.LFE37:
 209              		.align	2
 210              		.globl	_Z13thread_createPP3CCBPFvPvES2_
 212              	_Z13thread_createPP3CCBPFvPvES2_:
 213              	.LFB38:
  46:src/syscall_c.cpp **** 
  47:src/syscall_c.cpp **** int thread_create(thread_t* handle, void (*start_routine)(void*), void* arg) {
 214              		.loc 1 47 78 is_stmt 1
 215              		.cfi_startproc
 216              	.LVL9:
 217 00b4 130101FF 		addi	sp,sp,-16
 218              		.cfi_def_cfa_offset 16
 219 00b8 23348100 		sd	s0,8(sp)
 220              		.cfi_offset 8, -8
 221 00bc 13040101 		addi	s0,sp,16
 222              		.cfi_def_cfa 8, 0
  48:src/syscall_c.cpp ****     __asm__ volatile("li a0, 0x11");
 223              		.loc 1 48 5
 224              		.loc 1 48 36 is_stmt 0
 225              	#APP
 226              	# 48 "src/syscall_c.cpp" 1
  49              	    __asm__ volatile("mv a1, %0" : : "r" (handle));
 227              		li a0, 0x11
 228              	# 0 "" 2
 229              		.loc 1 49 5 is_stmt 1
 230              		.loc 1 49 51 is_stmt 0
 231              	# 49 "src/syscall_c.cpp" 1
  50              	    __asm__ volatile("mv a2, %0" : : "r" (start_routine));
 232              		mv a1, a0
 233              	# 0 "" 2
 234              		.loc 1 50 5 is_stmt 1
 235              		.loc 1 50 58 is_stmt 0
 236              	# 50 "src/syscall_c.cpp" 1
  51              	    __asm__ volatile("mv a3, %0" : : "r" (arg));
 237              		mv a2, a1
 238              	# 0 "" 2
 239              		.loc 1 51 5 is_stmt 1
 240              		.loc 1 51 48 is_stmt 0
 241              	# 51 "src/syscall_c.cpp" 1
  52              	    __asm__ volatile("ecall");
 242              		mv a3, a2
GAS LISTING /tmp/ccVl4AG2.s 			page 6


 243              	# 0 "" 2
 244              		.loc 1 52 5 is_stmt 1
 245              		.loc 1 52 30 is_stmt 0
 246              	# 52 "src/syscall_c.cpp" 1
  53              	
  54:src/syscall_c.cpp ****     int result;
 247              		ecall
 248              	# 0 "" 2
 249              		.loc 1 54 5 is_stmt 1
  55:src/syscall_c.cpp ****     __asm__ volatile("mv %0, a0" : "=r" (result));
 250              		.loc 1 55 5
 251              		.loc 1 55 50 is_stmt 0
 252              	# 55 "src/syscall_c.cpp" 1
  56              	    return result;
 253              		mv a0, a0
 254              	# 0 "" 2
 255              	.LVL10:
 256              		.loc 1 56 5 is_stmt 1
  57:src/syscall_c.cpp **** }
 257              		.loc 1 57 1 is_stmt 0
 258              	#NO_APP
 259 00d8 1B050500 		sext.w	a0,a0
 260 00dc 03348100 		ld	s0,8(sp)
 261              		.cfi_restore 8
 262              		.cfi_def_cfa 2, 16
 263 00e0 13010101 		addi	sp,sp,16
 264              		.cfi_def_cfa_offset 0
 265 00e4 67800000 		jr	ra
 266              		.cfi_endproc
 267              	.LFE38:
 269              		.align	2
 270              		.globl	_Z12thread_startPP3CCB
 272              	_Z12thread_startPP3CCB:
 273              	.LFB39:
  58:src/syscall_c.cpp **** 
  59:src/syscall_c.cpp **** int thread_start(thread_t* handle) {
 274              		.loc 1 59 36 is_stmt 1
 275              		.cfi_startproc
 276              	.LVL11:
  60:src/syscall_c.cpp ****     if (!handle) return -1;
 277              		.loc 1 60 5
 278 00e8 630A0502 		beqz	a0,.L14
  59:src/syscall_c.cpp ****     if (!handle) return -1;
 279              		.loc 1 59 36 is_stmt 0
 280 00ec 130101FF 		addi	sp,sp,-16
 281              		.cfi_def_cfa_offset 16
 282 00f0 23341100 		sd	ra,8(sp)
 283 00f4 23308100 		sd	s0,0(sp)
 284              		.cfi_offset 1, -8
 285              		.cfi_offset 8, -16
 286 00f8 13040101 		addi	s0,sp,16
 287              		.cfi_def_cfa 8, 0
  61:src/syscall_c.cpp ****     CCB::startThread(*handle);
 288              		.loc 1 61 5 is_stmt 1
 289              	.LVL12:
 290              	.LBB4:
 291              	.LBB5:
GAS LISTING /tmp/ccVl4AG2.s 			page 7


 292              		.file 2 "src/../h/ccb.hpp"
   1:src/../h/ccb.hpp **** //
   2:src/../h/ccb.hpp **** // Created by marko on 20.4.22..
   3:src/../h/ccb.hpp **** //
   4:src/../h/ccb.hpp **** 
   5:src/../h/ccb.hpp **** #ifndef OS1_VEZBE07_RISCV_CONTEXT_SWITCH_1_SYNCHRONOUS_CCB_HPP
   6:src/../h/ccb.hpp **** #define OS1_VEZBE07_RISCV_CONTEXT_SWITCH_1_SYNCHRONOUS_CCB_HPP
   7:src/../h/ccb.hpp **** 
   8:src/../h/ccb.hpp **** #include "../lib/hw.h"
   9:src/../h/ccb.hpp **** #include "scheduler.hpp"
  10:src/../h/ccb.hpp **** #include "MemoryAllocator.hpp"
  11:src/../h/ccb.hpp **** #include "Semaphore.hpp"
  12:src/../h/ccb.hpp **** 
  13:src/../h/ccb.hpp **** // Coroutine Control Block
  14:src/../h/ccb.hpp **** class CCB
  15:src/../h/ccb.hpp **** {
  16:src/../h/ccb.hpp **** public:
  17:src/../h/ccb.hpp ****     ~CCB() { delete[] stack; }
  18:src/../h/ccb.hpp **** 
  19:src/../h/ccb.hpp ****     bool isFinished() const { return finished; }
  20:src/../h/ccb.hpp **** 
  21:src/../h/ccb.hpp ****     void setFinished(bool value) { finished = value; }
  22:src/../h/ccb.hpp **** 
  23:src/../h/ccb.hpp ****     using Body = void (*)(void*);
  24:src/../h/ccb.hpp **** 
  25:src/../h/ccb.hpp ****     static CCB *createCoroutine(Body body, void* arg);
  26:src/../h/ccb.hpp **** 
  27:src/../h/ccb.hpp ****     static void yield();
  28:src/../h/ccb.hpp **** 
  29:src/../h/ccb.hpp ****     static CCB *running;
  30:src/../h/ccb.hpp **** 
  31:src/../h/ccb.hpp ****     static void startThread(CCB* tcbToStart) {
  32:src/../h/ccb.hpp ****         Scheduler::put(tcbToStart);
 293              		.loc 2 32 9
 294              		.loc 2 32 23 is_stmt 0
 295 00fc 03350500 		ld	a0,0(a0)
 296              	.LVL13:
 297 0100 97000000 		call	_ZN9Scheduler3putEP3CCB@plt
 297      E7800000 
 298              	.LVL14:
 299              	.LBE5:
 300              	.LBE4:
  62:src/syscall_c.cpp ****     return 0;
 301              		.loc 1 62 5 is_stmt 1
 302              		.loc 1 62 12 is_stmt 0
 303 0108 13050000 		li	a0,0
  63:src/syscall_c.cpp **** }
 304              		.loc 1 63 1
 305 010c 83308100 		ld	ra,8(sp)
 306              		.cfi_restore 1
 307 0110 03340100 		ld	s0,0(sp)
 308              		.cfi_restore 8
 309              		.cfi_def_cfa 2, 16
 310 0114 13010101 		addi	sp,sp,16
 311              		.cfi_def_cfa_offset 0
 312 0118 67800000 		jr	ra
 313              	.LVL15:
GAS LISTING /tmp/ccVl4AG2.s 			page 8


 314              	.L14:
  60:src/syscall_c.cpp ****     CCB::startThread(*handle);
 315              		.loc 1 60 26
 316 011c 1305F0FF 		li	a0,-1
 317              	.LVL16:
 318              		.loc 1 63 1
 319 0120 67800000 		ret
 320              		.cfi_endproc
 321              	.LFE39:
 323              		.align	2
 324              		.globl	_Z11thread_exitv
 326              	_Z11thread_exitv:
 327              	.LFB40:
  64:src/syscall_c.cpp **** 
  65:src/syscall_c.cpp **** int thread_exit() {
 328              		.loc 1 65 19 is_stmt 1
 329              		.cfi_startproc
 330 0124 130101FF 		addi	sp,sp,-16
 331              		.cfi_def_cfa_offset 16
 332 0128 23348100 		sd	s0,8(sp)
 333              		.cfi_offset 8, -8
 334 012c 13040101 		addi	s0,sp,16
 335              		.cfi_def_cfa 8, 0
  66:src/syscall_c.cpp ****     __asm__ volatile("li a0, 0x12");
 336              		.loc 1 66 5
 337              		.loc 1 66 36 is_stmt 0
 338              	#APP
 339              	# 66 "src/syscall_c.cpp" 1
  67              	    __asm__ volatile ("ecall");
 340              		li a0, 0x12
 341              	# 0 "" 2
 342              		.loc 1 67 5 is_stmt 1
 343              		.loc 1 67 31 is_stmt 0
 344              	# 67 "src/syscall_c.cpp" 1
  68              	
  69:src/syscall_c.cpp ****     int result;
 345              		ecall
 346              	# 0 "" 2
 347              		.loc 1 69 5 is_stmt 1
  70:src/syscall_c.cpp ****     __asm__ volatile("mv %0, a0" : "=r" (result));
 348              		.loc 1 70 5
 349              		.loc 1 70 50 is_stmt 0
 350              	# 70 "src/syscall_c.cpp" 1
  71              	    return result;
 351              		mv a0, a0
 352              	# 0 "" 2
 353              	.LVL17:
 354              		.loc 1 71 5 is_stmt 1
  72:src/syscall_c.cpp **** }
 355              		.loc 1 72 1 is_stmt 0
 356              	#NO_APP
 357 013c 1B050500 		sext.w	a0,a0
 358 0140 03348100 		ld	s0,8(sp)
 359              		.cfi_restore 8
 360              		.cfi_def_cfa 2, 16
 361 0144 13010101 		addi	sp,sp,16
 362              		.cfi_def_cfa_offset 0
GAS LISTING /tmp/ccVl4AG2.s 			page 9


 363 0148 67800000 		jr	ra
 364              		.cfi_endproc
 365              	.LFE40:
 367              		.align	2
 368              		.globl	_Z15thread_dispatchv
 370              	_Z15thread_dispatchv:
 371              	.LFB41:
  73:src/syscall_c.cpp **** 
  74:src/syscall_c.cpp **** void thread_dispatch() {
 372              		.loc 1 74 24 is_stmt 1
 373              		.cfi_startproc
 374 014c 130101FF 		addi	sp,sp,-16
 375              		.cfi_def_cfa_offset 16
 376 0150 23348100 		sd	s0,8(sp)
 377              		.cfi_offset 8, -8
 378 0154 13040101 		addi	s0,sp,16
 379              		.cfi_def_cfa 8, 0
  75:src/syscall_c.cpp ****     __asm__ volatile("li a0, 0x13");
 380              		.loc 1 75 5
 381              		.loc 1 75 36 is_stmt 0
 382              	#APP
 383              	# 75 "src/syscall_c.cpp" 1
  76              	    __asm__ volatile ("ecall");
 384              		li a0, 0x13
 385              	# 0 "" 2
 386              		.loc 1 76 5 is_stmt 1
 387              		.loc 1 76 31 is_stmt 0
 388              	# 76 "src/syscall_c.cpp" 1
  77              	}
 389              		ecall
 390              	# 0 "" 2
 391              		.loc 1 77 1
 392              	#NO_APP
 393 0160 03348100 		ld	s0,8(sp)
 394              		.cfi_restore 8
 395              		.cfi_def_cfa 2, 16
 396 0164 13010101 		addi	sp,sp,16
 397              		.cfi_def_cfa_offset 0
 398 0168 67800000 		jr	ra
 399              		.cfi_endproc
 400              	.LFE41:
 402              		.align	2
 403              		.globl	_Z8sem_openPPN3ABI9SemaphoreEj
 405              	_Z8sem_openPPN3ABI9SemaphoreEj:
 406              	.LFB42:
  78:src/syscall_c.cpp **** 
  79:src/syscall_c.cpp **** int sem_open(sem_t* handle, unsigned init) {
 407              		.loc 1 79 44 is_stmt 1
 408              		.cfi_startproc
 409              	.LVL18:
 410 016c 130101FF 		addi	sp,sp,-16
 411              		.cfi_def_cfa_offset 16
 412 0170 23348100 		sd	s0,8(sp)
 413              		.cfi_offset 8, -8
 414 0174 13040101 		addi	s0,sp,16
 415              		.cfi_def_cfa 8, 0
  80:src/syscall_c.cpp ****     __asm__ volatile("li a0, 0x21");
GAS LISTING /tmp/ccVl4AG2.s 			page 10


 416              		.loc 1 80 5
 417              		.loc 1 80 36 is_stmt 0
 418              	#APP
 419              	# 80 "src/syscall_c.cpp" 1
  81              	    __asm__ volatile ("mv a1, %0" : : "r" (handle));
 420              		li a0, 0x21
 421              	# 0 "" 2
 422              		.loc 1 81 5 is_stmt 1
 423              		.loc 1 81 52 is_stmt 0
 424              	# 81 "src/syscall_c.cpp" 1
  82              	    __asm__ volatile ("mv a2, %0" : : "r" (init));
 425              		mv a1, a0
 426              	# 0 "" 2
 427              		.loc 1 82 5 is_stmt 1
 428              		.loc 1 82 50 is_stmt 0
 429              	# 82 "src/syscall_c.cpp" 1
  83              	    __asm__ volatile ("ecall");
 430              		mv a2, a1
 431              	# 0 "" 2
 432              		.loc 1 83 5 is_stmt 1
 433              		.loc 1 83 31 is_stmt 0
 434              	# 83 "src/syscall_c.cpp" 1
  84              	
  85:src/syscall_c.cpp ****     int result;
 435              		ecall
 436              	# 0 "" 2
 437              		.loc 1 85 5 is_stmt 1
  86:src/syscall_c.cpp ****     __asm__ volatile("mv %0, a0" : "=r" (result));
 438              		.loc 1 86 5
 439              		.loc 1 86 50 is_stmt 0
 440              	# 86 "src/syscall_c.cpp" 1
  87              	    return result;
 441              		mv a0, a0
 442              	# 0 "" 2
 443              	.LVL19:
 444              		.loc 1 87 5 is_stmt 1
  88:src/syscall_c.cpp **** }
 445              		.loc 1 88 1 is_stmt 0
 446              	#NO_APP
 447 018c 1B050500 		sext.w	a0,a0
 448 0190 03348100 		ld	s0,8(sp)
 449              		.cfi_restore 8
 450              		.cfi_def_cfa 2, 16
 451 0194 13010101 		addi	sp,sp,16
 452              		.cfi_def_cfa_offset 0
 453 0198 67800000 		jr	ra
 454              		.cfi_endproc
 455              	.LFE42:
 457              		.align	2
 458              		.globl	_Z9sem_closePN3ABI9SemaphoreE
 460              	_Z9sem_closePN3ABI9SemaphoreE:
 461              	.LFB43:
  89:src/syscall_c.cpp **** 
  90:src/syscall_c.cpp **** int sem_close(sem_t handle) {
 462              		.loc 1 90 29 is_stmt 1
 463              		.cfi_startproc
 464              	.LVL20:
GAS LISTING /tmp/ccVl4AG2.s 			page 11


 465 019c 130101FF 		addi	sp,sp,-16
 466              		.cfi_def_cfa_offset 16
 467 01a0 23348100 		sd	s0,8(sp)
 468              		.cfi_offset 8, -8
 469 01a4 13040101 		addi	s0,sp,16
 470              		.cfi_def_cfa 8, 0
  91:src/syscall_c.cpp ****     __asm__ volatile("li a0, 0x22");
 471              		.loc 1 91 5
 472              		.loc 1 91 36 is_stmt 0
 473              	#APP
 474              	# 91 "src/syscall_c.cpp" 1
  92              	    __asm__ volatile ("mv a1, %0" : : "r" (handle));
 475              		li a0, 0x22
 476              	# 0 "" 2
 477              		.loc 1 92 5 is_stmt 1
 478              		.loc 1 92 52 is_stmt 0
 479              	# 92 "src/syscall_c.cpp" 1
  93              	    __asm__ volatile ("ecall");
 480              		mv a1, a0
 481              	# 0 "" 2
 482              		.loc 1 93 5 is_stmt 1
 483              		.loc 1 93 31 is_stmt 0
 484              	# 93 "src/syscall_c.cpp" 1
  94              	
  95:src/syscall_c.cpp ****     int result;
 485              		ecall
 486              	# 0 "" 2
 487              		.loc 1 95 5 is_stmt 1
  96:src/syscall_c.cpp ****     __asm__ volatile("mv %0, a0" : "=r" (result));
 488              		.loc 1 96 5
 489              		.loc 1 96 50 is_stmt 0
 490              	# 96 "src/syscall_c.cpp" 1
  97              	    return result;
 491              		mv a0, a0
 492              	# 0 "" 2
 493              	.LVL21:
 494              		.loc 1 97 5 is_stmt 1
  98:src/syscall_c.cpp **** }
 495              		.loc 1 98 1 is_stmt 0
 496              	#NO_APP
 497 01b8 1B050500 		sext.w	a0,a0
 498 01bc 03348100 		ld	s0,8(sp)
 499              		.cfi_restore 8
 500              		.cfi_def_cfa 2, 16
 501 01c0 13010101 		addi	sp,sp,16
 502              		.cfi_def_cfa_offset 0
 503 01c4 67800000 		jr	ra
 504              		.cfi_endproc
 505              	.LFE43:
 507              		.align	2
 508              		.globl	_Z8sem_waitPN3ABI9SemaphoreE
 510              	_Z8sem_waitPN3ABI9SemaphoreE:
 511              	.LFB44:
  99:src/syscall_c.cpp **** 
 100:src/syscall_c.cpp **** int sem_wait(sem_t id) {
 512              		.loc 1 100 24 is_stmt 1
 513              		.cfi_startproc
GAS LISTING /tmp/ccVl4AG2.s 			page 12


 514              	.LVL22:
 515 01c8 130101FF 		addi	sp,sp,-16
 516              		.cfi_def_cfa_offset 16
 517 01cc 23348100 		sd	s0,8(sp)
 518              		.cfi_offset 8, -8
 519 01d0 13040101 		addi	s0,sp,16
 520              		.cfi_def_cfa 8, 0
 101:src/syscall_c.cpp ****     __asm__ volatile("li a0, 0x23");
 521              		.loc 1 101 5
 522              		.loc 1 101 36 is_stmt 0
 523              	#APP
 524              	# 101 "src/syscall_c.cpp" 1
 102              	    __asm__ volatile ("mv a1, %0" : : "r" (id));
 525              		li a0, 0x23
 526              	# 0 "" 2
 527              		.loc 1 102 5 is_stmt 1
 528              		.loc 1 102 48 is_stmt 0
 529              	# 102 "src/syscall_c.cpp" 1
 103              	    __asm__ volatile ("ecall");
 530              		mv a1, a0
 531              	# 0 "" 2
 532              		.loc 1 103 5 is_stmt 1
 533              		.loc 1 103 31 is_stmt 0
 534              	# 103 "src/syscall_c.cpp" 1
 104              	
 105:src/syscall_c.cpp ****     int result;
 535              		ecall
 536              	# 0 "" 2
 537              		.loc 1 105 5 is_stmt 1
 106:src/syscall_c.cpp ****     __asm__ volatile("mv %0, a0" : "=r" (result));
 538              		.loc 1 106 5
 539              		.loc 1 106 50 is_stmt 0
 540              	# 106 "src/syscall_c.cpp" 1
 107              	    return result;
 541              		mv a0, a0
 542              	# 0 "" 2
 543              	.LVL23:
 544              		.loc 1 107 5 is_stmt 1
 108:src/syscall_c.cpp **** }
 545              		.loc 1 108 1 is_stmt 0
 546              	#NO_APP
 547 01e4 1B050500 		sext.w	a0,a0
 548 01e8 03348100 		ld	s0,8(sp)
 549              		.cfi_restore 8
 550              		.cfi_def_cfa 2, 16
 551 01ec 13010101 		addi	sp,sp,16
 552              		.cfi_def_cfa_offset 0
 553 01f0 67800000 		jr	ra
 554              		.cfi_endproc
 555              	.LFE44:
 557              		.align	2
 558              		.globl	_Z10sem_signalPN3ABI9SemaphoreE
 560              	_Z10sem_signalPN3ABI9SemaphoreE:
 561              	.LFB45:
 109:src/syscall_c.cpp **** 
 110:src/syscall_c.cpp **** int sem_signal(sem_t id) {
 562              		.loc 1 110 26 is_stmt 1
GAS LISTING /tmp/ccVl4AG2.s 			page 13


 563              		.cfi_startproc
 564              	.LVL24:
 565 01f4 130101FF 		addi	sp,sp,-16
 566              		.cfi_def_cfa_offset 16
 567 01f8 23348100 		sd	s0,8(sp)
 568              		.cfi_offset 8, -8
 569 01fc 13040101 		addi	s0,sp,16
 570              		.cfi_def_cfa 8, 0
 111:src/syscall_c.cpp ****     __asm__ volatile("li a0, 0x24");
 571              		.loc 1 111 5
 572              		.loc 1 111 36 is_stmt 0
 573              	#APP
 574              	# 111 "src/syscall_c.cpp" 1
 112              	    __asm__ volatile ("mv a1, %0" : : "r" (id));
 575              		li a0, 0x24
 576              	# 0 "" 2
 577              		.loc 1 112 5 is_stmt 1
 578              		.loc 1 112 48 is_stmt 0
 579              	# 112 "src/syscall_c.cpp" 1
 113              	    __asm__ volatile ("ecall");
 580              		mv a1, a0
 581              	# 0 "" 2
 582              		.loc 1 113 5 is_stmt 1
 583              		.loc 1 113 31 is_stmt 0
 584              	# 113 "src/syscall_c.cpp" 1
 114              	
 115:src/syscall_c.cpp ****     int result;
 585              		ecall
 586              	# 0 "" 2
 587              		.loc 1 115 5 is_stmt 1
 116:src/syscall_c.cpp ****     __asm__ volatile("mv %0, a0" : "=r" (result));
 588              		.loc 1 116 5
 589              		.loc 1 116 50 is_stmt 0
 590              	# 116 "src/syscall_c.cpp" 1
 117              	    return result;
 591              		mv a0, a0
 592              	# 0 "" 2
 593              	.LVL25:
 594              		.loc 1 117 5 is_stmt 1
 118:src/syscall_c.cpp **** }
 595              		.loc 1 118 1 is_stmt 0
 596              	#NO_APP
 597 0210 1B050500 		sext.w	a0,a0
 598 0214 03348100 		ld	s0,8(sp)
 599              		.cfi_restore 8
 600              		.cfi_def_cfa 2, 16
 601 0218 13010101 		addi	sp,sp,16
 602              		.cfi_def_cfa_offset 0
 603 021c 67800000 		jr	ra
 604              		.cfi_endproc
 605              	.LFE45:
 607              		.align	2
 608              		.globl	_Z10time_sleepm
 610              	_Z10time_sleepm:
 611              	.LFB46:
 119:src/syscall_c.cpp **** 
 120:src/syscall_c.cpp **** int time_sleep(time_t time) {
GAS LISTING /tmp/ccVl4AG2.s 			page 14


 612              		.loc 1 120 29 is_stmt 1
 613              		.cfi_startproc
 614              	.LVL26:
 615 0220 130101FF 		addi	sp,sp,-16
 616              		.cfi_def_cfa_offset 16
 617 0224 23348100 		sd	s0,8(sp)
 618              		.cfi_offset 8, -8
 619 0228 13040101 		addi	s0,sp,16
 620              		.cfi_def_cfa 8, 0
 121:src/syscall_c.cpp ****     __asm__ volatile("li a0, 0x31");
 621              		.loc 1 121 5
 622              		.loc 1 121 36 is_stmt 0
 623              	#APP
 624              	# 121 "src/syscall_c.cpp" 1
 122              	    __asm__ volatile ("mv a1, %0" : : "r" (time));
 625              		li a0, 0x31
 626              	# 0 "" 2
 627              		.loc 1 122 5 is_stmt 1
 628              		.loc 1 122 50 is_stmt 0
 629              	# 122 "src/syscall_c.cpp" 1
 123              	    __asm__ volatile ("ecall");
 630              		mv a1, a0
 631              	# 0 "" 2
 632              		.loc 1 123 5 is_stmt 1
 633              		.loc 1 123 31 is_stmt 0
 634              	# 123 "src/syscall_c.cpp" 1
 124              	
 125:src/syscall_c.cpp ****     int result;
 635              		ecall
 636              	# 0 "" 2
 637              		.loc 1 125 5 is_stmt 1
 126:src/syscall_c.cpp ****     __asm__ volatile("mv %0, a0" : "=r" (result));
 638              		.loc 1 126 5
 639              		.loc 1 126 50 is_stmt 0
 640              	# 126 "src/syscall_c.cpp" 1
 127              	    return result;
 641              		mv a0, a0
 642              	# 0 "" 2
 643              	.LVL27:
 644              		.loc 1 127 5 is_stmt 1
 128:src/syscall_c.cpp **** }
 645              		.loc 1 128 1 is_stmt 0
 646              	#NO_APP
 647 023c 1B050500 		sext.w	a0,a0
 648 0240 03348100 		ld	s0,8(sp)
 649              		.cfi_restore 8
 650              		.cfi_def_cfa 2, 16
 651 0244 13010101 		addi	sp,sp,16
 652              		.cfi_def_cfa_offset 0
 653 0248 67800000 		jr	ra
 654              		.cfi_endproc
 655              	.LFE46:
 657              		.align	2
 658              		.globl	_Z4getcv
 660              	_Z4getcv:
 661              	.LFB47:
 129:src/syscall_c.cpp **** 
GAS LISTING /tmp/ccVl4AG2.s 			page 15


 130:src/syscall_c.cpp **** char getc() {
 662              		.loc 1 130 13 is_stmt 1
 663              		.cfi_startproc
 664 024c 130101FF 		addi	sp,sp,-16
 665              		.cfi_def_cfa_offset 16
 666 0250 23348100 		sd	s0,8(sp)
 667              		.cfi_offset 8, -8
 668 0254 13040101 		addi	s0,sp,16
 669              		.cfi_def_cfa 8, 0
 131:src/syscall_c.cpp ****     __asm__ volatile("li a0, 0x41");
 670              		.loc 1 131 5
 671              		.loc 1 131 36 is_stmt 0
 672              	#APP
 673              	# 131 "src/syscall_c.cpp" 1
 132              	    __asm__ volatile ("ecall");
 674              		li a0, 0x41
 675              	# 0 "" 2
 676              		.loc 1 132 5 is_stmt 1
 677              		.loc 1 132 31 is_stmt 0
 678              	# 132 "src/syscall_c.cpp" 1
 133              	
 134:src/syscall_c.cpp ****     char result;
 679              		ecall
 680              	# 0 "" 2
 681              		.loc 1 134 5 is_stmt 1
 135:src/syscall_c.cpp ****     __asm__ volatile("mv %0, a0" : "=r"(result));
 682              		.loc 1 135 5
 683              		.loc 1 135 49 is_stmt 0
 684              	# 135 "src/syscall_c.cpp" 1
 136              	    return result;
 685              		mv a0, a0
 686              	# 0 "" 2
 687              	.LVL28:
 688              		.loc 1 136 5 is_stmt 1
 137:src/syscall_c.cpp **** }
 689              		.loc 1 137 1 is_stmt 0
 690              	#NO_APP
 691 0264 1375F50F 		andi	a0,a0,0xff
 692 0268 03348100 		ld	s0,8(sp)
 693              		.cfi_restore 8
 694              		.cfi_def_cfa 2, 16
 695 026c 13010101 		addi	sp,sp,16
 696              		.cfi_def_cfa_offset 0
 697 0270 67800000 		jr	ra
 698              		.cfi_endproc
 699              	.LFE47:
 701              		.align	2
 702              		.globl	_Z4putcc
 704              	_Z4putcc:
 705              	.LFB48:
 138:src/syscall_c.cpp **** 
 139:src/syscall_c.cpp **** void putc(char c) {
 706              		.loc 1 139 19 is_stmt 1
 707              		.cfi_startproc
 708              	.LVL29:
 709 0274 130101FF 		addi	sp,sp,-16
 710              		.cfi_def_cfa_offset 16
GAS LISTING /tmp/ccVl4AG2.s 			page 16


 711 0278 23348100 		sd	s0,8(sp)
 712              		.cfi_offset 8, -8
 713 027c 13040101 		addi	s0,sp,16
 714              		.cfi_def_cfa 8, 0
 140:src/syscall_c.cpp ****     __asm__ volatile ("mv a1, %0" : : "r" (c));
 715              		.loc 1 140 5
 716              		.loc 1 140 47 is_stmt 0
 717              	#APP
 718              	# 140 "src/syscall_c.cpp" 1
 141              	    __asm__ volatile("li a0, 0x42");
 719              		mv a1, a0
 720              	# 0 "" 2
 721              		.loc 1 141 5 is_stmt 1
 722              		.loc 1 141 36 is_stmt 0
 723              	# 141 "src/syscall_c.cpp" 1
 142              	    __asm__ volatile ("ecall");
 724              		li a0, 0x42
 725              	# 0 "" 2
 726              		.loc 1 142 5 is_stmt 1
 727              		.loc 1 142 31 is_stmt 0
 728              	# 142 "src/syscall_c.cpp" 1
 143              	}...
 729              		ecall
 730              	# 0 "" 2
 731              		.loc 1 143 1
 732              	#NO_APP
 733 028c 03348100 		ld	s0,8(sp)
 734              		.cfi_restore 8
 735              		.cfi_def_cfa 2, 16
 736 0290 13010101 		addi	sp,sp,16
 737              		.cfi_def_cfa_offset 0
 738 0294 67800000 		jr	ra
 739              		.cfi_endproc
 740              	.LFE48:
 742              	.Letext0:
 743              		.file 3 "src/../h/../lib/hw.h"
 744              		.file 4 "src/../h/scheduler.hpp"
 745              		.file 5 "src/../h/list.hpp"
 746              		.file 6 "src/../h/syscall_c.hpp"
 747              		.file 7 "src/../h/Semaphore.hpp"
GAS LISTING /tmp/ccVl4AG2.s 			page 17


DEFINED SYMBOLS
                            *ABS*:0000000000000000 syscall_c.cpp
     /tmp/ccVl4AG2.s:9      .text:0000000000000000 _Z9mem_allocm
     /tmp/ccVl4AG2.s:13     .text:0000000000000000 .L0 
     /tmp/ccVl4AG2.s:15     .text:0000000000000000 .L0 
     /tmp/ccVl4AG2.s:16     .text:0000000000000004 .L0 
     /tmp/ccVl4AG2.s:18     .text:0000000000000008 .L0 
     /tmp/ccVl4AG2.s:20     .text:000000000000000c .L0 
     /tmp/ccVl4AG2.s:22     .text:000000000000000c .L0 
     /tmp/ccVl4AG2.s:23     .text:000000000000000c .L0 
     /tmp/ccVl4AG2.s:26     .text:0000000000000010 .L0 
     /tmp/ccVl4AG2.s:27     .text:0000000000000010 .L0 
     /tmp/ccVl4AG2.s:29     .text:0000000000000014 .L0 
     /tmp/ccVl4AG2.s:32     .text:0000000000000018 .L0 
     /tmp/ccVl4AG2.s:36     .text:0000000000000020 .L0 
     /tmp/ccVl4AG2.s:39     .text:0000000000000024 .L0 
   src/syscall_c.cpp:10     .text:0000000000000024 .L0 
     /tmp/ccVl4AG2.s:45     .text:0000000000000028 .L0 
   src/syscall_c.cpp:11     .text:0000000000000028 .L0 
     /tmp/ccVl4AG2.s:50     .text:000000000000002c .L0 
   src/syscall_c.cpp:12     .text:000000000000002c .L0 
     /tmp/ccVl4AG2.s:55     .text:0000000000000030 .L0 
     /tmp/ccVl4AG2.s:56     .text:0000000000000030 .L0 
   src/syscall_c.cpp:15     .text:0000000000000030 .L0 
     /tmp/ccVl4AG2.s:62     .text:0000000000000034 .L0 
     /tmp/ccVl4AG2.s:64     .text:0000000000000034 .L0 
     /tmp/ccVl4AG2.s:65     .text:0000000000000038 .L0 
     /tmp/ccVl4AG2.s:66     .text:0000000000000038 .L0 
     /tmp/ccVl4AG2.s:68     .text:000000000000003c .L0 
     /tmp/ccVl4AG2.s:70     .text:0000000000000040 .L0 
     /tmp/ccVl4AG2.s:76     .text:0000000000000040 _Z8mem_freePv
     /tmp/ccVl4AG2.s:79     .text:0000000000000040 .L0 
     /tmp/ccVl4AG2.s:81     .text:0000000000000040 .L0 
     /tmp/ccVl4AG2.s:82     .text:0000000000000044 .L0 
     /tmp/ccVl4AG2.s:84     .text:0000000000000048 .L0 
     /tmp/ccVl4AG2.s:86     .text:000000000000004c .L0 
     /tmp/ccVl4AG2.s:88     .text:000000000000004c .L0 
   src/syscall_c.cpp:20     .text:000000000000004c .L0 
     /tmp/ccVl4AG2.s:94     .text:0000000000000050 .L0 
   src/syscall_c.cpp:21     .text:0000000000000050 .L0 
     /tmp/ccVl4AG2.s:99     .text:0000000000000054 .L0 
   src/syscall_c.cpp:22     .text:0000000000000054 .L0 
     /tmp/ccVl4AG2.s:104    .text:0000000000000058 .L0 
     /tmp/ccVl4AG2.s:105    .text:0000000000000058 .L0 
   src/syscall_c.cpp:25     .text:0000000000000058 .L0 
     /tmp/ccVl4AG2.s:111    .text:000000000000005c .L0 
     /tmp/ccVl4AG2.s:113    .text:000000000000005c .L0 
     /tmp/ccVl4AG2.s:115    .text:0000000000000064 .L0 
     /tmp/ccVl4AG2.s:116    .text:0000000000000064 .L0 
     /tmp/ccVl4AG2.s:118    .text:0000000000000068 .L0 
     /tmp/ccVl4AG2.s:120    .text:000000000000006c .L0 
     /tmp/ccVl4AG2.s:126    .text:000000000000006c _Z18mem_get_free_spacev
     /tmp/ccVl4AG2.s:129    .text:000000000000006c .L0 
     /tmp/ccVl4AG2.s:130    .text:000000000000006c .L0 
     /tmp/ccVl4AG2.s:131    .text:0000000000000070 .L0 
     /tmp/ccVl4AG2.s:133    .text:0000000000000074 .L0 
     /tmp/ccVl4AG2.s:135    .text:0000000000000078 .L0 
GAS LISTING /tmp/ccVl4AG2.s 			page 18


     /tmp/ccVl4AG2.s:137    .text:0000000000000078 .L0 
   src/syscall_c.cpp:30     .text:0000000000000078 .L0 
     /tmp/ccVl4AG2.s:143    .text:000000000000007c .L0 
   src/syscall_c.cpp:31     .text:000000000000007c .L0 
     /tmp/ccVl4AG2.s:148    .text:0000000000000080 .L0 
     /tmp/ccVl4AG2.s:149    .text:0000000000000080 .L0 
   src/syscall_c.cpp:34     .text:0000000000000080 .L0 
     /tmp/ccVl4AG2.s:155    .text:0000000000000084 .L0 
     /tmp/ccVl4AG2.s:157    .text:0000000000000084 .L0 
     /tmp/ccVl4AG2.s:158    .text:0000000000000088 .L0 
     /tmp/ccVl4AG2.s:159    .text:0000000000000088 .L0 
     /tmp/ccVl4AG2.s:161    .text:000000000000008c .L0 
     /tmp/ccVl4AG2.s:163    .text:0000000000000090 .L0 
     /tmp/ccVl4AG2.s:169    .text:0000000000000090 _Z26mem_get_largest_free_blockv
     /tmp/ccVl4AG2.s:172    .text:0000000000000090 .L0 
     /tmp/ccVl4AG2.s:173    .text:0000000000000090 .L0 
     /tmp/ccVl4AG2.s:174    .text:0000000000000094 .L0 
     /tmp/ccVl4AG2.s:176    .text:0000000000000098 .L0 
     /tmp/ccVl4AG2.s:178    .text:000000000000009c .L0 
     /tmp/ccVl4AG2.s:180    .text:000000000000009c .L0 
   src/syscall_c.cpp:39     .text:000000000000009c .L0 
     /tmp/ccVl4AG2.s:186    .text:00000000000000a0 .L0 
   src/syscall_c.cpp:40     .text:00000000000000a0 .L0 
     /tmp/ccVl4AG2.s:191    .text:00000000000000a4 .L0 
     /tmp/ccVl4AG2.s:192    .text:00000000000000a4 .L0 
   src/syscall_c.cpp:43     .text:00000000000000a4 .L0 
     /tmp/ccVl4AG2.s:198    .text:00000000000000a8 .L0 
     /tmp/ccVl4AG2.s:200    .text:00000000000000a8 .L0 
     /tmp/ccVl4AG2.s:201    .text:00000000000000ac .L0 
     /tmp/ccVl4AG2.s:202    .text:00000000000000ac .L0 
     /tmp/ccVl4AG2.s:204    .text:00000000000000b0 .L0 
     /tmp/ccVl4AG2.s:206    .text:00000000000000b4 .L0 
     /tmp/ccVl4AG2.s:212    .text:00000000000000b4 _Z13thread_createPP3CCBPFvPvES2_
     /tmp/ccVl4AG2.s:215    .text:00000000000000b4 .L0 
     /tmp/ccVl4AG2.s:217    .text:00000000000000b4 .L0 
     /tmp/ccVl4AG2.s:218    .text:00000000000000b8 .L0 
     /tmp/ccVl4AG2.s:220    .text:00000000000000bc .L0 
     /tmp/ccVl4AG2.s:222    .text:00000000000000c0 .L0 
     /tmp/ccVl4AG2.s:224    .text:00000000000000c0 .L0 
   src/syscall_c.cpp:48     .text:00000000000000c0 .L0 
     /tmp/ccVl4AG2.s:230    .text:00000000000000c4 .L0 
   src/syscall_c.cpp:49     .text:00000000000000c4 .L0 
     /tmp/ccVl4AG2.s:235    .text:00000000000000c8 .L0 
   src/syscall_c.cpp:50     .text:00000000000000c8 .L0 
     /tmp/ccVl4AG2.s:240    .text:00000000000000cc .L0 
   src/syscall_c.cpp:51     .text:00000000000000cc .L0 
     /tmp/ccVl4AG2.s:245    .text:00000000000000d0 .L0 
   src/syscall_c.cpp:52     .text:00000000000000d0 .L0 
     /tmp/ccVl4AG2.s:250    .text:00000000000000d4 .L0 
     /tmp/ccVl4AG2.s:251    .text:00000000000000d4 .L0 
   src/syscall_c.cpp:55     .text:00000000000000d4 .L0 
     /tmp/ccVl4AG2.s:257    .text:00000000000000d8 .L0 
     /tmp/ccVl4AG2.s:259    .text:00000000000000d8 .L0 
     /tmp/ccVl4AG2.s:261    .text:00000000000000e0 .L0 
     /tmp/ccVl4AG2.s:262    .text:00000000000000e0 .L0 
     /tmp/ccVl4AG2.s:264    .text:00000000000000e4 .L0 
     /tmp/ccVl4AG2.s:266    .text:00000000000000e8 .L0 
GAS LISTING /tmp/ccVl4AG2.s 			page 19


     /tmp/ccVl4AG2.s:272    .text:00000000000000e8 _Z12thread_startPP3CCB
     /tmp/ccVl4AG2.s:275    .text:00000000000000e8 .L0 
     /tmp/ccVl4AG2.s:277    .text:00000000000000e8 .L0 
     /tmp/ccVl4AG2.s:278    .text:00000000000000e8 .L0 
     /tmp/ccVl4AG2.s:280    .text:00000000000000ec .L0 
     /tmp/ccVl4AG2.s:281    .text:00000000000000f0 .L0 
     /tmp/ccVl4AG2.s:284    .text:00000000000000f8 .L0 
     /tmp/ccVl4AG2.s:285    .text:00000000000000f8 .L0 
     /tmp/ccVl4AG2.s:287    .text:00000000000000fc .L0 
     /tmp/ccVl4AG2.s:293    .text:00000000000000fc .L0 
     /tmp/ccVl4AG2.s:294    .text:00000000000000fc .L0 
     /tmp/ccVl4AG2.s:295    .text:00000000000000fc .L0 
     /tmp/ccVl4AG2.s:302    .text:0000000000000108 .L0 
     /tmp/ccVl4AG2.s:303    .text:0000000000000108 .L0 
     /tmp/ccVl4AG2.s:305    .text:000000000000010c .L0 
     /tmp/ccVl4AG2.s:306    .text:0000000000000110 .L0 
     /tmp/ccVl4AG2.s:308    .text:0000000000000114 .L0 
     /tmp/ccVl4AG2.s:309    .text:0000000000000114 .L0 
     /tmp/ccVl4AG2.s:311    .text:0000000000000118 .L0 
     /tmp/ccVl4AG2.s:316    .text:000000000000011c .L0 
     /tmp/ccVl4AG2.s:319    .text:0000000000000120 .L0 
     /tmp/ccVl4AG2.s:320    .text:0000000000000124 .L0 
     /tmp/ccVl4AG2.s:326    .text:0000000000000124 _Z11thread_exitv
     /tmp/ccVl4AG2.s:329    .text:0000000000000124 .L0 
     /tmp/ccVl4AG2.s:330    .text:0000000000000124 .L0 
     /tmp/ccVl4AG2.s:331    .text:0000000000000128 .L0 
     /tmp/ccVl4AG2.s:333    .text:000000000000012c .L0 
     /tmp/ccVl4AG2.s:335    .text:0000000000000130 .L0 
     /tmp/ccVl4AG2.s:337    .text:0000000000000130 .L0 
   src/syscall_c.cpp:66     .text:0000000000000130 .L0 
     /tmp/ccVl4AG2.s:343    .text:0000000000000134 .L0 
   src/syscall_c.cpp:67     .text:0000000000000134 .L0 
     /tmp/ccVl4AG2.s:348    .text:0000000000000138 .L0 
     /tmp/ccVl4AG2.s:349    .text:0000000000000138 .L0 
   src/syscall_c.cpp:70     .text:0000000000000138 .L0 
     /tmp/ccVl4AG2.s:355    .text:000000000000013c .L0 
     /tmp/ccVl4AG2.s:357    .text:000000000000013c .L0 
     /tmp/ccVl4AG2.s:359    .text:0000000000000144 .L0 
     /tmp/ccVl4AG2.s:360    .text:0000000000000144 .L0 
     /tmp/ccVl4AG2.s:362    .text:0000000000000148 .L0 
     /tmp/ccVl4AG2.s:364    .text:000000000000014c .L0 
     /tmp/ccVl4AG2.s:370    .text:000000000000014c _Z15thread_dispatchv
     /tmp/ccVl4AG2.s:373    .text:000000000000014c .L0 
     /tmp/ccVl4AG2.s:374    .text:000000000000014c .L0 
     /tmp/ccVl4AG2.s:375    .text:0000000000000150 .L0 
     /tmp/ccVl4AG2.s:377    .text:0000000000000154 .L0 
     /tmp/ccVl4AG2.s:379    .text:0000000000000158 .L0 
     /tmp/ccVl4AG2.s:381    .text:0000000000000158 .L0 
   src/syscall_c.cpp:75     .text:0000000000000158 .L0 
     /tmp/ccVl4AG2.s:387    .text:000000000000015c .L0 
   src/syscall_c.cpp:76     .text:000000000000015c .L0 
     /tmp/ccVl4AG2.s:393    .text:0000000000000160 .L0 
     /tmp/ccVl4AG2.s:394    .text:0000000000000164 .L0 
     /tmp/ccVl4AG2.s:395    .text:0000000000000164 .L0 
     /tmp/ccVl4AG2.s:397    .text:0000000000000168 .L0 
     /tmp/ccVl4AG2.s:399    .text:000000000000016c .L0 
     /tmp/ccVl4AG2.s:405    .text:000000000000016c _Z8sem_openPPN3ABI9SemaphoreEj
GAS LISTING /tmp/ccVl4AG2.s 			page 20


     /tmp/ccVl4AG2.s:408    .text:000000000000016c .L0 
     /tmp/ccVl4AG2.s:410    .text:000000000000016c .L0 
     /tmp/ccVl4AG2.s:411    .text:0000000000000170 .L0 
     /tmp/ccVl4AG2.s:413    .text:0000000000000174 .L0 
     /tmp/ccVl4AG2.s:415    .text:0000000000000178 .L0 
     /tmp/ccVl4AG2.s:417    .text:0000000000000178 .L0 
   src/syscall_c.cpp:80     .text:0000000000000178 .L0 
     /tmp/ccVl4AG2.s:423    .text:000000000000017c .L0 
   src/syscall_c.cpp:81     .text:000000000000017c .L0 
     /tmp/ccVl4AG2.s:428    .text:0000000000000180 .L0 
   src/syscall_c.cpp:82     .text:0000000000000180 .L0 
     /tmp/ccVl4AG2.s:433    .text:0000000000000184 .L0 
   src/syscall_c.cpp:83     .text:0000000000000184 .L0 
     /tmp/ccVl4AG2.s:438    .text:0000000000000188 .L0 
     /tmp/ccVl4AG2.s:439    .text:0000000000000188 .L0 
   src/syscall_c.cpp:86     .text:0000000000000188 .L0 
     /tmp/ccVl4AG2.s:445    .text:000000000000018c .L0 
     /tmp/ccVl4AG2.s:447    .text:000000000000018c .L0 
     /tmp/ccVl4AG2.s:449    .text:0000000000000194 .L0 
     /tmp/ccVl4AG2.s:450    .text:0000000000000194 .L0 
     /tmp/ccVl4AG2.s:452    .text:0000000000000198 .L0 
     /tmp/ccVl4AG2.s:454    .text:000000000000019c .L0 
     /tmp/ccVl4AG2.s:460    .text:000000000000019c _Z9sem_closePN3ABI9SemaphoreE
     /tmp/ccVl4AG2.s:463    .text:000000000000019c .L0 
     /tmp/ccVl4AG2.s:465    .text:000000000000019c .L0 
     /tmp/ccVl4AG2.s:466    .text:00000000000001a0 .L0 
     /tmp/ccVl4AG2.s:468    .text:00000000000001a4 .L0 
     /tmp/ccVl4AG2.s:470    .text:00000000000001a8 .L0 
     /tmp/ccVl4AG2.s:472    .text:00000000000001a8 .L0 
   src/syscall_c.cpp:91     .text:00000000000001a8 .L0 
     /tmp/ccVl4AG2.s:478    .text:00000000000001ac .L0 
   src/syscall_c.cpp:92     .text:00000000000001ac .L0 
     /tmp/ccVl4AG2.s:483    .text:00000000000001b0 .L0 
   src/syscall_c.cpp:93     .text:00000000000001b0 .L0 
     /tmp/ccVl4AG2.s:488    .text:00000000000001b4 .L0 
     /tmp/ccVl4AG2.s:489    .text:00000000000001b4 .L0 
   src/syscall_c.cpp:96     .text:00000000000001b4 .L0 
     /tmp/ccVl4AG2.s:495    .text:00000000000001b8 .L0 
     /tmp/ccVl4AG2.s:497    .text:00000000000001b8 .L0 
     /tmp/ccVl4AG2.s:499    .text:00000000000001c0 .L0 
     /tmp/ccVl4AG2.s:500    .text:00000000000001c0 .L0 
     /tmp/ccVl4AG2.s:502    .text:00000000000001c4 .L0 
     /tmp/ccVl4AG2.s:504    .text:00000000000001c8 .L0 
     /tmp/ccVl4AG2.s:510    .text:00000000000001c8 _Z8sem_waitPN3ABI9SemaphoreE
     /tmp/ccVl4AG2.s:513    .text:00000000000001c8 .L0 
     /tmp/ccVl4AG2.s:515    .text:00000000000001c8 .L0 
     /tmp/ccVl4AG2.s:516    .text:00000000000001cc .L0 
     /tmp/ccVl4AG2.s:518    .text:00000000000001d0 .L0 
     /tmp/ccVl4AG2.s:520    .text:00000000000001d4 .L0 
     /tmp/ccVl4AG2.s:522    .text:00000000000001d4 .L0 
   src/syscall_c.cpp:101    .text:00000000000001d4 .L0 
     /tmp/ccVl4AG2.s:528    .text:00000000000001d8 .L0 
   src/syscall_c.cpp:102    .text:00000000000001d8 .L0 
     /tmp/ccVl4AG2.s:533    .text:00000000000001dc .L0 
   src/syscall_c.cpp:103    .text:00000000000001dc .L0 
     /tmp/ccVl4AG2.s:538    .text:00000000000001e0 .L0 
     /tmp/ccVl4AG2.s:539    .text:00000000000001e0 .L0 
GAS LISTING /tmp/ccVl4AG2.s 			page 21


   src/syscall_c.cpp:106    .text:00000000000001e0 .L0 
     /tmp/ccVl4AG2.s:545    .text:00000000000001e4 .L0 
     /tmp/ccVl4AG2.s:547    .text:00000000000001e4 .L0 
     /tmp/ccVl4AG2.s:549    .text:00000000000001ec .L0 
     /tmp/ccVl4AG2.s:550    .text:00000000000001ec .L0 
     /tmp/ccVl4AG2.s:552    .text:00000000000001f0 .L0 
     /tmp/ccVl4AG2.s:554    .text:00000000000001f4 .L0 
     /tmp/ccVl4AG2.s:560    .text:00000000000001f4 _Z10sem_signalPN3ABI9SemaphoreE
     /tmp/ccVl4AG2.s:563    .text:00000000000001f4 .L0 
     /tmp/ccVl4AG2.s:565    .text:00000000000001f4 .L0 
     /tmp/ccVl4AG2.s:566    .text:00000000000001f8 .L0 
     /tmp/ccVl4AG2.s:568    .text:00000000000001fc .L0 
     /tmp/ccVl4AG2.s:570    .text:0000000000000200 .L0 
     /tmp/ccVl4AG2.s:572    .text:0000000000000200 .L0 
   src/syscall_c.cpp:111    .text:0000000000000200 .L0 
     /tmp/ccVl4AG2.s:578    .text:0000000000000204 .L0 
   src/syscall_c.cpp:112    .text:0000000000000204 .L0 
     /tmp/ccVl4AG2.s:583    .text:0000000000000208 .L0 
   src/syscall_c.cpp:113    .text:0000000000000208 .L0 
     /tmp/ccVl4AG2.s:588    .text:000000000000020c .L0 
     /tmp/ccVl4AG2.s:589    .text:000000000000020c .L0 
   src/syscall_c.cpp:116    .text:000000000000020c .L0 
     /tmp/ccVl4AG2.s:595    .text:0000000000000210 .L0 
     /tmp/ccVl4AG2.s:597    .text:0000000000000210 .L0 
     /tmp/ccVl4AG2.s:599    .text:0000000000000218 .L0 
     /tmp/ccVl4AG2.s:600    .text:0000000000000218 .L0 
     /tmp/ccVl4AG2.s:602    .text:000000000000021c .L0 
     /tmp/ccVl4AG2.s:604    .text:0000000000000220 .L0 
     /tmp/ccVl4AG2.s:610    .text:0000000000000220 _Z10time_sleepm
     /tmp/ccVl4AG2.s:613    .text:0000000000000220 .L0 
     /tmp/ccVl4AG2.s:615    .text:0000000000000220 .L0 
     /tmp/ccVl4AG2.s:616    .text:0000000000000224 .L0 
     /tmp/ccVl4AG2.s:618    .text:0000000000000228 .L0 
     /tmp/ccVl4AG2.s:620    .text:000000000000022c .L0 
     /tmp/ccVl4AG2.s:622    .text:000000000000022c .L0 
   src/syscall_c.cpp:121    .text:000000000000022c .L0 
     /tmp/ccVl4AG2.s:628    .text:0000000000000230 .L0 
   src/syscall_c.cpp:122    .text:0000000000000230 .L0 
     /tmp/ccVl4AG2.s:633    .text:0000000000000234 .L0 
   src/syscall_c.cpp:123    .text:0000000000000234 .L0 
     /tmp/ccVl4AG2.s:638    .text:0000000000000238 .L0 
     /tmp/ccVl4AG2.s:639    .text:0000000000000238 .L0 
   src/syscall_c.cpp:126    .text:0000000000000238 .L0 
     /tmp/ccVl4AG2.s:645    .text:000000000000023c .L0 
     /tmp/ccVl4AG2.s:647    .text:000000000000023c .L0 
     /tmp/ccVl4AG2.s:649    .text:0000000000000244 .L0 
     /tmp/ccVl4AG2.s:650    .text:0000000000000244 .L0 
     /tmp/ccVl4AG2.s:652    .text:0000000000000248 .L0 
     /tmp/ccVl4AG2.s:654    .text:000000000000024c .L0 
     /tmp/ccVl4AG2.s:660    .text:000000000000024c _Z4getcv
     /tmp/ccVl4AG2.s:663    .text:000000000000024c .L0 
     /tmp/ccVl4AG2.s:664    .text:000000000000024c .L0 
     /tmp/ccVl4AG2.s:665    .text:0000000000000250 .L0 
     /tmp/ccVl4AG2.s:667    .text:0000000000000254 .L0 
     /tmp/ccVl4AG2.s:669    .text:0000000000000258 .L0 
     /tmp/ccVl4AG2.s:671    .text:0000000000000258 .L0 
   src/syscall_c.cpp:131    .text:0000000000000258 .L0 
GAS LISTING /tmp/ccVl4AG2.s 			page 22


     /tmp/ccVl4AG2.s:677    .text:000000000000025c .L0 
   src/syscall_c.cpp:132    .text:000000000000025c .L0 
     /tmp/ccVl4AG2.s:682    .text:0000000000000260 .L0 
     /tmp/ccVl4AG2.s:683    .text:0000000000000260 .L0 
   src/syscall_c.cpp:135    .text:0000000000000260 .L0 
     /tmp/ccVl4AG2.s:689    .text:0000000000000264 .L0 
     /tmp/ccVl4AG2.s:691    .text:0000000000000264 .L0 
     /tmp/ccVl4AG2.s:693    .text:000000000000026c .L0 
     /tmp/ccVl4AG2.s:694    .text:000000000000026c .L0 
     /tmp/ccVl4AG2.s:696    .text:0000000000000270 .L0 
     /tmp/ccVl4AG2.s:698    .text:0000000000000274 .L0 
     /tmp/ccVl4AG2.s:704    .text:0000000000000274 _Z4putcc
     /tmp/ccVl4AG2.s:707    .text:0000000000000274 .L0 
     /tmp/ccVl4AG2.s:709    .text:0000000000000274 .L0 
     /tmp/ccVl4AG2.s:710    .text:0000000000000278 .L0 
     /tmp/ccVl4AG2.s:712    .text:000000000000027c .L0 
     /tmp/ccVl4AG2.s:714    .text:0000000000000280 .L0 
     /tmp/ccVl4AG2.s:716    .text:0000000000000280 .L0 
   src/syscall_c.cpp:140    .text:0000000000000280 .L0 
     /tmp/ccVl4AG2.s:722    .text:0000000000000284 .L0 
   src/syscall_c.cpp:141    .text:0000000000000284 .L0 
     /tmp/ccVl4AG2.s:727    .text:0000000000000288 .L0 
   src/syscall_c.cpp:142    .text:0000000000000288 .L0 
     /tmp/ccVl4AG2.s:733    .text:000000000000028c .L0 
     /tmp/ccVl4AG2.s:734    .text:0000000000000290 .L0 
     /tmp/ccVl4AG2.s:735    .text:0000000000000290 .L0 
     /tmp/ccVl4AG2.s:737    .text:0000000000000294 .L0 
     /tmp/ccVl4AG2.s:739    .text:0000000000000298 .L0 
     /tmp/ccVl4AG2.s:748    .text:0000000000000298 .L0 
     /tmp/ccVl4AG2.s:34     .text:0000000000000020 .L2
     /tmp/ccVl4AG2.s:314    .text:000000000000011c .L14
     /tmp/ccVl4AG2.s:2018   .debug_abbrev:0000000000000000 .Ldebug_abbrev0
     /tmp/ccVl4AG2.s:3440   .debug_str:000000000000076a .LASF129
     /tmp/ccVl4AG2.s:3314   .debug_str:0000000000000392 .LASF130
     /tmp/ccVl4AG2.s:3416   .debug_str:00000000000006a6 .LASF131
     /tmp/ccVl4AG2.s:5      .text:0000000000000000 .Ltext0
     /tmp/ccVl4AG2.s:742    .text:0000000000000298 .Letext0
     /tmp/ccVl4AG2.s:3190   .debug_line:0000000000000000 .Ldebug_line0
     /tmp/ccVl4AG2.s:3356   .debug_str:00000000000004d5 .LASF0
     /tmp/ccVl4AG2.s:3370   .debug_str:0000000000000534 .LASF1
     /tmp/ccVl4AG2.s:3334   .debug_str:0000000000000432 .LASF2
     /tmp/ccVl4AG2.s:3310   .debug_str:0000000000000382 .LASF4
     /tmp/ccVl4AG2.s:3418   .debug_str:00000000000006cb .LASF3
     /tmp/ccVl4AG2.s:3220   .debug_str:00000000000000ca .LASF5
     /tmp/ccVl4AG2.s:3262   .debug_str:0000000000000217 .LASF6
     /tmp/ccVl4AG2.s:3376   .debug_str:000000000000055a .LASF7
     /tmp/ccVl4AG2.s:3354   .debug_str:00000000000004c2 .LASF8
     /tmp/ccVl4AG2.s:3456   .debug_str:0000000000000895 .LASF9
     /tmp/ccVl4AG2.s:3304   .debug_str:000000000000035b .LASF10
     /tmp/ccVl4AG2.s:3390   .debug_str:00000000000005d7 .LASF11
     /tmp/ccVl4AG2.s:3444   .debug_str:000000000000083a .LASF12
     /tmp/ccVl4AG2.s:3226   .debug_str:00000000000000e4 .LASF13
     /tmp/ccVl4AG2.s:3200   .debug_str:0000000000000031 .LASF14
     /tmp/ccVl4AG2.s:3240   .debug_str:0000000000000175 .LASF15
     /tmp/ccVl4AG2.s:3412   .debug_str:000000000000068a .LASF16
     /tmp/ccVl4AG2.s:3254   .debug_str:00000000000001d1 .LASF17
     /tmp/ccVl4AG2.s:3388   .debug_str:00000000000005cd .LASF18
GAS LISTING /tmp/ccVl4AG2.s 			page 23


     /tmp/ccVl4AG2.s:3464   .debug_str:00000000000008d9 .LASF132
     /tmp/ccVl4AG2.s:3306   .debug_str:0000000000000369 .LASF133
     /tmp/ccVl4AG2.s:3366   .debug_str:0000000000000517 .LASF134
     /tmp/ccVl4AG2.s:3206   .debug_str:000000000000005d .LASF19
     /tmp/ccVl4AG2.s:3446   .debug_str:0000000000000849 .LASF135
     /tmp/ccVl4AG2.s:3260   .debug_str:0000000000000212 .LASF20
     /tmp/ccVl4AG2.s:3330   .debug_str:0000000000000426 .LASF21
     /tmp/ccVl4AG2.s:3308   .debug_str:000000000000037d .LASF22
     /tmp/ccVl4AG2.s:3482   .debug_str:000000000000098c .LASF24
     /tmp/ccVl4AG2.s:3382   .debug_str:0000000000000590 .LASF29
     /tmp/ccVl4AG2.s:3348   .debug_str:00000000000004a7 .LASF94
     /tmp/ccVl4AG2.s:3428   .debug_str:0000000000000716 .LASF96
     /tmp/ccVl4AG2.s:3438   .debug_str:0000000000000761 .LASF23
     /tmp/ccVl4AG2.s:3466   .debug_str:00000000000008ed .LASF25
     /tmp/ccVl4AG2.s:3302   .debug_str:0000000000000353 .LASF26
     /tmp/ccVl4AG2.s:3328   .debug_str:000000000000040a .LASF27
     /tmp/ccVl4AG2.s:3442   .debug_str:000000000000082e .LASF28
     /tmp/ccVl4AG2.s:3378   .debug_str:000000000000056d .LASF30
     /tmp/ccVl4AG2.s:3236   .debug_str:0000000000000155 .LASF31
     /tmp/ccVl4AG2.s:3462   .debug_str:00000000000008be .LASF32
     /tmp/ccVl4AG2.s:3364   .debug_str:000000000000050c .LASF33
     /tmp/ccVl4AG2.s:3326   .debug_str:00000000000003ed .LASF34
     /tmp/ccVl4AG2.s:3322   .debug_str:00000000000003d9 .LASF35
     /tmp/ccVl4AG2.s:3478   .debug_str:0000000000000964 .LASF36
     /tmp/ccVl4AG2.s:3252   .debug_str:00000000000001cb .LASF37
     /tmp/ccVl4AG2.s:3296   .debug_str:000000000000030c .LASF38
     /tmp/ccVl4AG2.s:3264   .debug_str:000000000000021e .LASF136
     /tmp/ccVl4AG2.s:3448   .debug_str:000000000000084e .LASF39
     /tmp/ccVl4AG2.s:3486   .debug_str:00000000000009ab .LASF40
     /tmp/ccVl4AG2.s:3342   .debug_str:0000000000000483 .LASF41
     /tmp/ccVl4AG2.s:3292   .debug_str:00000000000002e5 .LASF42
     /tmp/ccVl4AG2.s:3336   .debug_str:0000000000000440 .LASF43
     /tmp/ccVl4AG2.s:3410   .debug_str:0000000000000673 .LASF44
     /tmp/ccVl4AG2.s:3468   .debug_str:000000000000090a .LASF45
     /tmp/ccVl4AG2.s:3338   .debug_str:000000000000044c .LASF46
     /tmp/ccVl4AG2.s:3406   .debug_str:0000000000000663 .LASF137
     /tmp/ccVl4AG2.s:3414   .debug_str:00000000000006a0 .LASF57
     /tmp/ccVl4AG2.s:3392   .debug_str:00000000000005e6 .LASF59
     /tmp/ccVl4AG2.s:3280   .debug_str:000000000000029a .LASF138
     /tmp/ccVl4AG2.s:3424   .debug_str:00000000000006fa .LASF51
     /tmp/ccVl4AG2.s:3208   .debug_str:0000000000000067 .LASF53
     /tmp/ccVl4AG2.s:3470   .debug_str:000000000000091a .LASF47
     /tmp/ccVl4AG2.s:3216   .debug_str:000000000000009f .LASF48
     /tmp/ccVl4AG2.s:3300   .debug_str:0000000000000343 .LASF49
     /tmp/ccVl4AG2.s:3374   .debug_str:000000000000054e .LASF50
     /tmp/ccVl4AG2.s:3426   .debug_str:0000000000000706 .LASF52
     /tmp/ccVl4AG2.s:3242   .debug_str:0000000000000181 .LASF54
     /tmp/ccVl4AG2.s:3430   .debug_str:000000000000072d .LASF55
     /tmp/ccVl4AG2.s:3474   .debug_str:0000000000000947 .LASF56
     /tmp/ccVl4AG2.s:3358   .debug_str:00000000000004e2 .LASF58
     /tmp/ccVl4AG2.s:3420   .debug_str:00000000000006dd .LASF60
     /tmp/ccVl4AG2.s:3340   .debug_str:000000000000046f .LASF139
     /tmp/ccVl4AG2.s:3316   .debug_str:00000000000003a4 .LASF61
     /tmp/ccVl4AG2.s:3360   .debug_str:00000000000004eb .LASF62
     /tmp/ccVl4AG2.s:3318   .debug_str:00000000000003a9 .LASF63
     /tmp/ccVl4AG2.s:3402   .debug_str:000000000000063c .LASF64
     /tmp/ccVl4AG2.s:3246   .debug_str:00000000000001a8 .LASF65
GAS LISTING /tmp/ccVl4AG2.s 			page 24


     /tmp/ccVl4AG2.s:3320   .debug_str:00000000000003b1 .LASF140
     /tmp/ccVl4AG2.s:3224   .debug_str:00000000000000d9 .LASF141
     /tmp/ccVl4AG2.s:3286   .debug_str:00000000000002be .LASF66
     /tmp/ccVl4AG2.s:3192   .debug_str:0000000000000000 .LASF67
     /tmp/ccVl4AG2.s:3278   .debug_str:0000000000000294 .LASF68
     /tmp/ccVl4AG2.s:3194   .debug_str:0000000000000009 .LASF83
     /tmp/ccVl4AG2.s:3346   .debug_str:0000000000000497 .LASF142
     /tmp/ccVl4AG2.s:3210   .debug_str:0000000000000080 .LASF143
     /tmp/ccVl4AG2.s:3238   .debug_str:000000000000015f .LASF144
     /tmp/ccVl4AG2.s:3476   .debug_str:0000000000000954 .LASF69
     /tmp/ccVl4AG2.s:3234   .debug_str:0000000000000130 .LASF70
     /tmp/ccVl4AG2.s:3284   .debug_str:00000000000002b9 .LASF71
     /tmp/ccVl4AG2.s:3288   .debug_str:00000000000002c3 .LASF72
     /tmp/ccVl4AG2.s:3250   .debug_str:00000000000001c4 .LASF73
     /tmp/ccVl4AG2.s:3362   .debug_str:00000000000004f1 .LASF74
     /tmp/ccVl4AG2.s:3436   .debug_str:000000000000075b .LASF75
     /tmp/ccVl4AG2.s:3266   .debug_str:0000000000000226 .LASF76
     /tmp/ccVl4AG2.s:3344   .debug_str:000000000000048e .LASF77
     /tmp/ccVl4AG2.s:3232   .debug_str:0000000000000112 .LASF78
     /tmp/ccVl4AG2.s:3272   .debug_str:0000000000000260 .LASF79
     /tmp/ccVl4AG2.s:3432   .debug_str:0000000000000740 .LASF80
     /tmp/ccVl4AG2.s:3204   .debug_str:0000000000000046 .LASF81
     /tmp/ccVl4AG2.s:3282   .debug_str:00000000000002a2 .LASF82
     /tmp/ccVl4AG2.s:3450   .debug_str:0000000000000853 .LASF84
     /tmp/ccVl4AG2.s:3276   .debug_str:000000000000028e .LASF85
     /tmp/ccVl4AG2.s:3244   .debug_str:000000000000018e .LASF86
     /tmp/ccVl4AG2.s:3222   .debug_str:00000000000000d1 .LASF87
     /tmp/ccVl4AG2.s:3386   .debug_str:00000000000005b1 .LASF88
     /tmp/ccVl4AG2.s:3332   .debug_str:000000000000042b .LASF89
     /tmp/ccVl4AG2.s:3352   .debug_str:00000000000004ba .LASF90
     /tmp/ccVl4AG2.s:3458   .debug_str:00000000000008a5 .LASF145
     /tmp/ccVl4AG2.s:3268   .debug_str:0000000000000240 .LASF91
     /tmp/ccVl4AG2.s:3290   .debug_str:00000000000002dc .LASF92
     /tmp/ccVl4AG2.s:705    .text:0000000000000274 .LFB48
     /tmp/ccVl4AG2.s:740    .text:0000000000000298 .LFE48
     /tmp/ccVl4AG2.s:3380   .debug_str:000000000000058b .LASF93
     /tmp/ccVl4AG2.s:3202   .debug_str:0000000000000041 .LASF95
     /tmp/ccVl4AG2.s:3214   .debug_str:0000000000000096 .LASF97
     /tmp/ccVl4AG2.s:661    .text:000000000000024c .LFB47
     /tmp/ccVl4AG2.s:699    .text:0000000000000274 .LFE47
     /tmp/ccVl4AG2.s:3198   .debug_str:000000000000002a .LASF98
     /tmp/ccVl4AG2.s:3212   .debug_str:000000000000008b .LASF99
     /tmp/ccVl4AG2.s:3398   .debug_str:000000000000061e .LASF100
     /tmp/ccVl4AG2.s:611    .text:0000000000000220 .LFB46
     /tmp/ccVl4AG2.s:655    .text:000000000000024c .LFE46
     /tmp/ccVl4AG2.s:3368   .debug_str:000000000000052f .LASF101
     /tmp/ccVl4AG2.s:3015   .debug_loc:0000000000000000 .LLST10
     /tmp/ccVl4AG2.s:3454   .debug_str:000000000000088a .LASF102
     /tmp/ccVl4AG2.s:3298   .debug_str:0000000000000323 .LASF103
     /tmp/ccVl4AG2.s:561    .text:00000000000001f4 .LFB45
     /tmp/ccVl4AG2.s:605    .text:0000000000000220 .LFE45
     /tmp/ccVl4AG2.s:3029   .debug_loc:0000000000000039 .LLST9
     /tmp/ccVl4AG2.s:3350   .debug_str:00000000000004b1 .LASF104
     /tmp/ccVl4AG2.s:3256   .debug_str:00000000000001e7 .LASF105
     /tmp/ccVl4AG2.s:511    .text:00000000000001c8 .LFB44
     /tmp/ccVl4AG2.s:555    .text:00000000000001f4 .LFE44
     /tmp/ccVl4AG2.s:3043   .debug_loc:0000000000000072 .LLST8
GAS LISTING /tmp/ccVl4AG2.s 			page 25


     /tmp/ccVl4AG2.s:3384   .debug_str:00000000000005a7 .LASF106
     /tmp/ccVl4AG2.s:3404   .debug_str:0000000000000645 .LASF107
     /tmp/ccVl4AG2.s:461    .text:000000000000019c .LFB43
     /tmp/ccVl4AG2.s:505    .text:00000000000001c8 .LFE43
     /tmp/ccVl4AG2.s:3372   .debug_str:0000000000000547 .LASF108
     /tmp/ccVl4AG2.s:3057   .debug_loc:00000000000000ab .LLST7
     /tmp/ccVl4AG2.s:3460   .debug_str:00000000000008b5 .LASF109
     /tmp/ccVl4AG2.s:3218   .debug_str:00000000000000ab .LASF110
     /tmp/ccVl4AG2.s:406    .text:000000000000016c .LFB42
     /tmp/ccVl4AG2.s:455    .text:000000000000019c .LFE42
     /tmp/ccVl4AG2.s:3071   .debug_loc:00000000000000e4 .LLST6
     /tmp/ccVl4AG2.s:3488   .debug_str:00000000000009b7 .LASF111
     /tmp/ccVl4AG2.s:3294   .debug_str:00000000000002fc .LASF146
     /tmp/ccVl4AG2.s:3396   .debug_str:0000000000000609 .LASF147
     /tmp/ccVl4AG2.s:371    .text:000000000000014c .LFB41
     /tmp/ccVl4AG2.s:400    .text:000000000000016c .LFE41
     /tmp/ccVl4AG2.s:3484   .debug_str:000000000000099f .LASF112
     /tmp/ccVl4AG2.s:3230   .debug_str:0000000000000101 .LASF113
     /tmp/ccVl4AG2.s:327    .text:0000000000000124 .LFB40
     /tmp/ccVl4AG2.s:365    .text:000000000000014c .LFE40
     /tmp/ccVl4AG2.s:3228   .debug_str:00000000000000f4 .LASF114
     /tmp/ccVl4AG2.s:3196   .debug_str:0000000000000013 .LASF115
     /tmp/ccVl4AG2.s:273    .text:00000000000000e8 .LFB39
     /tmp/ccVl4AG2.s:321    .text:0000000000000124 .LFE39
     /tmp/ccVl4AG2.s:3085   .debug_loc:000000000000011d .LLST4
     /tmp/ccVl4AG2.s:290    .text:00000000000000fc .LBB4
     /tmp/ccVl4AG2.s:300    .text:0000000000000108 .LBE4
     /tmp/ccVl4AG2.s:3110   .debug_loc:000000000000017f .LLST5
     /tmp/ccVl4AG2.s:298    .text:0000000000000108 .LVL14
     /tmp/ccVl4AG2.s:3258   .debug_str:0000000000000204 .LASF116
     /tmp/ccVl4AG2.s:3452   .debug_str:0000000000000869 .LASF117
     /tmp/ccVl4AG2.s:213    .text:00000000000000b4 .LFB38
     /tmp/ccVl4AG2.s:267    .text:00000000000000e8 .LFE38
     /tmp/ccVl4AG2.s:3122   .debug_loc:00000000000001b6 .LLST3
     /tmp/ccVl4AG2.s:3400   .debug_str:000000000000062e .LASF118
     /tmp/ccVl4AG2.s:3270   .debug_str:0000000000000245 .LASF119
     /tmp/ccVl4AG2.s:3472   .debug_str:0000000000000927 .LASF120
     /tmp/ccVl4AG2.s:170    .text:0000000000000090 .LFB37
     /tmp/ccVl4AG2.s:207    .text:00000000000000b4 .LFE37
     /tmp/ccVl4AG2.s:3394   .debug_str:00000000000005f6 .LASF121
     /tmp/ccVl4AG2.s:3274   .debug_str:0000000000000276 .LASF122
     /tmp/ccVl4AG2.s:127    .text:000000000000006c .LFB36
     /tmp/ccVl4AG2.s:164    .text:0000000000000090 .LFE36
     /tmp/ccVl4AG2.s:3312   .debug_str:0000000000000389 .LASF123
     /tmp/ccVl4AG2.s:3480   .debug_str:000000000000097e .LASF124
     /tmp/ccVl4AG2.s:77     .text:0000000000000040 .LFB35
     /tmp/ccVl4AG2.s:121    .text:000000000000006c .LFE35
     /tmp/ccVl4AG2.s:3136   .debug_loc:00000000000001ef .LLST2
     /tmp/ccVl4AG2.s:3422   .debug_str:00000000000006f0 .LASF125
     /tmp/ccVl4AG2.s:3248   .debug_str:00000000000001b6 .LASF126
     /tmp/ccVl4AG2.s:10     .text:0000000000000000 .LFB34
     /tmp/ccVl4AG2.s:71     .text:0000000000000040 .LFE34
     /tmp/ccVl4AG2.s:3434   .debug_str:0000000000000756 .LASF127
     /tmp/ccVl4AG2.s:3150   .debug_loc:0000000000000228 .LLST0
     /tmp/ccVl4AG2.s:3324   .debug_str:00000000000003e2 .LASF128
     /tmp/ccVl4AG2.s:3170   .debug_loc:0000000000000276 .LLST1
     /tmp/ccVl4AG2.s:3408   .debug_str:0000000000000668 .LASF148
GAS LISTING /tmp/ccVl4AG2.s 			page 26


     /tmp/ccVl4AG2.s:614    .text:0000000000000220 .LVL26
     /tmp/ccVl4AG2.s:643    .text:000000000000023c .LVL27
     /tmp/ccVl4AG2.s:564    .text:00000000000001f4 .LVL24
     /tmp/ccVl4AG2.s:593    .text:0000000000000210 .LVL25
     /tmp/ccVl4AG2.s:514    .text:00000000000001c8 .LVL22
     /tmp/ccVl4AG2.s:543    .text:00000000000001e4 .LVL23
     /tmp/ccVl4AG2.s:464    .text:000000000000019c .LVL20
     /tmp/ccVl4AG2.s:493    .text:00000000000001b8 .LVL21
     /tmp/ccVl4AG2.s:409    .text:000000000000016c .LVL18
     /tmp/ccVl4AG2.s:443    .text:000000000000018c .LVL19
     /tmp/ccVl4AG2.s:276    .text:00000000000000e8 .LVL11
     /tmp/ccVl4AG2.s:296    .text:0000000000000100 .LVL13
     /tmp/ccVl4AG2.s:313    .text:000000000000011c .LVL15
     /tmp/ccVl4AG2.s:317    .text:0000000000000120 .LVL16
     /tmp/ccVl4AG2.s:289    .text:00000000000000fc .LVL12
     /tmp/ccVl4AG2.s:216    .text:00000000000000b4 .LVL9
     /tmp/ccVl4AG2.s:255    .text:00000000000000d8 .LVL10
     /tmp/ccVl4AG2.s:80     .text:0000000000000040 .LVL5
     /tmp/ccVl4AG2.s:109    .text:000000000000005c .LVL6
     /tmp/ccVl4AG2.s:14     .text:0000000000000000 .LVL0
     /tmp/ccVl4AG2.s:24     .text:0000000000000010 .LVL1
     /tmp/ccVl4AG2.s:30     .text:0000000000000018 .LVL2
     /tmp/ccVl4AG2.s:37     .text:0000000000000024 .LVL3
     /tmp/ccVl4AG2.s:60     .text:0000000000000034 .LVL4
     /tmp/ccVl4AG2.s:749    .debug_info:0000000000000000 .Ldebug_info0

UNDEFINED SYMBOLS
_ZN9Scheduler3putEP3CCB
