GAS LISTING /tmp/ccbMbbVJ.s 			page 1


   1              		.file	"tcb.cpp"
   2              		.option pic
   3              		.option norelax
   4              		.text
   5              	.Ltext0:
   6              		.align	2
   7              		.globl	_ZN3TCB12createThreadEPFvPvES0_Pm
   9              	_ZN3TCB12createThreadEPFvPvES0_Pm:
  10              	.LFB45:
  11              		.file 1 "src/tcb.cpp"
   1:src/tcb.cpp   **** //
   2:src/tcb.cpp   **** // Created by marko on 20.4.22..
   3:src/tcb.cpp   **** //
   4:src/tcb.cpp   **** 
   5:src/tcb.cpp   **** #include "../h/tcb.hpp"
   6:src/tcb.cpp   **** #include "../h/riscv.hpp"
   7:src/tcb.cpp   **** #include "../h/syscall_c.hpp"
   8:src/tcb.cpp   **** 
   9:src/tcb.cpp   **** TCB *TCB::running = nullptr;
  10:src/tcb.cpp   **** TCB *TCB::main = nullptr;
  11:src/tcb.cpp   **** 
  12:src/tcb.cpp   **** TCB *TCB::createThread(Body body, void* arg, uint64* stack)
  13:src/tcb.cpp   **** {
  12              		.loc 1 13 1
  13              		.cfi_startproc
  14              		.cfi_personality 0x9b,DW.ref.__gxx_personality_v0
  15              		.cfi_lsda 0x1b,.LLSDA45
  16              	.LVL0:
  17 0000 130101FD 		addi	sp,sp,-48
  18              		.cfi_def_cfa_offset 48
  19 0004 23341102 		sd	ra,40(sp)
  20 0008 23308102 		sd	s0,32(sp)
  21 000c 233C9100 		sd	s1,24(sp)
  22 0010 23382101 		sd	s2,16(sp)
  23 0014 23343101 		sd	s3,8(sp)
  24 0018 23304101 		sd	s4,0(sp)
  25              		.cfi_offset 1, -8
  26              		.cfi_offset 8, -16
  27              		.cfi_offset 9, -24
  28              		.cfi_offset 18, -32
  29              		.cfi_offset 19, -40
  30              		.cfi_offset 20, -48
  31 001c 13040103 		addi	s0,sp,48
  32              		.cfi_def_cfa 8, 0
  33 0020 93090500 		mv	s3,a0
  34 0024 138A0500 		mv	s4,a1
  35 0028 13090600 		mv	s2,a2
  14:src/tcb.cpp   ****     return new TCB(body, arg, stack);
  36              		.loc 1 14 5
  37              	.LVL1:
  38              	.LBB44:
  39              	.LBB45:
  40              		.file 2 "src/../h/tcb.hpp"
   1:src/../h/tcb.hpp **** //
   2:src/../h/tcb.hpp **** // Created by marko on 20.4.22..
   3:src/../h/tcb.hpp **** //
   4:src/../h/tcb.hpp **** 
GAS LISTING /tmp/ccbMbbVJ.s 			page 2


   5:src/../h/tcb.hpp **** #ifndef OS1_VEZBE07_RISCV_CONTEXT_SWITCH_1_SYNCHRONOUS_CCB_HPP
   6:src/../h/tcb.hpp **** #define OS1_VEZBE07_RISCV_CONTEXT_SWITCH_1_SYNCHRONOUS_CCB_HPP
   7:src/../h/tcb.hpp **** 
   8:src/../h/tcb.hpp **** #include "../lib/hw.h"
   9:src/../h/tcb.hpp **** #include "scheduler.hpp"
  10:src/../h/tcb.hpp **** #include "MemoryAllocator.hpp"
  11:src/../h/tcb.hpp **** 
  12:src/../h/tcb.hpp **** // Thread Control Block
  13:src/../h/tcb.hpp **** class TCB
  14:src/../h/tcb.hpp **** {
  15:src/../h/tcb.hpp **** public:
  16:src/../h/tcb.hpp ****     // Destructor.
  17:src/../h/tcb.hpp ****     ~TCB() { delete[] stack; }
  18:src/../h/tcb.hpp **** 
  19:src/../h/tcb.hpp ****     // Checks if the thread is finished execution.
  20:src/../h/tcb.hpp ****     bool isFinished() const { return finished; }
  21:src/../h/tcb.hpp **** 
  22:src/../h/tcb.hpp ****     // Sets the thread's state to finished.
  23:src/../h/tcb.hpp ****     void setFinished(bool value) { finished = value; }
  24:src/../h/tcb.hpp **** 
  25:src/../h/tcb.hpp ****     // Checks if the thread is blocked.
  26:src/../h/tcb.hpp ****     bool isBlocked() const { return blocked; }
  27:src/../h/tcb.hpp **** 
  28:src/../h/tcb.hpp ****     // Sets the thread's state to blocked.
  29:src/../h/tcb.hpp ****     void setBlocked(bool value) { blocked = value; }
  30:src/../h/tcb.hpp **** 
  31:src/../h/tcb.hpp ****     // dummy method
  32:src/../h/tcb.hpp ****     using Body = void (*)(void*);
  33:src/../h/tcb.hpp **** 
  34:src/../h/tcb.hpp ****     // Creates and returns pointer to thread.
  35:src/../h/tcb.hpp ****     static TCB *createThread(Body body, void* arg, uint64* stack);
  36:src/../h/tcb.hpp **** 
  37:src/../h/tcb.hpp ****     // Yields execution of the running thread to the next.
  38:src/../h/tcb.hpp ****     static void yield();
  39:src/../h/tcb.hpp **** 
  40:src/../h/tcb.hpp ****     // Pointer to the currently running thread.
  41:src/../h/tcb.hpp ****     static TCB *running, *main;
  42:src/../h/tcb.hpp **** 
  43:src/../h/tcb.hpp ****     void* operator new(size_t size) {
  44:src/../h/tcb.hpp ****         return MemoryAllocator::Instance()->mem_alloc(size);
  41              		.loc 2 44 9
  42              	.LBB46:
  43              	.LBB47:
  44              		.file 3 "src/../h/MemoryAllocator.hpp"
   1:src/../h/MemoryAllocator.hpp **** #ifndef PROJECT_BASE_V1_1_MEMORYALLOCATOR_HPP
   2:src/../h/MemoryAllocator.hpp **** #define PROJECT_BASE_V1_1_MEMORYALLOCATOR_HPP
   3:src/../h/MemoryAllocator.hpp **** 
   4:src/../h/MemoryAllocator.hpp **** #include "../lib/hw.h"
   5:src/../h/MemoryAllocator.hpp **** 
   6:src/../h/MemoryAllocator.hpp **** class MemoryAllocator {
   7:src/../h/MemoryAllocator.hpp **** public:
   8:src/../h/MemoryAllocator.hpp **** 
   9:src/../h/MemoryAllocator.hpp ****     static MemoryAllocator* Instance() {
  10:src/../h/MemoryAllocator.hpp ****         static MemoryAllocator memoryAllocator;
  45              		.loc 3 10 9
  46              		.loc 3 10 32 is_stmt 0
  47 002c 97070000 		lbu	a5,_ZGVZN15MemoryAllocator8InstanceEvE15memoryAllocator
GAS LISTING /tmp/ccbMbbVJ.s 			page 3


  47      83C70700 
  48 0034 63920704 		bnez	a5,.L2
  49              	.LVL2:
  50              	.LBB48:
  51              	.LBB49:
  52              	.LBB50:
  11:src/../h/MemoryAllocator.hpp ****         return &memoryAllocator;
  12:src/../h/MemoryAllocator.hpp ****     }
  13:src/../h/MemoryAllocator.hpp **** 
  14:src/../h/MemoryAllocator.hpp ****     // Allocates a continuous memory block that contains at least size bytes.
  15:src/../h/MemoryAllocator.hpp ****     void* mem_alloc(size_t size);
  16:src/../h/MemoryAllocator.hpp **** 
  17:src/../h/MemoryAllocator.hpp ****     // Frees an allocated block of memory with the given address.
  18:src/../h/MemoryAllocator.hpp ****     int mem_free(void* addr);
  19:src/../h/MemoryAllocator.hpp **** 
  20:src/../h/MemoryAllocator.hpp ****     // Gets the total size of free memory expressed in bytes.
  21:src/../h/MemoryAllocator.hpp ****     size_t mem_get_free_space();
  22:src/../h/MemoryAllocator.hpp **** 
  23:src/../h/MemoryAllocator.hpp ****     // Gets the size of the largest block of free memory expressed in bytes.
  24:src/../h/MemoryAllocator.hpp ****     size_t mem_get_largest_free_block();
  25:src/../h/MemoryAllocator.hpp **** 
  26:src/../h/MemoryAllocator.hpp ****     struct Header {
  27:src/../h/MemoryAllocator.hpp ****         Header* next;
  28:src/../h/MemoryAllocator.hpp ****         size_t size;
  29:src/../h/MemoryAllocator.hpp ****     };
  30:src/../h/MemoryAllocator.hpp **** 
  31:src/../h/MemoryAllocator.hpp **** private:
  32:src/../h/MemoryAllocator.hpp **** 
  33:src/../h/MemoryAllocator.hpp ****     Header* free_head;
  34:src/../h/MemoryAllocator.hpp ****     Header* alloc_head;
  35:src/../h/MemoryAllocator.hpp **** 
  36:src/../h/MemoryAllocator.hpp ****     MemoryAllocator() : free_head((Header*)HEAP_START_ADDR), alloc_head(nullptr) {
  53              		.loc 3 36 80
  54 0038 97070000 		la	a5,HEAP_START_ADDR
  54      83B70700 
  55 0040 83B70700 		ld	a5,0(a5)
  56 0044 17070000 		lla	a4,_ZZN15MemoryAllocator8InstanceEvE15memoryAllocator
  56      13070700 
  57 004c 2330F700 		sd	a5,0(a4)
  58 0050 23340700 		sd	zero,8(a4)
  37:src/../h/MemoryAllocator.hpp ****         free_head->size = (size_t)HEAP_END_ADDR - (size_t)HEAP_START_ADDR;
  59              		.loc 3 37 9 is_stmt 1
  60              		.loc 3 37 49 is_stmt 0
  61 0054 17070000 		la	a4,HEAP_END_ADDR
  61      03370700 
  62 005c 03370700 		ld	a4,0(a4)
  63 0060 3307F740 		sub	a4,a4,a5
  64              		.loc 3 37 25
  65 0064 23B4E700 		sd	a4,8(a5)
  38:src/../h/MemoryAllocator.hpp ****         free_head->next = nullptr;
  66              		.loc 3 38 9 is_stmt 1
  67              		.loc 3 38 25 is_stmt 0
  68 0068 23B00700 		sd	zero,0(a5)
  69              	.LVL3:
  70              	.LBE50:
  71              	.LBE49:
  72              	.LBE48:
GAS LISTING /tmp/ccbMbbVJ.s 			page 4


  10:src/../h/MemoryAllocator.hpp ****         return &memoryAllocator;
  73              		.loc 3 10 32
  74 006c 93071000 		li	a5,1
  75 0070 17070000 		sb	a5,_ZGVZN15MemoryAllocator8InstanceEvE15memoryAllocator,a4
  75      2300F700 
  76              	.L2:
  11:src/../h/MemoryAllocator.hpp ****     }
  77              		.loc 3 11 9 is_stmt 1
  78              	.LBE47:
  79              	.LBE46:
  80              		.loc 2 44 54 is_stmt 0
  81 0078 93050003 		li	a1,48
  82              	.LVL4:
  83 007c 17050000 		lla	a0,_ZZN15MemoryAllocator8InstanceEvE15memoryAllocator
  83      13050500 
  84              	.LVL5:
  85              	.LEHB0:
  86 0084 97000000 		call	_ZN15MemoryAllocator9mem_allocEm@plt
  86      E7800000 
  87              	.LVL6:
  88              	.LEHE0:
  89 008c 93040500 		mv	s1,a0
  90              	.LVL7:
  91              	.LBE45:
  92              	.LBE44:
  93              	.LBB51:
  94              	.LBB52:
  45:src/../h/tcb.hpp ****     }
  46:src/../h/tcb.hpp ****     void* operator new[](size_t size) {
  47:src/../h/tcb.hpp ****         return MemoryAllocator::Instance()->mem_alloc(size);
  48:src/../h/tcb.hpp ****     }
  49:src/../h/tcb.hpp **** 
  50:src/../h/tcb.hpp ****     void operator delete(void *ptr) {
  51:src/../h/tcb.hpp ****         MemoryAllocator::Instance()->mem_free(ptr);
  52:src/../h/tcb.hpp ****     }
  53:src/../h/tcb.hpp ****     void operator delete[](void *ptr) {
  54:src/../h/tcb.hpp ****         MemoryAllocator::Instance()->mem_free(ptr);
  55:src/../h/tcb.hpp ****     }
  56:src/../h/tcb.hpp **** 
  57:src/../h/tcb.hpp **** 
  58:src/../h/tcb.hpp **** private:
  59:src/../h/tcb.hpp ****     // Constructor.
  60:src/../h/tcb.hpp ****     explicit TCB(Body body, void* arg, uint64* stack) :
  61:src/../h/tcb.hpp ****             body(body),
  62:src/../h/tcb.hpp ****             stack(stack == nullptr ? new uint64[STACK_SIZE] : stack),
  63:src/../h/tcb.hpp ****             context({(uint64)&threadWrapper,
  64:src/../h/tcb.hpp ****                      stack != nullptr ? (uint64) &stack[STACK_SIZE] : 0
  65:src/../h/tcb.hpp ****                     }),
  66:src/../h/tcb.hpp ****             finished(false),
  67:src/../h/tcb.hpp ****             blocked(false),
  68:src/../h/tcb.hpp ****             arg(arg)
  95              		.loc 2 68 20
  96 0090 23303501 		sd	s3,0(a0)
  62:src/../h/tcb.hpp ****             context({(uint64)&threadWrapper,
  97              		.loc 2 62 36
  98 0094 63040904 		beqz	s2,.L12
  99 0098 93070900 		mv	a5,s2
GAS LISTING /tmp/ccbMbbVJ.s 			page 5


 100              	.L3:
 101              		.loc 2 68 20
 102 009c 23B4F400 		sd	a5,8(s1)
 103 00a0 97070000 		lla	a5,_ZN3TCB13threadWrapperEv
 103      93870700 
 104 00a8 23B8F400 		sd	a5,16(s1)
  64:src/../h/tcb.hpp ****                     }),
 105              		.loc 2 64 39
 106 00ac 63020904 		beqz	s2,.L9
  64:src/../h/tcb.hpp ****                     }),
 107              		.loc 2 64 50
 108 00b0 37260000 		li	a2,8192
 109 00b4 3306C900 		add	a2,s2,a2
 110              	.L4:
 111              		.loc 2 68 20
 112 00b8 23BCC400 		sd	a2,24(s1)
 113 00bc 23800402 		sb	zero,32(s1)
 114 00c0 A3800402 		sb	zero,33(s1)
 115 00c4 23B44403 		sd	s4,40(s1)
  69:src/../h/tcb.hpp ****     {
  70:src/../h/tcb.hpp ****         if (body != nullptr) { Scheduler::put(this); }
 116              		.loc 2 70 9 is_stmt 1
 117 00c8 6380090A 		beqz	s3,.L1
 118              		.loc 2 70 32
 119              		.loc 2 70 46 is_stmt 0
 120 00cc 13850400 		mv	a0,s1
 121              	.LEHB1:
 122 00d0 97000000 		call	_ZN9Scheduler3putEP3TCB@plt
 122      E7800000 
 123              	.LVL8:
 124 00d8 6F000009 		j	.L1
 125              	.L12:
  62:src/../h/tcb.hpp ****             context({(uint64)&threadWrapper,
 126              		.loc 2 62 59
 127 00dc 37250000 		li	a0,8192
 128 00e0 97000000 		call	_Znam@plt
 128      E7800000 
 129              	.LVL9:
 130              	.LEHE1:
 131 00e8 93070500 		mv	a5,a0
 132 00ec 6FF01FFB 		j	.L3
 133              	.L9:
  64:src/../h/tcb.hpp ****                     }),
 134              		.loc 2 64 39
 135 00f0 13060000 		li	a2,0
 136 00f4 6FF05FFC 		j	.L4
 137              	.L10:
 138 00f8 13090500 		mv	s2,a0
 139              	.LVL10:
 140              	.LBE52:
 141              	.LBE51:
 142              	.LBB53:
 143              	.LBB54:
  51:src/../h/tcb.hpp ****     }
 144              		.loc 2 51 9 is_stmt 1
 145              	.LBB55:
 146              	.LBB56:
GAS LISTING /tmp/ccbMbbVJ.s 			page 6


  10:src/../h/MemoryAllocator.hpp ****         return &memoryAllocator;
 147              		.loc 3 10 9
  10:src/../h/MemoryAllocator.hpp ****         return &memoryAllocator;
 148              		.loc 3 10 32 is_stmt 0
 149 00fc 97070000 		lbu	a5,_ZGVZN15MemoryAllocator8InstanceEvE15memoryAllocator
 149      83C70700 
 150 0104 63920704 		bnez	a5,.L7
 151              	.LVL11:
 152              	.LBB57:
 153              	.LBB58:
 154              	.LBB59:
  36:src/../h/MemoryAllocator.hpp ****         free_head->size = (size_t)HEAP_END_ADDR - (size_t)HEAP_START_ADDR;
 155              		.loc 3 36 80
 156 0108 97070000 		la	a5,HEAP_START_ADDR
 156      83B70700 
 157 0110 83B70700 		ld	a5,0(a5)
 158 0114 17070000 		lla	a4,_ZZN15MemoryAllocator8InstanceEvE15memoryAllocator
 158      13070700 
 159 011c 2330F700 		sd	a5,0(a4)
 160 0120 23340700 		sd	zero,8(a4)
  37:src/../h/MemoryAllocator.hpp ****         free_head->next = nullptr;
 161              		.loc 3 37 9 is_stmt 1
  37:src/../h/MemoryAllocator.hpp ****         free_head->next = nullptr;
 162              		.loc 3 37 49 is_stmt 0
 163 0124 17070000 		la	a4,HEAP_END_ADDR
 163      03370700 
 164 012c 03370700 		ld	a4,0(a4)
 165 0130 3307F740 		sub	a4,a4,a5
  37:src/../h/MemoryAllocator.hpp ****         free_head->next = nullptr;
 166              		.loc 3 37 25
 167 0134 23B4E700 		sd	a4,8(a5)
 168              		.loc 3 38 9 is_stmt 1
 169              		.loc 3 38 25 is_stmt 0
 170 0138 23B00700 		sd	zero,0(a5)
 171              	.LVL12:
 172              	.LBE59:
 173              	.LBE58:
 174              	.LBE57:
  10:src/../h/MemoryAllocator.hpp ****         return &memoryAllocator;
 175              		.loc 3 10 32
 176 013c 93071000 		li	a5,1
 177 0140 17070000 		sb	a5,_ZGVZN15MemoryAllocator8InstanceEvE15memoryAllocator,a4
 177      2300F700 
 178              	.L7:
  11:src/../h/MemoryAllocator.hpp ****     }
 179              		.loc 3 11 9 is_stmt 1
 180              	.LBE56:
 181              	.LBE55:
  51:src/../h/tcb.hpp ****     }
 182              		.loc 2 51 46 is_stmt 0
 183 0148 93850400 		mv	a1,s1
 184 014c 17050000 		lla	a0,_ZZN15MemoryAllocator8InstanceEvE15memoryAllocator
 184      13050500 
 185 0154 97000000 		call	_ZN15MemoryAllocator8mem_freeEPv@plt
 185      E7800000 
 186              	.LVL13:
 187 015c 13050900 		mv	a0,s2
GAS LISTING /tmp/ccbMbbVJ.s 			page 7


 188              	.LEHB2:
 189 0160 97000000 		call	_Unwind_Resume@plt
 189      E7800000 
 190              	.LVL14:
 191              	.LEHE2:
 192              	.L1:
 193              	.LBE54:
 194              	.LBE53:
  15:src/tcb.cpp   **** }
 195              		.loc 1 15 1
 196 0168 13850400 		mv	a0,s1
 197 016c 83308102 		ld	ra,40(sp)
 198              		.cfi_restore 1
 199 0170 03340102 		ld	s0,32(sp)
 200              		.cfi_restore 8
 201              		.cfi_def_cfa 2, 48
 202 0174 83348101 		ld	s1,24(sp)
 203              		.cfi_restore 9
 204              	.LVL15:
 205 0178 03390101 		ld	s2,16(sp)
 206              		.cfi_restore 18
 207              	.LVL16:
 208 017c 83398100 		ld	s3,8(sp)
 209              		.cfi_restore 19
 210              	.LVL17:
 211 0180 033A0100 		ld	s4,0(sp)
 212              		.cfi_restore 20
 213              	.LVL18:
 214 0184 13010103 		addi	sp,sp,48
 215              		.cfi_def_cfa_offset 0
 216 0188 67800000 		jr	ra
 217              		.cfi_endproc
 218              	.LFE45:
 219              		.globl	__gxx_personality_v0
 220              		.section	.gcc_except_table,"a",@progbits
 221              	.LLSDA45:
 222 0000 FF       		.byte	0xff
 223 0001 FF       		.byte	0xff
 224 0002 03       		.byte	0x3
 225 0003 27       		.byte	0x27
 226 0004 00000000 		.4byte	.LEHB0-.LFB45
 227 0008 00000000 		.4byte	.LEHE0-.LEHB0
 228 000c 00000000 		.4byte	0
 229 0010 00       		.byte	0
 230 0011 00000000 		.4byte	.LEHB1-.LFB45
 231 0015 00000000 		.4byte	.LEHE1-.LEHB1
 232 0019 00000000 		.4byte	.L10-.LFB45
 233 001d 00       		.byte	0
 234 001e 00000000 		.4byte	.LEHB2-.LFB45
 235 0022 00000000 		.4byte	.LEHE2-.LEHB2
 236 0026 00000000 		.4byte	0
 237 002a 00       		.byte	0
 238              		.text
 240              		.align	2
 241              		.globl	_ZN3TCB5yieldEv
 243              	_ZN3TCB5yieldEv:
 244              	.LFB47:
GAS LISTING /tmp/ccbMbbVJ.s 			page 8


  16:src/tcb.cpp   **** 
  17:src/tcb.cpp   **** void TCB::threadWrapper()
  18:src/tcb.cpp   **** {
  19:src/tcb.cpp   ****     Riscv::popSppSpie();
  20:src/tcb.cpp   ****     running->body(running->arg);
  21:src/tcb.cpp   ****     running->setFinished(true);
  22:src/tcb.cpp   ****     TCB::yield();
  23:src/tcb.cpp   **** }
  24:src/tcb.cpp   **** 
  25:src/tcb.cpp   **** void TCB::yield()
  26:src/tcb.cpp   **** {
 245              		.loc 1 26 1 is_stmt 1
 246              		.cfi_startproc
 247 018c 130101FF 		addi	sp,sp,-16
 248              		.cfi_def_cfa_offset 16
 249 0190 23341100 		sd	ra,8(sp)
 250 0194 23308100 		sd	s0,0(sp)
 251              		.cfi_offset 1, -8
 252              		.cfi_offset 8, -16
 253 0198 13040101 		addi	s0,sp,16
 254              		.cfi_def_cfa 8, 0
  27:src/tcb.cpp   ****     thread_dispatch();
 255              		.loc 1 27 5
 256              		.loc 1 27 20 is_stmt 0
 257 019c 97000000 		call	_Z15thread_dispatchv@plt
 257      E7800000 
 258              	.LVL19:
  28:src/tcb.cpp   **** }
 259              		.loc 1 28 1
 260 01a4 83308100 		ld	ra,8(sp)
 261              		.cfi_restore 1
 262 01a8 03340100 		ld	s0,0(sp)
 263              		.cfi_restore 8
 264              		.cfi_def_cfa 2, 16
 265 01ac 13010101 		addi	sp,sp,16
 266              		.cfi_def_cfa_offset 0
 267 01b0 67800000 		jr	ra
 268              		.cfi_endproc
 269              	.LFE47:
 271              		.align	2
 272              		.globl	_ZN3TCB13threadWrapperEv
 274              	_ZN3TCB13threadWrapperEv:
 275              	.LFB46:
  18:src/tcb.cpp   ****     Riscv::popSppSpie();
 276              		.loc 1 18 1 is_stmt 1
 277              		.cfi_startproc
 278 01b4 130101FE 		addi	sp,sp,-32
 279              		.cfi_def_cfa_offset 32
 280 01b8 233C1100 		sd	ra,24(sp)
 281 01bc 23388100 		sd	s0,16(sp)
 282 01c0 23349100 		sd	s1,8(sp)
 283              		.cfi_offset 1, -8
 284              		.cfi_offset 8, -16
 285              		.cfi_offset 9, -24
 286 01c4 13040102 		addi	s0,sp,32
 287              		.cfi_def_cfa 8, 0
  19:src/tcb.cpp   ****     running->body(running->arg);
GAS LISTING /tmp/ccbMbbVJ.s 			page 9


 288              		.loc 1 19 5
  19:src/tcb.cpp   ****     running->body(running->arg);
 289              		.loc 1 19 22 is_stmt 0
 290 01c8 97000000 		call	_ZN5Riscv10popSppSpieEv@plt
 290      E7800000 
 291              	.LVL20:
  20:src/tcb.cpp   ****     running->setFinished(true);
 292              		.loc 1 20 5 is_stmt 1
  20:src/tcb.cpp   ****     running->setFinished(true);
 293              		.loc 1 20 14 is_stmt 0
 294 01d0 97040000 		lla	s1,.LANCHOR0
 294      93840400 
 295 01d8 83B70400 		ld	a5,0(s1)
 296 01dc 03B70700 		ld	a4,0(a5)
  20:src/tcb.cpp   ****     running->setFinished(true);
 297              		.loc 1 20 18
 298 01e0 03B58702 		ld	a0,40(a5)
 299 01e4 E7000700 		jalr	a4
 300              	.LVL21:
  21:src/tcb.cpp   ****     TCB::yield();
 301              		.loc 1 21 5 is_stmt 1
  21:src/tcb.cpp   ****     TCB::yield();
 302              		.loc 1 21 25 is_stmt 0
 303 01e8 83B70400 		ld	a5,0(s1)
 304              	.LVL22:
 305              	.LBB60:
 306              	.LBB61:
  23:src/../h/tcb.hpp **** 
 307              		.loc 2 23 36 is_stmt 1
  23:src/../h/tcb.hpp **** 
 308              		.loc 2 23 45 is_stmt 0
 309 01ec 13071000 		li	a4,1
 310 01f0 2380E702 		sb	a4,32(a5)
 311              	.LVL23:
 312              	.LBE61:
 313              	.LBE60:
  22:src/tcb.cpp   **** }
 314              		.loc 1 22 5 is_stmt 1
  22:src/tcb.cpp   **** }
 315              		.loc 1 22 15 is_stmt 0
 316 01f4 97000000 		call	_ZN3TCB5yieldEv
 316      E7800000 
 317              	.LVL24:
  23:src/tcb.cpp   **** 
 318              		.loc 1 23 1
 319 01fc 83308101 		ld	ra,24(sp)
 320              		.cfi_restore 1
 321 0200 03340101 		ld	s0,16(sp)
 322              		.cfi_restore 8
 323              		.cfi_def_cfa 2, 32
 324 0204 83348100 		ld	s1,8(sp)
 325              		.cfi_restore 9
 326 0208 13010102 		addi	sp,sp,32
 327              		.cfi_def_cfa_offset 0
 328 020c 67800000 		jr	ra
 329              		.cfi_endproc
 330              	.LFE46:
GAS LISTING /tmp/ccbMbbVJ.s 			page 10


 332              		.align	2
 333              		.globl	_ZN3TCB8dispatchEv
 335              	_ZN3TCB8dispatchEv:
 336              	.LFB48:
  29:src/tcb.cpp   **** 
  30:src/tcb.cpp   **** void TCB::dispatch()
  31:src/tcb.cpp   **** {
 337              		.loc 1 31 1 is_stmt 1
 338              		.cfi_startproc
 339 0210 130101FE 		addi	sp,sp,-32
 340              		.cfi_def_cfa_offset 32
 341 0214 233C1100 		sd	ra,24(sp)
 342 0218 23388100 		sd	s0,16(sp)
 343 021c 23349100 		sd	s1,8(sp)
 344              		.cfi_offset 1, -8
 345              		.cfi_offset 8, -16
 346              		.cfi_offset 9, -24
 347 0220 13040102 		addi	s0,sp,32
 348              		.cfi_def_cfa 8, 0
  32:src/tcb.cpp   ****     TCB *old = running;
 349              		.loc 1 32 5
 350              		.loc 1 32 10 is_stmt 0
 351 0224 97040000 		ld	s1,.LANCHOR0
 351      83B40400 
 352              	.LVL25:
  33:src/tcb.cpp   ****     if (!old->isFinished() && !old->isBlocked()) { Scheduler::put(old); }
 353              		.loc 1 33 5 is_stmt 1
 354              	.LBB62:
 355              	.LBB63:
  20:src/../h/tcb.hpp **** 
 356              		.loc 2 20 31
  20:src/../h/tcb.hpp **** 
 357              		.loc 2 20 38 is_stmt 0
 358 022c 83C70402 		lbu	a5,32(s1)
 359              	.LVL26:
 360              	.LBE63:
 361              	.LBE62:
 362              		.loc 1 33 28
 363 0230 63960700 		bnez	a5,.L18
 364              	.LVL27:
 365              	.LBB64:
 366              	.LBB65:
  26:src/../h/tcb.hpp **** 
 367              		.loc 2 26 30 is_stmt 1
  26:src/../h/tcb.hpp **** 
 368              		.loc 2 26 37 is_stmt 0
 369 0234 83C71402 		lbu	a5,33(s1)
 370              	.LVL28:
 371              	.LBE65:
 372              	.LBE64:
 373              		.loc 1 33 28
 374 0238 63860704 		beqz	a5,.L22
 375              	.L18:
  34:src/tcb.cpp   ****     running = Scheduler::get();
 376              		.loc 1 34 5 is_stmt 1
 377              		.loc 1 34 29 is_stmt 0
 378 023c 97000000 		call	_ZN9Scheduler3getEv@plt
GAS LISTING /tmp/ccbMbbVJ.s 			page 11


 378      E7800000 
 379              	.LVL29:
 380              		.loc 1 34 13
 381 0244 97070000 		lla	a5,.LANCHOR0
 381      93870700 
 382 024c 23B0A700 		sd	a0,0(a5)
  35:src/tcb.cpp   **** 
  36:src/tcb.cpp   ****     if (running == main) Riscv::ms_sstatus(Riscv::SSTATUS_SPP);
 383              		.loc 1 36 5 is_stmt 1
 384              		.loc 1 36 17 is_stmt 0
 385 0250 83B78700 		ld	a5,8(a5)
 386              		.loc 1 36 5
 387 0254 6380A704 		beq	a5,a0,.L23
  37:src/tcb.cpp   ****     else Riscv::mc_sstatus(Riscv::SSTATUS_SPP);
 388              		.loc 1 37 10 is_stmt 1
 389              	.LVL30:
 390              	.LBB66:
 391              	.LBB67:
 392              		.file 4 "src/../h/riscv.hpp"
   1:src/../h/riscv.hpp **** //
   2:src/../h/riscv.hpp **** // Created by marko on 20.4.22..
   3:src/../h/riscv.hpp **** //
   4:src/../h/riscv.hpp **** 
   5:src/../h/riscv.hpp **** #ifndef OS1_VEZBE07_RISCV_CONTEXT_SWITCH_1_SYNCHRONOUS_RISCV_HPP
   6:src/../h/riscv.hpp **** #define OS1_VEZBE07_RISCV_CONTEXT_SWITCH_1_SYNCHRONOUS_RISCV_HPP
   7:src/../h/riscv.hpp **** 
   8:src/../h/riscv.hpp **** #include "../lib/hw.h"
   9:src/../h/riscv.hpp **** 
  10:src/../h/riscv.hpp **** class Riscv
  11:src/../h/riscv.hpp **** {
  12:src/../h/riscv.hpp **** public:
  13:src/../h/riscv.hpp **** 
  14:src/../h/riscv.hpp ****     // pop sstatus.spp and sstatus.spie bits (has to be a non inline function)
  15:src/../h/riscv.hpp ****     static void popSppSpie();
  16:src/../h/riscv.hpp **** 
  17:src/../h/riscv.hpp ****     // push x3..x31 registers onto stack
  18:src/../h/riscv.hpp ****     static void pushRegisters();
  19:src/../h/riscv.hpp **** 
  20:src/../h/riscv.hpp ****     // pop x3..x31 registers onto stack
  21:src/../h/riscv.hpp ****     static void popRegisters();
  22:src/../h/riscv.hpp **** 
  23:src/../h/riscv.hpp ****     // read register scause
  24:src/../h/riscv.hpp ****     static uint64 r_scause();
  25:src/../h/riscv.hpp **** 
  26:src/../h/riscv.hpp ****     // write register scause
  27:src/../h/riscv.hpp ****     static void w_scause(uint64 scause);
  28:src/../h/riscv.hpp **** 
  29:src/../h/riscv.hpp ****     // read register sepc
  30:src/../h/riscv.hpp ****     static uint64 r_sepc();
  31:src/../h/riscv.hpp **** 
  32:src/../h/riscv.hpp ****     // write register sepc
  33:src/../h/riscv.hpp ****     static void w_sepc(uint64 sepc);
  34:src/../h/riscv.hpp **** 
  35:src/../h/riscv.hpp ****     // read register stvec
  36:src/../h/riscv.hpp ****     static uint64 r_stvec();
  37:src/../h/riscv.hpp **** 
  38:src/../h/riscv.hpp ****     // write register stvec
GAS LISTING /tmp/ccbMbbVJ.s 			page 12


  39:src/../h/riscv.hpp ****     static void w_stvec(uint64 stvec);
  40:src/../h/riscv.hpp **** 
  41:src/../h/riscv.hpp ****     // read register stval
  42:src/../h/riscv.hpp ****     static uint64 r_stval();
  43:src/../h/riscv.hpp **** 
  44:src/../h/riscv.hpp ****     // write register stval
  45:src/../h/riscv.hpp ****     static void w_stval(uint64 stval);
  46:src/../h/riscv.hpp **** 
  47:src/../h/riscv.hpp ****     enum BitMaskSip
  48:src/../h/riscv.hpp ****     {
  49:src/../h/riscv.hpp ****         SIP_SSIE = (1 << 1),
  50:src/../h/riscv.hpp ****         SIP_STIE = (1 << 5),
  51:src/../h/riscv.hpp ****         SIP_SEIE = (1 << 9),
  52:src/../h/riscv.hpp ****     };
  53:src/../h/riscv.hpp **** 
  54:src/../h/riscv.hpp ****     // mask set register sip
  55:src/../h/riscv.hpp ****     static void ms_sip(uint64 mask);
  56:src/../h/riscv.hpp **** 
  57:src/../h/riscv.hpp ****     // mask clear register sip
  58:src/../h/riscv.hpp ****     static void mc_sip(uint64 mask);
  59:src/../h/riscv.hpp **** 
  60:src/../h/riscv.hpp ****     // read register sip
  61:src/../h/riscv.hpp ****     static uint64 r_sip();
  62:src/../h/riscv.hpp **** 
  63:src/../h/riscv.hpp ****     // write register sip
  64:src/../h/riscv.hpp ****     static void w_sip(uint64 sip);
  65:src/../h/riscv.hpp **** 
  66:src/../h/riscv.hpp ****     enum BitMaskSstatus
  67:src/../h/riscv.hpp ****     {
  68:src/../h/riscv.hpp ****         SSTATUS_SIE = (1 << 1),
  69:src/../h/riscv.hpp ****         SSTATUS_SPIE = (1 << 5),
  70:src/../h/riscv.hpp ****         SSTATUS_SPP = (1 << 8),
  71:src/../h/riscv.hpp ****     };
  72:src/../h/riscv.hpp **** 
  73:src/../h/riscv.hpp ****     // mask set register sstatus
  74:src/../h/riscv.hpp ****     static void ms_sstatus(uint64 mask);
  75:src/../h/riscv.hpp **** 
  76:src/../h/riscv.hpp ****     // mask clear register sstatus
  77:src/../h/riscv.hpp ****     static void mc_sstatus(uint64 mask);
  78:src/../h/riscv.hpp **** 
  79:src/../h/riscv.hpp ****     // read register sstatus
  80:src/../h/riscv.hpp ****     static uint64 r_sstatus();
  81:src/../h/riscv.hpp **** 
  82:src/../h/riscv.hpp ****     static void w_sstatus(uint64 sstatus);
  83:src/../h/riscv.hpp **** 
  84:src/../h/riscv.hpp ****     // handles system calls by performing the demanded operation
  85:src/../h/riscv.hpp ****     static void handleSyscalls();
  86:src/../h/riscv.hpp **** 
  87:src/../h/riscv.hpp ****     // function the stvec points to for user induced interrupts
  88:src/../h/riscv.hpp ****     static void stvecTrap();
  89:src/../h/riscv.hpp **** 
  90:src/../h/riscv.hpp ****     //read a0 register
  91:src/../h/riscv.hpp ****     static uint64 r_a0();
  92:src/../h/riscv.hpp **** 
  93:src/../h/riscv.hpp ****     //write to a0 register
  94:src/../h/riscv.hpp ****     static void w_a0(uint64 a0);
  95:src/../h/riscv.hpp **** 
GAS LISTING /tmp/ccbMbbVJ.s 			page 13


  96:src/../h/riscv.hpp **** 
  97:src/../h/riscv.hpp **** private:
  98:src/../h/riscv.hpp **** 
  99:src/../h/riscv.hpp **** };
 100:src/../h/riscv.hpp **** 
 101:src/../h/riscv.hpp **** inline uint64 Riscv::r_scause()
 102:src/../h/riscv.hpp **** {
 103:src/../h/riscv.hpp ****     uint64 volatile scause;
 104:src/../h/riscv.hpp ****     __asm__ volatile ("csrr %[scause], scause" : [scause] "=r"(scause));
 105:src/../h/riscv.hpp ****     return scause;
 106:src/../h/riscv.hpp **** }
 107:src/../h/riscv.hpp **** 
 108:src/../h/riscv.hpp **** inline void Riscv::w_scause(uint64 scause)
 109:src/../h/riscv.hpp **** {
 110:src/../h/riscv.hpp ****     __asm__ volatile ("csrw scause, %[scause]" : : [scause] "r"(scause));
 111:src/../h/riscv.hpp **** }
 112:src/../h/riscv.hpp **** 
 113:src/../h/riscv.hpp **** inline uint64 Riscv::r_sepc()
 114:src/../h/riscv.hpp **** {
 115:src/../h/riscv.hpp ****     uint64 volatile sepc;
 116:src/../h/riscv.hpp ****     __asm__ volatile ("csrr %[sepc], sepc" : [sepc] "=r"(sepc));
 117:src/../h/riscv.hpp ****     return sepc;
 118:src/../h/riscv.hpp **** }
 119:src/../h/riscv.hpp **** 
 120:src/../h/riscv.hpp **** inline void Riscv::w_sepc(uint64 sepc)
 121:src/../h/riscv.hpp **** {
 122:src/../h/riscv.hpp ****     __asm__ volatile ("csrw sepc, %[sepc]" : : [sepc] "r"(sepc));
 123:src/../h/riscv.hpp **** }
 124:src/../h/riscv.hpp **** 
 125:src/../h/riscv.hpp **** inline uint64 Riscv::r_stvec()
 126:src/../h/riscv.hpp **** {
 127:src/../h/riscv.hpp ****     uint64 volatile stvec;
 128:src/../h/riscv.hpp ****     __asm__ volatile ("csrr %[stvec], stvec" : [stvec] "=r"(stvec));
 129:src/../h/riscv.hpp ****     return stvec;
 130:src/../h/riscv.hpp **** }
 131:src/../h/riscv.hpp **** 
 132:src/../h/riscv.hpp **** inline void Riscv::w_stvec(uint64 stvec)
 133:src/../h/riscv.hpp **** {
 134:src/../h/riscv.hpp ****     __asm__ volatile ("csrw stvec, %[stvec]" : : [stvec] "r"(stvec));
 135:src/../h/riscv.hpp **** }
 136:src/../h/riscv.hpp **** 
 137:src/../h/riscv.hpp **** inline uint64 Riscv::r_stval()
 138:src/../h/riscv.hpp **** {
 139:src/../h/riscv.hpp ****     uint64 volatile stval;
 140:src/../h/riscv.hpp ****     __asm__ volatile ("csrr %[stval], stval" : [stval] "=r"(stval));
 141:src/../h/riscv.hpp ****     return stval;
 142:src/../h/riscv.hpp **** }
 143:src/../h/riscv.hpp **** 
 144:src/../h/riscv.hpp **** inline void Riscv::w_stval(uint64 stval)
 145:src/../h/riscv.hpp **** {
 146:src/../h/riscv.hpp ****     __asm__ volatile ("csrw stval, %[stval]" : : [stval] "r"(stval));
 147:src/../h/riscv.hpp **** }
 148:src/../h/riscv.hpp **** 
 149:src/../h/riscv.hpp **** inline void Riscv::ms_sip(uint64 mask)
 150:src/../h/riscv.hpp **** {
 151:src/../h/riscv.hpp ****     __asm__ volatile ("csrs sip, %[mask]" : : [mask] "r"(mask));
 152:src/../h/riscv.hpp **** }
GAS LISTING /tmp/ccbMbbVJ.s 			page 14


 153:src/../h/riscv.hpp **** 
 154:src/../h/riscv.hpp **** inline void Riscv::mc_sip(uint64 mask)
 155:src/../h/riscv.hpp **** {
 156:src/../h/riscv.hpp ****     __asm__ volatile ("csrc sip, %[mask]" : : [mask] "r"(mask));
 157:src/../h/riscv.hpp **** }
 158:src/../h/riscv.hpp **** 
 159:src/../h/riscv.hpp **** inline uint64 Riscv::r_sip()
 160:src/../h/riscv.hpp **** {
 161:src/../h/riscv.hpp ****     uint64 volatile sip;
 162:src/../h/riscv.hpp ****     __asm__ volatile ("csrr %[sip], sip" : [sip] "=r"(sip));
 163:src/../h/riscv.hpp ****     return sip;
 164:src/../h/riscv.hpp **** }
 165:src/../h/riscv.hpp **** 
 166:src/../h/riscv.hpp **** inline void Riscv::w_sip(uint64 sip)
 167:src/../h/riscv.hpp **** {
 168:src/../h/riscv.hpp ****     __asm__ volatile ("csrw sip, %[sip]" : : [sip] "r"(sip));
 169:src/../h/riscv.hpp **** }
 170:src/../h/riscv.hpp **** 
 171:src/../h/riscv.hpp **** inline void Riscv::ms_sstatus(uint64 mask)
 172:src/../h/riscv.hpp **** {
 173:src/../h/riscv.hpp ****     __asm__ volatile ("csrs sstatus, %[mask]" : : [mask] "r"(mask));
 174:src/../h/riscv.hpp **** }
 175:src/../h/riscv.hpp **** 
 176:src/../h/riscv.hpp **** inline void Riscv::mc_sstatus(uint64 mask)
 177:src/../h/riscv.hpp **** {
 178:src/../h/riscv.hpp ****     __asm__ volatile ("csrc sstatus, %[mask]" : : [mask] "r"(mask));
 393              		.loc 4 178 5
 394              		.loc 4 178 68 is_stmt 0
 395 0258 93070010 		li	a5,256
 396              	#APP
 397              	# 178 "src/../h/riscv.hpp" 1
 179              	}
 398              		csrc sstatus, a5
 399              	# 0 "" 2
 400              	.LVL31:
 401              	#NO_APP
 402              	.L20:
 403              	.LBE67:
 404              	.LBE66:
  38:src/tcb.cpp   **** 
  39:src/tcb.cpp   ****     TCB::contextSwitch(&old->context, &running->context);
 405              		.loc 1 39 5 is_stmt 1
 406              		.loc 1 39 23 is_stmt 0
 407 0260 93050501 		addi	a1,a0,16
 408 0264 13850401 		addi	a0,s1,16
 409 0268 97000000 		call	_ZN3TCB13contextSwitchEPNS_7ContextES1_@plt
 409      E7800000 
 410              	.LVL32:
  40:src/tcb.cpp   **** }
 411              		.loc 1 40 1
 412 0270 83308101 		ld	ra,24(sp)
 413              		.cfi_remember_state
 414              		.cfi_restore 1
 415 0274 03340101 		ld	s0,16(sp)
 416              		.cfi_restore 8
 417              		.cfi_def_cfa 2, 32
 418 0278 83348100 		ld	s1,8(sp)
GAS LISTING /tmp/ccbMbbVJ.s 			page 15


 419              		.cfi_restore 9
 420              	.LVL33:
 421 027c 13010102 		addi	sp,sp,32
 422              		.cfi_def_cfa_offset 0
 423 0280 67800000 		jr	ra
 424              	.LVL34:
 425              	.L22:
 426              		.cfi_restore_state
  33:src/tcb.cpp   ****     running = Scheduler::get();
 427              		.loc 1 33 52 is_stmt 1
  33:src/tcb.cpp   ****     running = Scheduler::get();
 428              		.loc 1 33 66 is_stmt 0
 429 0284 13850400 		mv	a0,s1
 430 0288 97000000 		call	_ZN9Scheduler3putEP3TCB@plt
 430      E7800000 
 431              	.LVL35:
 432 0290 6FF0DFFA 		j	.L18
 433              	.L23:
  36:src/tcb.cpp   ****     else Riscv::mc_sstatus(Riscv::SSTATUS_SPP);
 434              		.loc 1 36 26 is_stmt 1
 435              	.LVL36:
 436              	.LBB68:
 437              	.LBB69:
 173:src/../h/riscv.hpp **** }
 438              		.loc 4 173 5
 173:src/../h/riscv.hpp **** }
 439              		.loc 4 173 68 is_stmt 0
 440 0294 93070010 		li	a5,256
 441              	#APP
 442              	# 173 "src/../h/riscv.hpp" 1
 174:src/../h/riscv.hpp **** 
 443              		csrs sstatus, a5
 444              	# 0 "" 2
 445              		.loc 4 174 1
 446              	#NO_APP
 447 029c 6FF05FFC 		j	.L20
 448              	.LBE69:
 449              	.LBE68:
 450              		.cfi_endproc
 451              	.LFE48:
 453              		.align	2
 454              		.globl	_ZN3TCB4exitEv
 456              	_ZN3TCB4exitEv:
 457              	.LFB49:
  41:src/tcb.cpp   **** 
  42:src/tcb.cpp   **** int TCB::exit() {
 458              		.loc 1 42 17 is_stmt 1
 459              		.cfi_startproc
 460 02a0 130101FF 		addi	sp,sp,-16
 461              		.cfi_def_cfa_offset 16
 462 02a4 23341100 		sd	ra,8(sp)
 463 02a8 23308100 		sd	s0,0(sp)
 464              		.cfi_offset 1, -8
 465              		.cfi_offset 8, -16
 466 02ac 13040101 		addi	s0,sp,16
 467              		.cfi_def_cfa 8, 0
  43:src/tcb.cpp   ****     running->setFinished(true);
GAS LISTING /tmp/ccbMbbVJ.s 			page 16


 468              		.loc 1 43 5
 469              	.LVL37:
 470              	.LBB70:
 471              	.LBB71:
  23:src/../h/tcb.hpp **** 
 472              		.loc 2 23 36
  23:src/../h/tcb.hpp **** 
 473              		.loc 2 23 45 is_stmt 0
 474 02b0 97070000 		ld	a5,.LANCHOR0
 474      83B70700 
 475 02b8 13071000 		li	a4,1
 476 02bc 2380E702 		sb	a4,32(a5)
 477              	.LVL38:
 478              	.LBE71:
 479              	.LBE70:
  44:src/tcb.cpp   ****     dispatch();
 480              		.loc 1 44 5 is_stmt 1
 481              		.loc 1 44 13 is_stmt 0
 482 02c0 97000000 		call	_ZN3TCB8dispatchEv
 482      E7800000 
 483              	.LVL39:
  45:src/tcb.cpp   ****     return 0;
 484              		.loc 1 45 5 is_stmt 1
  46:src/tcb.cpp   **** }
 485              		.loc 1 46 1 is_stmt 0
 486 02c8 13050000 		li	a0,0
 487 02cc 83308100 		ld	ra,8(sp)
 488              		.cfi_restore 1
 489 02d0 03340100 		ld	s0,0(sp)
 490              		.cfi_restore 8
 491              		.cfi_def_cfa 2, 16
 492 02d4 13010101 		addi	sp,sp,16
 493              		.cfi_def_cfa_offset 0
 494 02d8 67800000 		jr	ra
 495              		.cfi_endproc
 496              	.LFE49:
 498              		.globl	_ZN3TCB4mainE
 499              		.globl	_ZN3TCB7runningE
 500              		.weak	_ZGVZN15MemoryAllocator8InstanceEvE15memoryAllocator
 501              		.section	.bss._ZGVZN15MemoryAllocator8InstanceEvE15memoryAllocator,"awG",@nobits,_ZGVZN15MemoryAll
 502              		.align	3
 505              	_ZGVZN15MemoryAllocator8InstanceEvE15memoryAllocator:
 506 0000 00000000 		.zero	8
 506      00000000 
 507              		.weak	_ZZN15MemoryAllocator8InstanceEvE15memoryAllocator
 508              		.section	.bss._ZZN15MemoryAllocator8InstanceEvE15memoryAllocator,"awG",@nobits,_ZZN15MemoryAllocat
 509              		.align	3
 512              	_ZZN15MemoryAllocator8InstanceEvE15memoryAllocator:
 513 0000 00000000 		.zero	16
 513      00000000 
 513      00000000 
 513      00000000 
 514              		.bss
 515              		.align	3
 516              		.set	.LANCHOR0,. + 0
 519              	_ZN3TCB7runningE:
 520 0000 00000000 		.zero	8
GAS LISTING /tmp/ccbMbbVJ.s 			page 17


 520      00000000 
 523              	_ZN3TCB4mainE:
 524 0008 00000000 		.zero	8
 524      00000000 
 525              		.text
 526              	.Letext0:
 527              		.file 5 "src/../h/../lib/hw.h"
 528              		.file 6 "src/../h/scheduler.hpp"
 529              		.file 7 "src/../h/syscall_c.hpp"
 3591              		.align	3
 3594              	DW.ref.__gxx_personality_v0:
 3595 0000 00000000 		.dword	__gxx_personality_v0
 3595      00000000 
 3596              		.ident	"GCC: (Ubuntu 9.4.0-1ubuntu1~20.04) 9.4.0"
 3597              		.section	.note.GNU-stack,"",@progbits
GAS LISTING /tmp/ccbMbbVJ.s 			page 18


DEFINED SYMBOLS
                            *ABS*:0000000000000000 tcb.cpp
     /tmp/ccbMbbVJ.s:9      .text:0000000000000000 _ZN3TCB12createThreadEPFvPvES0_Pm
     /tmp/ccbMbbVJ.s:13     .text:0000000000000000 .L0 
     /tmp/ccbMbbVJ.s:3594   .data.rel.local.DW.ref.__gxx_personality_v0:0000000000000000 DW.ref.__gxx_personality_v0
     /tmp/ccbMbbVJ.s:17     .text:0000000000000000 .L0 
     /tmp/ccbMbbVJ.s:18     .text:0000000000000004 .L0 
     /tmp/ccbMbbVJ.s:25     .text:000000000000001c .L0 
     /tmp/ccbMbbVJ.s:26     .text:000000000000001c .L0 
     /tmp/ccbMbbVJ.s:27     .text:000000000000001c .L0 
     /tmp/ccbMbbVJ.s:28     .text:000000000000001c .L0 
     /tmp/ccbMbbVJ.s:29     .text:000000000000001c .L0 
     /tmp/ccbMbbVJ.s:30     .text:000000000000001c .L0 
     /tmp/ccbMbbVJ.s:32     .text:0000000000000020 .L0 
     /tmp/ccbMbbVJ.s:41     .text:000000000000002c .L0 
     /tmp/ccbMbbVJ.s:45     .text:000000000000002c .L0 
     /tmp/ccbMbbVJ.s:46     .text:000000000000002c .L0 
     /tmp/ccbMbbVJ.s:505    .bss._ZGVZN15MemoryAllocator8InstanceEvE15memoryAllocator:0000000000000000 _ZGVZN15MemoryAllocator8InstanceEvE15memoryAllocator
     /tmp/ccbMbbVJ.s:47     .text:000000000000002c .L0 
     /tmp/ccbMbbVJ.s:54     .text:0000000000000038 .L0 
     /tmp/ccbMbbVJ.s:512    .bss._ZZN15MemoryAllocator8InstanceEvE15memoryAllocator:0000000000000000 _ZZN15MemoryAllocator8InstanceEvE15memoryAllocator
     /tmp/ccbMbbVJ.s:60     .text:0000000000000054 .L0 
     /tmp/ccbMbbVJ.s:61     .text:0000000000000054 .L0 
     /tmp/ccbMbbVJ.s:65     .text:0000000000000064 .L0 
     /tmp/ccbMbbVJ.s:67     .text:0000000000000068 .L0 
     /tmp/ccbMbbVJ.s:68     .text:0000000000000068 .L0 
     /tmp/ccbMbbVJ.s:74     .text:000000000000006c .L0 
     /tmp/ccbMbbVJ.s:80     .text:0000000000000078 .L0 
     /tmp/ccbMbbVJ.s:81     .text:0000000000000078 .L0 
     /tmp/ccbMbbVJ.s:96     .text:0000000000000090 .L0 
     /tmp/ccbMbbVJ.s:98     .text:0000000000000094 .L0 
     /tmp/ccbMbbVJ.s:102    .text:000000000000009c .L0 
     /tmp/ccbMbbVJ.s:274    .text:00000000000001b4 _ZN3TCB13threadWrapperEv
     /tmp/ccbMbbVJ.s:106    .text:00000000000000ac .L0 
     /tmp/ccbMbbVJ.s:108    .text:00000000000000b0 .L0 
     /tmp/ccbMbbVJ.s:112    .text:00000000000000b8 .L0 
     /tmp/ccbMbbVJ.s:117    .text:00000000000000c8 .L0 
     /tmp/ccbMbbVJ.s:119    .text:00000000000000cc .L0 
     /tmp/ccbMbbVJ.s:120    .text:00000000000000cc .L0 
     /tmp/ccbMbbVJ.s:127    .text:00000000000000dc .L0 
     /tmp/ccbMbbVJ.s:135    .text:00000000000000f0 .L0 
     /tmp/ccbMbbVJ.s:147    .text:00000000000000fc .L0 
     /tmp/ccbMbbVJ.s:148    .text:00000000000000fc .L0 
     /tmp/ccbMbbVJ.s:149    .text:00000000000000fc .L0 
     /tmp/ccbMbbVJ.s:156    .text:0000000000000108 .L0 
     /tmp/ccbMbbVJ.s:162    .text:0000000000000124 .L0 
     /tmp/ccbMbbVJ.s:163    .text:0000000000000124 .L0 
     /tmp/ccbMbbVJ.s:167    .text:0000000000000134 .L0 
     /tmp/ccbMbbVJ.s:169    .text:0000000000000138 .L0 
     /tmp/ccbMbbVJ.s:170    .text:0000000000000138 .L0 
     /tmp/ccbMbbVJ.s:176    .text:000000000000013c .L0 
     /tmp/ccbMbbVJ.s:182    .text:0000000000000148 .L0 
     /tmp/ccbMbbVJ.s:183    .text:0000000000000148 .L0 
     /tmp/ccbMbbVJ.s:196    .text:0000000000000168 .L0 
     /tmp/ccbMbbVJ.s:198    .text:0000000000000170 .L0 
     /tmp/ccbMbbVJ.s:200    .text:0000000000000174 .L0 
     /tmp/ccbMbbVJ.s:201    .text:0000000000000174 .L0 
GAS LISTING /tmp/ccbMbbVJ.s 			page 19


     /tmp/ccbMbbVJ.s:203    .text:0000000000000178 .L0 
     /tmp/ccbMbbVJ.s:206    .text:000000000000017c .L0 
     /tmp/ccbMbbVJ.s:209    .text:0000000000000180 .L0 
     /tmp/ccbMbbVJ.s:212    .text:0000000000000184 .L0 
     /tmp/ccbMbbVJ.s:215    .text:0000000000000188 .L0 
     /tmp/ccbMbbVJ.s:217    .text:000000000000018c .L0 
     /tmp/ccbMbbVJ.s:243    .text:000000000000018c _ZN3TCB5yieldEv
     /tmp/ccbMbbVJ.s:246    .text:000000000000018c .L0 
     /tmp/ccbMbbVJ.s:247    .text:000000000000018c .L0 
     /tmp/ccbMbbVJ.s:248    .text:0000000000000190 .L0 
     /tmp/ccbMbbVJ.s:251    .text:0000000000000198 .L0 
     /tmp/ccbMbbVJ.s:252    .text:0000000000000198 .L0 
     /tmp/ccbMbbVJ.s:254    .text:000000000000019c .L0 
     /tmp/ccbMbbVJ.s:256    .text:000000000000019c .L0 
     /tmp/ccbMbbVJ.s:257    .text:000000000000019c .L0 
     /tmp/ccbMbbVJ.s:260    .text:00000000000001a4 .L0 
     /tmp/ccbMbbVJ.s:261    .text:00000000000001a8 .L0 
     /tmp/ccbMbbVJ.s:263    .text:00000000000001ac .L0 
     /tmp/ccbMbbVJ.s:264    .text:00000000000001ac .L0 
     /tmp/ccbMbbVJ.s:266    .text:00000000000001b0 .L0 
     /tmp/ccbMbbVJ.s:268    .text:00000000000001b4 .L0 
     /tmp/ccbMbbVJ.s:277    .text:00000000000001b4 .L0 
     /tmp/ccbMbbVJ.s:278    .text:00000000000001b4 .L0 
     /tmp/ccbMbbVJ.s:279    .text:00000000000001b8 .L0 
     /tmp/ccbMbbVJ.s:283    .text:00000000000001c4 .L0 
     /tmp/ccbMbbVJ.s:284    .text:00000000000001c4 .L0 
     /tmp/ccbMbbVJ.s:285    .text:00000000000001c4 .L0 
     /tmp/ccbMbbVJ.s:287    .text:00000000000001c8 .L0 
     /tmp/ccbMbbVJ.s:289    .text:00000000000001c8 .L0 
     /tmp/ccbMbbVJ.s:290    .text:00000000000001c8 .L0 
     /tmp/ccbMbbVJ.s:293    .text:00000000000001d0 .L0 
     /tmp/ccbMbbVJ.s:294    .text:00000000000001d0 .L0 
     /tmp/ccbMbbVJ.s:298    .text:00000000000001e0 .L0 
     /tmp/ccbMbbVJ.s:302    .text:00000000000001e8 .L0 
     /tmp/ccbMbbVJ.s:303    .text:00000000000001e8 .L0 
     /tmp/ccbMbbVJ.s:308    .text:00000000000001ec .L0 
     /tmp/ccbMbbVJ.s:309    .text:00000000000001ec .L0 
     /tmp/ccbMbbVJ.s:315    .text:00000000000001f4 .L0 
     /tmp/ccbMbbVJ.s:316    .text:00000000000001f4 .L0 
     /tmp/ccbMbbVJ.s:319    .text:00000000000001fc .L0 
     /tmp/ccbMbbVJ.s:320    .text:0000000000000200 .L0 
     /tmp/ccbMbbVJ.s:322    .text:0000000000000204 .L0 
     /tmp/ccbMbbVJ.s:323    .text:0000000000000204 .L0 
     /tmp/ccbMbbVJ.s:325    .text:0000000000000208 .L0 
     /tmp/ccbMbbVJ.s:327    .text:000000000000020c .L0 
     /tmp/ccbMbbVJ.s:329    .text:0000000000000210 .L0 
     /tmp/ccbMbbVJ.s:335    .text:0000000000000210 _ZN3TCB8dispatchEv
     /tmp/ccbMbbVJ.s:338    .text:0000000000000210 .L0 
     /tmp/ccbMbbVJ.s:339    .text:0000000000000210 .L0 
     /tmp/ccbMbbVJ.s:340    .text:0000000000000214 .L0 
     /tmp/ccbMbbVJ.s:344    .text:0000000000000220 .L0 
     /tmp/ccbMbbVJ.s:345    .text:0000000000000220 .L0 
     /tmp/ccbMbbVJ.s:346    .text:0000000000000220 .L0 
     /tmp/ccbMbbVJ.s:348    .text:0000000000000224 .L0 
     /tmp/ccbMbbVJ.s:350    .text:0000000000000224 .L0 
     /tmp/ccbMbbVJ.s:351    .text:0000000000000224 .L0 
     /tmp/ccbMbbVJ.s:356    .text:000000000000022c .L0 
GAS LISTING /tmp/ccbMbbVJ.s 			page 20


     /tmp/ccbMbbVJ.s:357    .text:000000000000022c .L0 
     /tmp/ccbMbbVJ.s:358    .text:000000000000022c .L0 
     /tmp/ccbMbbVJ.s:363    .text:0000000000000230 .L0 
     /tmp/ccbMbbVJ.s:368    .text:0000000000000234 .L0 
     /tmp/ccbMbbVJ.s:369    .text:0000000000000234 .L0 
     /tmp/ccbMbbVJ.s:374    .text:0000000000000238 .L0 
     /tmp/ccbMbbVJ.s:377    .text:000000000000023c .L0 
     /tmp/ccbMbbVJ.s:378    .text:000000000000023c .L0 
     /tmp/ccbMbbVJ.s:381    .text:0000000000000244 .L0 
     /tmp/ccbMbbVJ.s:384    .text:0000000000000250 .L0 
     /tmp/ccbMbbVJ.s:385    .text:0000000000000250 .L0 
     /tmp/ccbMbbVJ.s:387    .text:0000000000000254 .L0 
     /tmp/ccbMbbVJ.s:393    .text:0000000000000258 .L0 
     /tmp/ccbMbbVJ.s:394    .text:0000000000000258 .L0 
     /tmp/ccbMbbVJ.s:395    .text:0000000000000258 .L0 
     /tmp/ccbMbbVJ.s:406    .text:0000000000000260 .L0 
     /tmp/ccbMbbVJ.s:407    .text:0000000000000260 .L0 
     /tmp/ccbMbbVJ.s:412    .text:0000000000000270 .L0 
     /tmp/ccbMbbVJ.s:413    .text:0000000000000274 .L0 
     /tmp/ccbMbbVJ.s:414    .text:0000000000000274 .L0 
     /tmp/ccbMbbVJ.s:416    .text:0000000000000278 .L0 
     /tmp/ccbMbbVJ.s:417    .text:0000000000000278 .L0 
     /tmp/ccbMbbVJ.s:419    .text:000000000000027c .L0 
     /tmp/ccbMbbVJ.s:422    .text:0000000000000280 .L0 
     /tmp/ccbMbbVJ.s:426    .text:0000000000000284 .L0 
     /tmp/ccbMbbVJ.s:428    .text:0000000000000284 .L0 
     /tmp/ccbMbbVJ.s:429    .text:0000000000000284 .L0 
     /tmp/ccbMbbVJ.s:438    .text:0000000000000294 .L0 
     /tmp/ccbMbbVJ.s:439    .text:0000000000000294 .L0 
     /tmp/ccbMbbVJ.s:440    .text:0000000000000294 .L0 
     /tmp/ccbMbbVJ.s:447    .text:000000000000029c .L0 
     /tmp/ccbMbbVJ.s:450    .text:00000000000002a0 .L0 
     /tmp/ccbMbbVJ.s:456    .text:00000000000002a0 _ZN3TCB4exitEv
     /tmp/ccbMbbVJ.s:459    .text:00000000000002a0 .L0 
     /tmp/ccbMbbVJ.s:460    .text:00000000000002a0 .L0 
     /tmp/ccbMbbVJ.s:461    .text:00000000000002a4 .L0 
     /tmp/ccbMbbVJ.s:464    .text:00000000000002ac .L0 
     /tmp/ccbMbbVJ.s:465    .text:00000000000002ac .L0 
     /tmp/ccbMbbVJ.s:467    .text:00000000000002b0 .L0 
     /tmp/ccbMbbVJ.s:472    .text:00000000000002b0 .L0 
     /tmp/ccbMbbVJ.s:473    .text:00000000000002b0 .L0 
     /tmp/ccbMbbVJ.s:474    .text:00000000000002b0 .L0 
     /tmp/ccbMbbVJ.s:481    .text:00000000000002c0 .L0 
     /tmp/ccbMbbVJ.s:482    .text:00000000000002c0 .L0 
     /tmp/ccbMbbVJ.s:485    .text:00000000000002c8 .L0 
     /tmp/ccbMbbVJ.s:486    .text:00000000000002c8 .L0 
     /tmp/ccbMbbVJ.s:488    .text:00000000000002d0 .L0 
     /tmp/ccbMbbVJ.s:490    .text:00000000000002d4 .L0 
     /tmp/ccbMbbVJ.s:491    .text:00000000000002d4 .L0 
     /tmp/ccbMbbVJ.s:493    .text:00000000000002d8 .L0 
     /tmp/ccbMbbVJ.s:495    .text:00000000000002dc .L0 
     /tmp/ccbMbbVJ.s:523    .bss:0000000000000008 _ZN3TCB4mainE
     /tmp/ccbMbbVJ.s:519    .bss:0000000000000000 _ZN3TCB7runningE
     /tmp/ccbMbbVJ.s:516    .bss:0000000000000000 .LANCHOR0
     /tmp/ccbMbbVJ.s:530    .text:00000000000002dc .L0 
     /tmp/ccbMbbVJ.s:47     .text:000000000000002c .L0 
     /tmp/ccbMbbVJ.s:54     .text:0000000000000038 .L0 
GAS LISTING /tmp/ccbMbbVJ.s 			page 21


     /tmp/ccbMbbVJ.s:56     .text:0000000000000044 .L0 
     /tmp/ccbMbbVJ.s:61     .text:0000000000000054 .L0 
     /tmp/ccbMbbVJ.s:75     .text:0000000000000070 .L0 
     /tmp/ccbMbbVJ.s:83     .text:000000000000007c .L0 
     /tmp/ccbMbbVJ.s:103    .text:00000000000000a0 .L0 
     /tmp/ccbMbbVJ.s:149    .text:00000000000000fc .L0 
     /tmp/ccbMbbVJ.s:156    .text:0000000000000108 .L0 
     /tmp/ccbMbbVJ.s:158    .text:0000000000000114 .L0 
     /tmp/ccbMbbVJ.s:163    .text:0000000000000124 .L0 
     /tmp/ccbMbbVJ.s:177    .text:0000000000000140 .L0 
     /tmp/ccbMbbVJ.s:184    .text:000000000000014c .L0 
     /tmp/ccbMbbVJ.s:294    .text:00000000000001d0 .L0 
     /tmp/ccbMbbVJ.s:351    .text:0000000000000224 .L0 
     /tmp/ccbMbbVJ.s:381    .text:0000000000000244 .L0 
     /tmp/ccbMbbVJ.s:474    .text:00000000000002b0 .L0 
     /tmp/ccbMbbVJ.s:76     .text:0000000000000078 .L2
     /tmp/ccbMbbVJ.s:125    .text:00000000000000dc .L12
     /tmp/ccbMbbVJ.s:133    .text:00000000000000f0 .L9
     /tmp/ccbMbbVJ.s:192    .text:0000000000000168 .L1
     /tmp/ccbMbbVJ.s:100    .text:000000000000009c .L3
     /tmp/ccbMbbVJ.s:110    .text:00000000000000b8 .L4
     /tmp/ccbMbbVJ.s:178    .text:0000000000000148 .L7
     /tmp/ccbMbbVJ.s:375    .text:000000000000023c .L18
     /tmp/ccbMbbVJ.s:425    .text:0000000000000284 .L22
     /tmp/ccbMbbVJ.s:433    .text:0000000000000294 .L23
     /tmp/ccbMbbVJ.s:402    .text:0000000000000260 .L20
     /tmp/ccbMbbVJ.s:85     .text:0000000000000084 .LEHB0
     /tmp/ccbMbbVJ.s:10     .text:0000000000000000 .LFB45
     /tmp/ccbMbbVJ.s:88     .text:000000000000008c .LEHE0
     /tmp/ccbMbbVJ.s:121    .text:00000000000000d0 .LEHB1
     /tmp/ccbMbbVJ.s:130    .text:00000000000000e8 .LEHE1
     /tmp/ccbMbbVJ.s:137    .text:00000000000000f8 .L10
     /tmp/ccbMbbVJ.s:188    .text:0000000000000160 .LEHB2
     /tmp/ccbMbbVJ.s:191    .text:0000000000000168 .LEHE2
     /tmp/ccbMbbVJ.s:1921   .debug_abbrev:0000000000000000 .Ldebug_abbrev0
     /tmp/ccbMbbVJ.s:3534   .debug_str:0000000000000765 .LASF134
     /tmp/ccbMbbVJ.s:3434   .debug_str:0000000000000493 .LASF135
     /tmp/ccbMbbVJ.s:3508   .debug_str:00000000000006a3 .LASF136
     /tmp/ccbMbbVJ.s:5      .text:0000000000000000 .Ltext0
     /tmp/ccbMbbVJ.s:526    .text:00000000000002dc .Letext0
     /tmp/ccbMbbVJ.s:3284   .debug_line:0000000000000000 .Ldebug_line0
     /tmp/ccbMbbVJ.s:3452   .debug_str:0000000000000519 .LASF0
     /tmp/ccbMbbVJ.s:3470   .debug_str:00000000000005b0 .LASF1
     /tmp/ccbMbbVJ.s:3438   .debug_str:00000000000004bf .LASF2
     /tmp/ccbMbbVJ.s:3406   .debug_str:00000000000003cc .LASF4
     /tmp/ccbMbbVJ.s:3512   .debug_str:00000000000006cd .LASF3
     /tmp/ccbMbbVJ.s:3312   .debug_str:00000000000000a3 .LASF5
     /tmp/ccbMbbVJ.s:3472   .debug_str:00000000000005c3 .LASF6
     /tmp/ccbMbbVJ.s:3450   .debug_str:0000000000000506 .LASF7
     /tmp/ccbMbbVJ.s:3548   .debug_str:0000000000000887 .LASF8
     /tmp/ccbMbbVJ.s:3388   .debug_str:000000000000032b .LASF9
     /tmp/ccbMbbVJ.s:3482   .debug_str:000000000000060b .LASF10
     /tmp/ccbMbbVJ.s:3538   .debug_str:000000000000083a .LASF11
     /tmp/ccbMbbVJ.s:3318   .debug_str:00000000000000c1 .LASF12
     /tmp/ccbMbbVJ.s:3292   .debug_str:000000000000002a .LASF13
     /tmp/ccbMbbVJ.s:3332   .debug_str:0000000000000137 .LASF14
     /tmp/ccbMbbVJ.s:3502   .debug_str:000000000000067d .LASF15
GAS LISTING /tmp/ccbMbbVJ.s 			page 22


     /tmp/ccbMbbVJ.s:3346   .debug_str:00000000000001cc .LASF16
     /tmp/ccbMbbVJ.s:3480   .debug_str:0000000000000601 .LASF17
     /tmp/ccbMbbVJ.s:3552   .debug_str:00000000000008af .LASF137
     /tmp/ccbMbbVJ.s:3402   .debug_str:0000000000000390 .LASF138
     /tmp/ccbMbbVJ.s:3328   .debug_str:0000000000000115 .LASF139
     /tmp/ccbMbbVJ.s:3430   .debug_str:0000000000000473 .LASF140
     /tmp/ccbMbbVJ.s:3298   .debug_str:000000000000004d .LASF141
     /tmp/ccbMbbVJ.s:3356   .debug_str:0000000000000225 .LASF18
     /tmp/ccbMbbVJ.s:3492   .debug_str:000000000000064f .LASF20
     /tmp/ccbMbbVJ.s:3474   .debug_str:00000000000005d6 .LASF22
     /tmp/ccbMbbVJ.s:3386   .debug_str:0000000000000314 .LASF24
     /tmp/ccbMbbVJ.s:3440   .debug_str:00000000000004cd .LASF19
     /tmp/ccbMbbVJ.s:3582   .debug_str:00000000000009c5 .LASF21
     /tmp/ccbMbbVJ.s:3296   .debug_str:0000000000000043 .LASF23
     /tmp/ccbMbbVJ.s:3422   .debug_str:000000000000042d .LASF25
     /tmp/ccbMbbVJ.s:3410   .debug_str:00000000000003f4 .LASF26
     /tmp/ccbMbbVJ.s:3540   .debug_str:0000000000000849 .LASF27
     /tmp/ccbMbbVJ.s:3420   .debug_str:0000000000000420 .LASF28
     /tmp/ccbMbbVJ.s:3570   .debug_str:0000000000000956 .LASF29
     /tmp/ccbMbbVJ.s:3494   .debug_str:000000000000065b .LASF142
     /tmp/ccbMbbVJ.s:3504   .debug_str:0000000000000693 .LASF50
     /tmp/ccbMbbVJ.s:3444   .debug_str:00000000000004e0 .LASF52
     /tmp/ccbMbbVJ.s:3362   .debug_str:000000000000024e .LASF30
     /tmp/ccbMbbVJ.s:3478   .debug_str:00000000000005fc .LASF31
     /tmp/ccbMbbVJ.s:3560   .debug_str:0000000000000906 .LASF32
     /tmp/ccbMbbVJ.s:3526   .debug_str:000000000000073b .LASF33
     /tmp/ccbMbbVJ.s:3382   .debug_str:00000000000002ee .LASF34
     /tmp/ccbMbbVJ.s:3392   .debug_str:000000000000033e .LASF35
     /tmp/ccbMbbVJ.s:3518   .debug_str:00000000000006fd .LASF36
     /tmp/ccbMbbVJ.s:3498   .debug_str:0000000000000665 .LASF38
     /tmp/ccbMbbVJ.s:3524   .debug_str:0000000000000728 .LASF37
     /tmp/ccbMbbVJ.s:3326   .debug_str:0000000000000108 .LASF39
     /tmp/ccbMbbVJ.s:3574   .debug_str:0000000000000990 .LASF143
     /tmp/ccbMbbVJ.s:3426   .debug_str:000000000000044d .LASF46
     /tmp/ccbMbbVJ.s:3396   .debug_str:0000000000000360 .LASF48
     /tmp/ccbMbbVJ.s:3414   .debug_str:0000000000000408 .LASF40
     /tmp/ccbMbbVJ.s:3458   .debug_str:0000000000000536 .LASF41
     /tmp/ccbMbbVJ.s:3418   .debug_str:0000000000000418 .LASF42
     /tmp/ccbMbbVJ.s:3412   .debug_str:00000000000003ff .LASF43
     /tmp/ccbMbbVJ.s:3286   .debug_str:0000000000000000 .LASF44
     /tmp/ccbMbbVJ.s:3556   .debug_str:00000000000008e4 .LASF45
     /tmp/ccbMbbVJ.s:3404   .debug_str:00000000000003a4 .LASF70
     /tmp/ccbMbbVJ.s:3456   .debug_str:000000000000052d .LASF47
     /tmp/ccbMbbVJ.s:3368   .debug_str:0000000000000272 .LASF49
     /tmp/ccbMbbVJ.s:3510   .debug_str:00000000000006c8 .LASF51
     /tmp/ccbMbbVJ.s:3322   .debug_str:00000000000000e9 .LASF53
     /tmp/ccbMbbVJ.s:3424   .debug_str:0000000000000442 .LASF144
     /tmp/ccbMbbVJ.s:3448   .debug_str:00000000000004f6 .LASF54
     /tmp/ccbMbbVJ.s:3352   .debug_str:0000000000000205 .LASF145
     /tmp/ccbMbbVJ.s:3580   .debug_str:00000000000009c0 .LASF55
     /tmp/ccbMbbVJ.s:3496   .debug_str:0000000000000660 .LASF56
     /tmp/ccbMbbVJ.s:3460   .debug_str:000000000000053c .LASF57
     /tmp/ccbMbbVJ.s:3436   .debug_str:000000000000049f .LASF84
     /tmp/ccbMbbVJ.s:3514   .debug_str:00000000000006df .LASF58
     /tmp/ccbMbbVJ.s:3554   .debug_str:00000000000008c3 .LASF59
     /tmp/ccbMbbVJ.s:3488   .debug_str:0000000000000633 .LASF60
     /tmp/ccbMbbVJ.s:3408   .debug_str:00000000000003d3 .LASF61
GAS LISTING /tmp/ccbMbbVJ.s 			page 23


     /tmp/ccbMbbVJ.s:3486   .debug_str:0000000000000620 .LASF62
     /tmp/ccbMbbVJ.s:3336   .debug_str:0000000000000148 .LASF63
     /tmp/ccbMbbVJ.s:3476   .debug_str:00000000000005e1 .LASF64
     /tmp/ccbMbbVJ.s:3468   .debug_str:000000000000057d .LASF65
     /tmp/ccbMbbVJ.s:3306   .debug_str:000000000000007a .LASF66
     /tmp/ccbMbbVJ.s:3316   .debug_str:00000000000000b6 .LASF67
     /tmp/ccbMbbVJ.s:3354   .debug_str:000000000000020c .LASF68
     /tmp/ccbMbbVJ.s:3562   .debug_str:0000000000000913 .LASF69
     /tmp/ccbMbbVJ.s:3374   .debug_str:0000000000000297 .LASF71
     /tmp/ccbMbbVJ.s:3370   .debug_str:0000000000000285 .LASF72
     /tmp/ccbMbbVJ.s:3466   .debug_str:0000000000000577 .LASF73
     /tmp/ccbMbbVJ.s:3350   .debug_str:00000000000001f6 .LASF146
     /tmp/ccbMbbVJ.s:3342   .debug_str:00000000000001bb .LASF74
     /tmp/ccbMbbVJ.s:3564   .debug_str:000000000000091d .LASF75
     /tmp/ccbMbbVJ.s:3314   .debug_str:00000000000000aa .LASF76
     /tmp/ccbMbbVJ.s:3500   .debug_str:0000000000000672 .LASF77
     /tmp/ccbMbbVJ.s:3572   .debug_str:0000000000000978 .LASF78
     /tmp/ccbMbbVJ.s:3310   .debug_str:0000000000000095 .LASF79
     /tmp/ccbMbbVJ.s:3360   .debug_str:0000000000000233 .LASF80
     /tmp/ccbMbbVJ.s:3372   .debug_str:000000000000028a .LASF81
     /tmp/ccbMbbVJ.s:3290   .debug_str:0000000000000010 .LASF82
     /tmp/ccbMbbVJ.s:3294   .debug_str:000000000000003a .LASF83
     /tmp/ccbMbbVJ.s:3522   .debug_str:0000000000000713 .LASF85
     /tmp/ccbMbbVJ.s:3358   .debug_str:000000000000022a .LASF86
     /tmp/ccbMbbVJ.s:3340   .debug_str:00000000000001a6 .LASF87
     /tmp/ccbMbbVJ.s:3442   .debug_str:00000000000004d9 .LASF88
     /tmp/ccbMbbVJ.s:3490   .debug_str:000000000000063c .LASF89
     /tmp/ccbMbbVJ.s:3532   .debug_str:000000000000075e .LASF90
     /tmp/ccbMbbVJ.s:3542   .debug_str:000000000000085f .LASF91
     /tmp/ccbMbbVJ.s:3378   .debug_str:00000000000002d6 .LASF92
     /tmp/ccbMbbVJ.s:3348   .debug_str:00000000000001e2 .LASF93
     /tmp/ccbMbbVJ.s:3288   .debug_str:0000000000000008 .LASF94
     /tmp/ccbMbbVJ.s:3516   .debug_str:00000000000006e9 .LASF95
     /tmp/ccbMbbVJ.s:3364   .debug_str:0000000000000256 .LASF96
     /tmp/ccbMbbVJ.s:3558   .debug_str:00000000000008f2 .LASF97
     /tmp/ccbMbbVJ.s:3398   .debug_str:0000000000000379 .LASF98
     /tmp/ccbMbbVJ.s:3366   .debug_str:000000000000025e .LASF99
     /tmp/ccbMbbVJ.s:3454   .debug_str:0000000000000526 .LASF100
     /tmp/ccbMbbVJ.s:3568   .debug_str:0000000000000943 .LASF101
     /tmp/ccbMbbVJ.s:3544   .debug_str:0000000000000872 .LASF102
     /tmp/ccbMbbVJ.s:3376   .debug_str:00000000000002c3 .LASF103
     /tmp/ccbMbbVJ.s:3446   .debug_str:00000000000004f0 .LASF104
     /tmp/ccbMbbVJ.s:3530   .debug_str:000000000000074c .LASF105
     /tmp/ccbMbbVJ.s:3304   .debug_str:0000000000000074 .LASF106
     /tmp/ccbMbbVJ.s:3586   .debug_str:00000000000009ed .LASF107
     /tmp/ccbMbbVJ.s:3578   .debug_str:00000000000009b5 .LASF108
     /tmp/ccbMbbVJ.s:3320   .debug_str:00000000000000d1 .LASF109
     /tmp/ccbMbbVJ.s:3416   .debug_str:000000000000040d .LASF110
     /tmp/ccbMbbVJ.s:3428   .debug_str:000000000000045b .LASF111
     /tmp/ccbMbbVJ.s:3330   .debug_str:000000000000012d .LASF112
     /tmp/ccbMbbVJ.s:3432   .debug_str:000000000000047d .LASF113
     /tmp/ccbMbbVJ.s:3300   .debug_str:0000000000000055 .LASF114
     /tmp/ccbMbbVJ.s:3394   .debug_str:000000000000034a .LASF115
     /tmp/ccbMbbVJ.s:3576   .debug_str:00000000000009a6 .LASF116
     /tmp/ccbMbbVJ.s:3464   .debug_str:000000000000055b .LASF117
     /tmp/ccbMbbVJ.s:3506   .debug_str:0000000000000699 .LASF118
     /tmp/ccbMbbVJ.s:3384   .debug_str:00000000000002fe .LASF119
GAS LISTING /tmp/ccbMbbVJ.s 			page 24


     /tmp/ccbMbbVJ.s:3528   .debug_str:0000000000000747 .LASF120
     /tmp/ccbMbbVJ.s:3536   .debug_str:0000000000000829 .LASF121
     /tmp/ccbMbbVJ.s:3390   .debug_str:0000000000000339 .LASF122
     /tmp/ccbMbbVJ.s:3308   .debug_str:0000000000000084 .LASF123
     /tmp/ccbMbbVJ.s:3584   .debug_str:00000000000009dc .LASF124
     /tmp/ccbMbbVJ.s:3546   .debug_str:0000000000000879 .LASF125
     /tmp/ccbMbbVJ.s:457    .text:00000000000002a0 .LFB49
     /tmp/ccbMbbVJ.s:496    .text:00000000000002dc .LFE49
     /tmp/ccbMbbVJ.s:470    .text:00000000000002b0 .LBB70
     /tmp/ccbMbbVJ.s:479    .text:00000000000002c0 .LBE70
     /tmp/ccbMbbVJ.s:3043   .debug_loc:0000000000000000 .LLST17
     /tmp/ccbMbbVJ.s:3051   .debug_loc:0000000000000024 .LLST18
     /tmp/ccbMbbVJ.s:483    .text:00000000000002c8 .LVL39
     /tmp/ccbMbbVJ.s:336    .text:0000000000000210 .LFB48
     /tmp/ccbMbbVJ.s:451    .text:00000000000002a0 .LFE48
     /tmp/ccbMbbVJ.s:3059   .debug_loc:000000000000004f .LLST13
     /tmp/ccbMbbVJ.s:354    .text:000000000000022c .LBB62
     /tmp/ccbMbbVJ.s:361    .text:0000000000000230 .LBE62
     /tmp/ccbMbbVJ.s:3070   .debug_loc:0000000000000085 .LLST14
     /tmp/ccbMbbVJ.s:365    .text:0000000000000234 .LBB64
     /tmp/ccbMbbVJ.s:372    .text:0000000000000238 .LBE64
     /tmp/ccbMbbVJ.s:3077   .debug_loc:00000000000000a8 .LLST15
     /tmp/ccbMbbVJ.s:390    .text:0000000000000258 .LBB66
     /tmp/ccbMbbVJ.s:404    .text:0000000000000260 .LBE66
     /tmp/ccbMbbVJ.s:3084   .debug_loc:00000000000000cb .LLST16
     /tmp/ccbMbbVJ.s:436    .text:0000000000000294 .LBB68
     /tmp/ccbMbbVJ.s:449    .text:00000000000002a0 .LBE68
     /tmp/ccbMbbVJ.s:379    .text:0000000000000244 .LVL29
     /tmp/ccbMbbVJ.s:410    .text:0000000000000270 .LVL32
     /tmp/ccbMbbVJ.s:431    .text:0000000000000290 .LVL35
     /tmp/ccbMbbVJ.s:244    .text:000000000000018c .LFB47
     /tmp/ccbMbbVJ.s:269    .text:00000000000001b4 .LFE47
     /tmp/ccbMbbVJ.s:258    .text:00000000000001a4 .LVL19
     /tmp/ccbMbbVJ.s:275    .text:00000000000001b4 .LFB46
     /tmp/ccbMbbVJ.s:330    .text:0000000000000210 .LFE46
     /tmp/ccbMbbVJ.s:305    .text:00000000000001ec .LBB60
     /tmp/ccbMbbVJ.s:313    .text:00000000000001f4 .LBE60
     /tmp/ccbMbbVJ.s:3093   .debug_loc:00000000000000f1 .LLST11
     /tmp/ccbMbbVJ.s:3101   .debug_loc:0000000000000115 .LLST12
     /tmp/ccbMbbVJ.s:291    .text:00000000000001d0 .LVL20
     /tmp/ccbMbbVJ.s:317    .text:00000000000001fc .LVL24
     /tmp/ccbMbbVJ.s:218    .text:000000000000018c .LFE45
     /tmp/ccbMbbVJ.s:3108   .debug_loc:0000000000000138 .LLST0
     /tmp/ccbMbbVJ.s:3126   .debug_loc:0000000000000184 .LLST1
     /tmp/ccbMbbVJ.s:3144   .debug_loc:00000000000001d0 .LLST2
     /tmp/ccbMbbVJ.s:38     .text:000000000000002c .LBB44
     /tmp/ccbMbbVJ.s:92     .text:0000000000000090 .LBE44
     /tmp/ccbMbbVJ.s:3173   .debug_loc:0000000000000245 .LLST3
     /tmp/ccbMbbVJ.s:42     .text:000000000000002c .LBB46
     /tmp/ccbMbbVJ.s:79     .text:0000000000000078 .LBE46
     /tmp/ccbMbbVJ.s:50     .text:0000000000000038 .LBB48
     /tmp/ccbMbbVJ.s:72     .text:000000000000006c .LBE48
     /tmp/ccbMbbVJ.s:3182   .debug_loc:000000000000026a .LLST4
     /tmp/ccbMbbVJ.s:87     .text:000000000000008c .LVL6
     /tmp/ccbMbbVJ.s:93     .text:0000000000000090 .LBB51
     /tmp/ccbMbbVJ.s:141    .text:00000000000000fc .LBE51
     /tmp/ccbMbbVJ.s:3191   .debug_loc:0000000000000296 .LLST5
GAS LISTING /tmp/ccbMbbVJ.s 			page 25


     /tmp/ccbMbbVJ.s:3216   .debug_loc:00000000000002f8 .LLST6
     /tmp/ccbMbbVJ.s:3230   .debug_loc:0000000000000331 .LLST7
     /tmp/ccbMbbVJ.s:3244   .debug_loc:000000000000036a .LLST8
     /tmp/ccbMbbVJ.s:123    .text:00000000000000d8 .LVL8
     /tmp/ccbMbbVJ.s:129    .text:00000000000000e8 .LVL9
     /tmp/ccbMbbVJ.s:142    .text:00000000000000fc .LBB53
     /tmp/ccbMbbVJ.s:194    .text:0000000000000168 .LBE53
     /tmp/ccbMbbVJ.s:3255   .debug_loc:00000000000003a0 .LLST9
     /tmp/ccbMbbVJ.s:145    .text:00000000000000fc .LBB55
     /tmp/ccbMbbVJ.s:181    .text:0000000000000148 .LBE55
     /tmp/ccbMbbVJ.s:152    .text:0000000000000108 .LBB57
     /tmp/ccbMbbVJ.s:174    .text:000000000000013c .LBE57
     /tmp/ccbMbbVJ.s:3262   .debug_loc:00000000000003c3 .LLST10
     /tmp/ccbMbbVJ.s:186    .text:000000000000015c .LVL13
     /tmp/ccbMbbVJ.s:190    .text:0000000000000168 .LVL14
     /tmp/ccbMbbVJ.s:3334   .debug_str:0000000000000143 .LASF126
     /tmp/ccbMbbVJ.s:3344   .debug_str:00000000000001c7 .LASF127
     /tmp/ccbMbbVJ.s:3462   .debug_str:0000000000000545 .LASF129
     /tmp/ccbMbbVJ.s:3484   .debug_str:000000000000061a .LASF128
     /tmp/ccbMbbVJ.s:3566   .debug_str:000000000000092a .LASF130
     /tmp/ccbMbbVJ.s:3324   .debug_str:00000000000000f8 .LASF147
     /tmp/ccbMbbVJ.s:3338   .debug_str:0000000000000173 .LASF148
     /tmp/ccbMbbVJ.s:3302   .debug_str:000000000000005f .LASF149
     /tmp/ccbMbbVJ.s:3380   .debug_str:00000000000002de .LASF150
     /tmp/ccbMbbVJ.s:3520   .debug_str:000000000000070d .LASF131
     /tmp/ccbMbbVJ.s:3400   .debug_str:0000000000000381 .LASF132
     /tmp/ccbMbbVJ.s:3550   .debug_str:0000000000000897 .LASF133
     /tmp/ccbMbbVJ.s:469    .text:00000000000002b0 .LVL37
     /tmp/ccbMbbVJ.s:477    .text:00000000000002c0 .LVL38
     /tmp/ccbMbbVJ.s:352    .text:000000000000022c .LVL25
     /tmp/ccbMbbVJ.s:420    .text:000000000000027c .LVL33
     /tmp/ccbMbbVJ.s:424    .text:0000000000000284 .LVL34
     /tmp/ccbMbbVJ.s:359    .text:0000000000000230 .LVL26
     /tmp/ccbMbbVJ.s:364    .text:0000000000000234 .LVL27
     /tmp/ccbMbbVJ.s:370    .text:0000000000000238 .LVL28
     /tmp/ccbMbbVJ.s:389    .text:0000000000000258 .LVL30
     /tmp/ccbMbbVJ.s:400    .text:0000000000000260 .LVL31
     /tmp/ccbMbbVJ.s:304    .text:00000000000001ec .LVL22
     /tmp/ccbMbbVJ.s:311    .text:00000000000001f4 .LVL23
     /tmp/ccbMbbVJ.s:16     .text:0000000000000000 .LVL0
     /tmp/ccbMbbVJ.s:84     .text:0000000000000084 .LVL5
     /tmp/ccbMbbVJ.s:210    .text:0000000000000180 .LVL17
     /tmp/ccbMbbVJ.s:82     .text:000000000000007c .LVL4
     /tmp/ccbMbbVJ.s:213    .text:0000000000000184 .LVL18
     /tmp/ccbMbbVJ.s:139    .text:00000000000000fc .LVL10
     /tmp/ccbMbbVJ.s:207    .text:000000000000017c .LVL16
     /tmp/ccbMbbVJ.s:37     .text:000000000000002c .LVL1
     /tmp/ccbMbbVJ.s:90     .text:0000000000000090 .LVL7
     /tmp/ccbMbbVJ.s:49     .text:0000000000000038 .LVL2
     /tmp/ccbMbbVJ.s:69     .text:000000000000006c .LVL3
     /tmp/ccbMbbVJ.s:204    .text:0000000000000178 .LVL15
     /tmp/ccbMbbVJ.s:151    .text:0000000000000108 .LVL11
     /tmp/ccbMbbVJ.s:171    .text:000000000000013c .LVL12
     /tmp/ccbMbbVJ.s:531    .debug_info:0000000000000000 .Ldebug_info0
     /tmp/ccbMbbVJ.s:221    .gcc_except_table:0000000000000000 .LLSDA45

UNDEFINED SYMBOLS
GAS LISTING /tmp/ccbMbbVJ.s 			page 26


HEAP_START_ADDR
HEAP_END_ADDR
_ZN15MemoryAllocator9mem_allocEm
_ZN9Scheduler3putEP3TCB
_Znam
_ZN15MemoryAllocator8mem_freeEPv
_Unwind_Resume
__gxx_personality_v0
_Z15thread_dispatchv
_ZN5Riscv10popSppSpieEv
_ZN9Scheduler3getEv
_ZN3TCB13contextSwitchEPNS_7ContextES1_
