GAS LISTING /tmp/cc3dlTt3.s 			page 1


   1              		.file	"workers.cpp"
   2              		.option pic
   3              		.option norelax
   4              		.text
   5              	.Ltext0:
   6              		.align	2
   8              	_ZL9fibonaccim:
   9              	.LFB16:
  10              		.file 1 "src/workers.cpp"
   1:src/workers.cpp **** //
   2:src/workers.cpp **** // Created by marko on 20.4.22..
   3:src/workers.cpp **** //
   4:src/workers.cpp **** 
   5:src/workers.cpp **** #include "../lib/hw.h"
   6:src/workers.cpp **** #include "../h/ccb.hpp"
   7:src/workers.cpp **** #include "../h/print.hpp"
   8:src/workers.cpp **** 
   9:src/workers.cpp **** static uint64 fibonacci(uint64 n)
  10:src/workers.cpp **** {
  11              		.loc 1 10 1
  12              		.cfi_startproc
  13              	.LVL0:
  14 0000 130101FE 		addi	sp,sp,-32
  15              		.cfi_def_cfa_offset 32
  16 0004 233C1100 		sd	ra,24(sp)
  17 0008 23388100 		sd	s0,16(sp)
  18 000c 23349100 		sd	s1,8(sp)
  19 0010 23302101 		sd	s2,0(sp)
  20              		.cfi_offset 1, -8
  21              		.cfi_offset 8, -16
  22              		.cfi_offset 9, -24
  23              		.cfi_offset 18, -32
  24 0014 13040102 		addi	s0,sp,32
  25              		.cfi_def_cfa 8, 0
  26 0018 93040500 		mv	s1,a0
  11:src/workers.cpp ****     if (n == 0 || n == 1) { return n; }
  27              		.loc 1 11 5
  28 001c 93071000 		li	a5,1
  29 0020 63F6A702 		bleu	a0,a5,.L1
  12:src/workers.cpp ****     if (n % 4 == 0) CCB::yield();
  30              		.loc 1 12 5
  31              		.loc 1 12 11 is_stmt 0
  32 0024 93773500 		andi	a5,a0,3
  33              		.loc 1 12 5
  34 0028 638E0702 		beqz	a5,.L6
  35              	.LVL1:
  36              	.L3:
  13:src/workers.cpp ****     return fibonacci(n - 1) + fibonacci(n - 2);
  37              		.loc 1 13 5 is_stmt 1
  38              		.loc 1 13 21 is_stmt 0
  39 002c 1385F4FF 		addi	a0,s1,-1
  40 0030 97000000 		call	_ZL9fibonaccim
  40      E7800000 
  41              	.LVL2:
  42 0038 13090500 		mv	s2,a0
  43              		.loc 1 13 40
  44 003c 1385E4FF 		addi	a0,s1,-2
GAS LISTING /tmp/cc3dlTt3.s 			page 2


  45 0040 97000000 		call	_ZL9fibonaccim
  45      E7800000 
  46              	.LVL3:
  47              		.loc 1 13 46
  48 0048 3305A900 		add	a0,s2,a0
  49              	.L1:
  14:src/workers.cpp **** }
  50              		.loc 1 14 1
  51 004c 83308101 		ld	ra,24(sp)
  52              		.cfi_remember_state
  53              		.cfi_restore 1
  54 0050 03340101 		ld	s0,16(sp)
  55              		.cfi_restore 8
  56              		.cfi_def_cfa 2, 32
  57 0054 83348100 		ld	s1,8(sp)
  58              		.cfi_restore 9
  59              	.LVL4:
  60 0058 03390100 		ld	s2,0(sp)
  61              		.cfi_restore 18
  62 005c 13010102 		addi	sp,sp,32
  63              		.cfi_def_cfa_offset 0
  64 0060 67800000 		jr	ra
  65              	.LVL5:
  66              	.L6:
  67              		.cfi_restore_state
  12:src/workers.cpp ****     if (n % 4 == 0) CCB::yield();
  68              		.loc 1 12 21 is_stmt 1 discriminator 1
  12:src/workers.cpp ****     if (n % 4 == 0) CCB::yield();
  69              		.loc 1 12 31 is_stmt 0 discriminator 1
  70 0064 97000000 		call	_ZN3CCB5yieldEv@plt
  70      E7800000 
  71              	.LVL6:
  72 006c 6FF01FFC 		j	.L3
  73              		.cfi_endproc
  74              	.LFE16:
  76              		.section	.rodata.str1.8,"aMS",@progbits,1
  77              		.align	3
  78              	.LC0:
  79 0000 413A2069 		.string	"A: i="
  79      3D00
  80 0006 0000     		.align	3
  81              	.LC1:
  82 0008 0A00     		.string	"\n"
  83 000a 00000000 		.align	3
  83      0000
  84              	.LC2:
  85 0010 413A2079 		.string	"A: yield\n"
  85      69656C64 
  85      0A00
  86 001a 00000000 		.align	3
  86      0000
  87              	.LC3:
  88 0020 413A2074 		.string	"A: t1="
  88      313D00
  89 0027 00       		.align	3
  90              	.LC4:
  91 0028 413A2066 		.string	"A: fibonaci="
GAS LISTING /tmp/cc3dlTt3.s 			page 3


  91      69626F6E 
  91      6163693D 
  91      00
  92              		.text
  93              		.align	2
  94              		.globl	_Z11workerBodyAv
  96              	_Z11workerBodyAv:
  97              	.LFB17:
  15:src/workers.cpp **** 
  16:src/workers.cpp **** void workerBodyA()
  17:src/workers.cpp **** {
  98              		.loc 1 17 1 is_stmt 1
  99              		.cfi_startproc
 100 0070 130101FE 		addi	sp,sp,-32
 101              		.cfi_def_cfa_offset 32
 102 0074 233C1100 		sd	ra,24(sp)
 103 0078 23388100 		sd	s0,16(sp)
 104 007c 23349100 		sd	s1,8(sp)
 105 0080 23302101 		sd	s2,0(sp)
 106              		.cfi_offset 1, -8
 107              		.cfi_offset 8, -16
 108              		.cfi_offset 9, -24
 109              		.cfi_offset 18, -32
 110 0084 13040102 		addi	s0,sp,32
 111              		.cfi_def_cfa 8, 0
  18:src/workers.cpp ****     uint8 i = 0;
 112              		.loc 1 18 5
 113              	.LVL7:
 114              		.loc 1 18 11 is_stmt 0
 115 0088 93040000 		li	s1,0
 116 008c 6F008003 		j	.L9
 117              	.LVL8:
 118              	.L13:
  19:src/workers.cpp ****     for (; i < 3; i++)
  20:src/workers.cpp ****     {
  21:src/workers.cpp ****         printString("A: i=");
 119              		.loc 1 21 9 is_stmt 1 discriminator 1
 120              		.loc 1 21 20 is_stmt 0 discriminator 1
 121 0090 17050000 		lla	a0,.LC0
 121      13050500 
 122 0098 97000000 		call	_Z11printStringPKc@plt
 122      E7800000 
 123              	.LVL9:
  22:src/workers.cpp ****         printInteger(i);
 124              		.loc 1 22 9 is_stmt 1 discriminator 1
 125              		.loc 1 22 21 is_stmt 0 discriminator 1
 126 00a0 13850400 		mv	a0,s1
 127 00a4 97000000 		call	_Z12printIntegerm@plt
 127      E7800000 
 128              	.LVL10:
  23:src/workers.cpp ****         printString("\n");
 129              		.loc 1 23 9 is_stmt 1 discriminator 1
 130              		.loc 1 23 20 is_stmt 0 discriminator 1
 131 00ac 17050000 		lla	a0,.LC1
 131      13050500 
 132 00b4 97000000 		call	_Z11printStringPKc@plt
 132      E7800000 
GAS LISTING /tmp/cc3dlTt3.s 			page 4


 133              	.LVL11:
  19:src/workers.cpp ****     for (; i < 3; i++)
 134              		.loc 1 19 5 is_stmt 1 discriminator 1
 135 00bc 9B841400 		addiw	s1,s1,1
 136              	.LVL12:
 137 00c0 93F4F40F 		andi	s1,s1,0xff
 138              	.LVL13:
 139              	.L9:
  19:src/workers.cpp ****     for (; i < 3; i++)
 140              		.loc 1 19 5 discriminator 2
  19:src/workers.cpp ****     for (; i < 3; i++)
 141              		.loc 1 19 14 discriminator 2
 142 00c4 93072000 		li	a5,2
 143 00c8 E3F497FC 		bleu	s1,a5,.L13
  24:src/workers.cpp ****     }
  25:src/workers.cpp **** 
  26:src/workers.cpp ****     printString("A: yield\n");
 144              		.loc 1 26 5
 145              		.loc 1 26 16 is_stmt 0
 146 00cc 17050000 		lla	a0,.LC2
 146      13050500 
 147 00d4 97000000 		call	_Z11printStringPKc@plt
 147      E7800000 
 148              	.LVL14:
  27:src/workers.cpp ****     __asm__ ("li t1, 7");
 149              		.loc 1 27 5 is_stmt 1
 150              		.loc 1 27 25 is_stmt 0
 151              	#APP
 152              	# 27 "src/workers.cpp" 1
  28              	    CCB::yield();
 153              		li t1, 7
 154              	# 0 "" 2
 155              		.loc 1 28 5 is_stmt 1
 156              		.loc 1 28 15 is_stmt 0
 157              	#NO_APP
 158 00e0 97000000 		call	_ZN3CCB5yieldEv@plt
 158      E7800000 
 159              	.LVL15:
  29:src/workers.cpp **** 
  30:src/workers.cpp ****     uint64 t1 = 0;
 160              		.loc 1 30 5 is_stmt 1
  31:src/workers.cpp ****     __asm__ ("mv %[t1], t1" : [t1] "=r"(t1));
 161              		.loc 1 31 5
 162              		.loc 1 31 45 is_stmt 0
 163              	#APP
 164              	# 31 "src/workers.cpp" 1
  32              	
 165              		mv s2, t1
 166              	# 0 "" 2
 167              	.LVL16:
  33:src/workers.cpp ****     printString("A: t1=");
 168              		.loc 1 33 5 is_stmt 1
 169              		.loc 1 33 16 is_stmt 0
 170              	#NO_APP
 171 00ec 17050000 		lla	a0,.LC3
 171      13050500 
 172 00f4 97000000 		call	_Z11printStringPKc@plt
GAS LISTING /tmp/cc3dlTt3.s 			page 5


 172      E7800000 
 173              	.LVL17:
  34:src/workers.cpp ****     printInteger(t1);
 174              		.loc 1 34 5 is_stmt 1
 175              		.loc 1 34 17 is_stmt 0
 176 00fc 13050900 		mv	a0,s2
 177 0100 97000000 		call	_Z12printIntegerm@plt
 177      E7800000 
 178              	.LVL18:
  35:src/workers.cpp ****     printString("\n");
 179              		.loc 1 35 5 is_stmt 1
 180              		.loc 1 35 16 is_stmt 0
 181 0108 17050000 		lla	a0,.LC1
 181      13050500 
 182 0110 97000000 		call	_Z11printStringPKc@plt
 182      E7800000 
 183              	.LVL19:
  36:src/workers.cpp **** 
  37:src/workers.cpp ****     uint64 result = fibonacci(20);
 184              		.loc 1 37 5 is_stmt 1
 185              		.loc 1 37 30 is_stmt 0
 186 0118 13054001 		li	a0,20
 187 011c 97000000 		call	_ZL9fibonaccim
 187      E7800000 
 188              	.LVL20:
 189 0124 13090500 		mv	s2,a0
 190              	.LVL21:
  38:src/workers.cpp ****     printString("A: fibonaci=");
 191              		.loc 1 38 5 is_stmt 1
 192              		.loc 1 38 16 is_stmt 0
 193 0128 17050000 		lla	a0,.LC4
 193      13050500 
 194              	.LVL22:
 195 0130 97000000 		call	_Z11printStringPKc@plt
 195      E7800000 
 196              	.LVL23:
  39:src/workers.cpp ****     printInteger(result);
 197              		.loc 1 39 5 is_stmt 1
 198              		.loc 1 39 17 is_stmt 0
 199 0138 13050900 		mv	a0,s2
 200 013c 97000000 		call	_Z12printIntegerm@plt
 200      E7800000 
 201              	.LVL24:
  40:src/workers.cpp ****     printString("\n");
 202              		.loc 1 40 5 is_stmt 1
 203              		.loc 1 40 16 is_stmt 0
 204 0144 17050000 		lla	a0,.LC1
 204      13050500 
 205 014c 97000000 		call	_Z11printStringPKc@plt
 205      E7800000 
 206              	.LVL25:
 207 0154 6F008003 		j	.L11
 208              	.L14:
  41:src/workers.cpp **** 
  42:src/workers.cpp ****     for (; i < 6; i++)
  43:src/workers.cpp ****     {
  44:src/workers.cpp ****         printString("A: i=");
GAS LISTING /tmp/cc3dlTt3.s 			page 6


 209              		.loc 1 44 9 is_stmt 1 discriminator 1
 210              		.loc 1 44 20 is_stmt 0 discriminator 1
 211 0158 17050000 		lla	a0,.LC0
 211      13050500 
 212 0160 97000000 		call	_Z11printStringPKc@plt
 212      E7800000 
 213              	.LVL26:
  45:src/workers.cpp ****         printInteger(i);
 214              		.loc 1 45 9 is_stmt 1 discriminator 1
 215              		.loc 1 45 21 is_stmt 0 discriminator 1
 216 0168 13850400 		mv	a0,s1
 217 016c 97000000 		call	_Z12printIntegerm@plt
 217      E7800000 
 218              	.LVL27:
  46:src/workers.cpp ****         printString("\n");
 219              		.loc 1 46 9 is_stmt 1 discriminator 1
 220              		.loc 1 46 20 is_stmt 0 discriminator 1
 221 0174 17050000 		lla	a0,.LC1
 221      13050500 
 222 017c 97000000 		call	_Z11printStringPKc@plt
 222      E7800000 
 223              	.LVL28:
  42:src/workers.cpp ****     {
 224              		.loc 1 42 5 is_stmt 1 discriminator 1
 225 0184 9B841400 		addiw	s1,s1,1
 226              	.LVL29:
 227 0188 93F4F40F 		andi	s1,s1,0xff
 228              	.LVL30:
 229              	.L11:
  42:src/workers.cpp ****     {
 230              		.loc 1 42 5 discriminator 2
  42:src/workers.cpp ****     {
 231              		.loc 1 42 14 discriminator 2
 232 018c 93075000 		li	a5,5
 233 0190 E3F497FC 		bleu	s1,a5,.L14
  47:src/workers.cpp ****     }
  48:src/workers.cpp **** 
  49:src/workers.cpp ****     CCB::running->setFinished(true);
 234              		.loc 1 49 5
 235              		.loc 1 49 30 is_stmt 0
 236 0194 97070000 		la	a5,_ZN3CCB7runningE
 236      83B70700 
 237 019c 83B70700 		ld	a5,0(a5)
 238              	.LVL31:
 239              	.LBB6:
 240              	.LBB7:
 241              		.file 2 "src/../h/ccb.hpp"
   1:src/../h/ccb.hpp **** //
   2:src/../h/ccb.hpp **** // Created by marko on 20.4.22..
   3:src/../h/ccb.hpp **** //
   4:src/../h/ccb.hpp **** 
   5:src/../h/ccb.hpp **** #ifndef OS1_VEZBE07_RISCV_CONTEXT_SWITCH_1_SYNCHRONOUS_CCB_HPP
   6:src/../h/ccb.hpp **** #define OS1_VEZBE07_RISCV_CONTEXT_SWITCH_1_SYNCHRONOUS_CCB_HPP
   7:src/../h/ccb.hpp **** 
   8:src/../h/ccb.hpp **** #include "../lib/hw.h"
   9:src/../h/ccb.hpp **** #include "scheduler.hpp"
  10:src/../h/ccb.hpp **** 
GAS LISTING /tmp/cc3dlTt3.s 			page 7


  11:src/../h/ccb.hpp **** // Coroutine Control Block
  12:src/../h/ccb.hpp **** class CCB
  13:src/../h/ccb.hpp **** {
  14:src/../h/ccb.hpp **** public:
  15:src/../h/ccb.hpp ****     ~CCB() { delete[] stack; }
  16:src/../h/ccb.hpp **** 
  17:src/../h/ccb.hpp ****     bool isFinished() const { return finished; }
  18:src/../h/ccb.hpp **** 
  19:src/../h/ccb.hpp ****     void setFinished(bool value) { finished = value; }
 242              		.loc 2 19 36 is_stmt 1
 243              		.loc 2 19 45 is_stmt 0
 244 01a0 13071000 		li	a4,1
 245 01a4 2380E702 		sb	a4,32(a5)
 246              	.LVL32:
 247              	.LBE7:
 248              	.LBE6:
  50:src/workers.cpp ****     CCB::yield();
 249              		.loc 1 50 5 is_stmt 1
 250              		.loc 1 50 15 is_stmt 0
 251 01a8 97000000 		call	_ZN3CCB5yieldEv@plt
 251      E7800000 
 252              	.LVL33:
  51:src/workers.cpp **** }
 253              		.loc 1 51 1
 254 01b0 83308101 		ld	ra,24(sp)
 255              		.cfi_restore 1
 256 01b4 03340101 		ld	s0,16(sp)
 257              		.cfi_restore 8
 258              		.cfi_def_cfa 2, 32
 259 01b8 83348100 		ld	s1,8(sp)
 260              		.cfi_restore 9
 261              	.LVL34:
 262 01bc 03390100 		ld	s2,0(sp)
 263              		.cfi_restore 18
 264              	.LVL35:
 265 01c0 13010102 		addi	sp,sp,32
 266              		.cfi_def_cfa_offset 0
 267 01c4 67800000 		jr	ra
 268              		.cfi_endproc
 269              	.LFE17:
 271              		.section	.rodata.str1.8
 272 0035 000000   		.align	3
 273              	.LC5:
 274 0038 423A2069 		.string	"B: i="
 274      3D00
 275 003e 0000     		.align	3
 276              	.LC6:
 277 0040 423A2079 		.string	"B: yield\n"
 277      69656C64 
 277      0A00
 278              		.text
 279              		.align	2
 280              		.globl	_Z11workerBodyBv
 282              	_Z11workerBodyBv:
 283              	.LFB18:
  52:src/workers.cpp **** 
  53:src/workers.cpp **** void workerBodyB()
GAS LISTING /tmp/cc3dlTt3.s 			page 8


  54:src/workers.cpp **** {
 284              		.loc 1 54 1 is_stmt 1
 285              		.cfi_startproc
 286 01c8 130101FE 		addi	sp,sp,-32
 287              		.cfi_def_cfa_offset 32
 288 01cc 233C1100 		sd	ra,24(sp)
 289 01d0 23388100 		sd	s0,16(sp)
 290 01d4 23349100 		sd	s1,8(sp)
 291 01d8 23302101 		sd	s2,0(sp)
 292              		.cfi_offset 1, -8
 293              		.cfi_offset 8, -16
 294              		.cfi_offset 9, -24
 295              		.cfi_offset 18, -32
 296 01dc 13040102 		addi	s0,sp,32
 297              		.cfi_def_cfa 8, 0
  55:src/workers.cpp ****     uint8 i = 10;
 298              		.loc 1 55 5
 299              	.LVL36:
 300              		.loc 1 55 11 is_stmt 0
 301 01e0 9304A000 		li	s1,10
 302 01e4 6F008003 		j	.L17
 303              	.LVL37:
 304              	.L21:
  56:src/workers.cpp ****     for (; i < 13; i++)
  57:src/workers.cpp ****     {
  58:src/workers.cpp ****         printString("B: i=");
 305              		.loc 1 58 9 is_stmt 1 discriminator 1
 306              		.loc 1 58 20 is_stmt 0 discriminator 1
 307 01e8 17050000 		lla	a0,.LC5
 307      13050500 
 308 01f0 97000000 		call	_Z11printStringPKc@plt
 308      E7800000 
 309              	.LVL38:
  59:src/workers.cpp ****         printInteger(i);
 310              		.loc 1 59 9 is_stmt 1 discriminator 1
 311              		.loc 1 59 21 is_stmt 0 discriminator 1
 312 01f8 13850400 		mv	a0,s1
 313 01fc 97000000 		call	_Z12printIntegerm@plt
 313      E7800000 
 314              	.LVL39:
  60:src/workers.cpp ****         printString("\n");
 315              		.loc 1 60 9 is_stmt 1 discriminator 1
 316              		.loc 1 60 20 is_stmt 0 discriminator 1
 317 0204 17050000 		lla	a0,.LC1
 317      13050500 
 318 020c 97000000 		call	_Z11printStringPKc@plt
 318      E7800000 
 319              	.LVL40:
  56:src/workers.cpp ****     for (; i < 13; i++)
 320              		.loc 1 56 5 is_stmt 1 discriminator 1
 321 0214 9B841400 		addiw	s1,s1,1
 322              	.LVL41:
 323 0218 93F4F40F 		andi	s1,s1,0xff
 324              	.LVL42:
 325              	.L17:
  56:src/workers.cpp ****     for (; i < 13; i++)
 326              		.loc 1 56 5 discriminator 2
GAS LISTING /tmp/cc3dlTt3.s 			page 9


  56:src/workers.cpp ****     for (; i < 13; i++)
 327              		.loc 1 56 14 discriminator 2
 328 021c 9307C000 		li	a5,12
 329 0220 E3F497FC 		bleu	s1,a5,.L21
  61:src/workers.cpp ****     }
  62:src/workers.cpp **** 
  63:src/workers.cpp ****     printString("B: yield\n");
 330              		.loc 1 63 5
 331              		.loc 1 63 16 is_stmt 0
 332 0224 17050000 		lla	a0,.LC6
 332      13050500 
 333 022c 97000000 		call	_Z11printStringPKc@plt
 333      E7800000 
 334              	.LVL43:
  64:src/workers.cpp ****     __asm__ ("li t1, 5");
 335              		.loc 1 64 5 is_stmt 1
 336              		.loc 1 64 25 is_stmt 0
 337              	#APP
 338              	# 64 "src/workers.cpp" 1
  65              	    CCB::yield();
 339              		li t1, 5
 340              	# 0 "" 2
 341              		.loc 1 65 5 is_stmt 1
 342              		.loc 1 65 15 is_stmt 0
 343              	#NO_APP
 344 0238 97000000 		call	_ZN3CCB5yieldEv@plt
 344      E7800000 
 345              	.LVL44:
  66:src/workers.cpp **** 
  67:src/workers.cpp ****     uint64 result = fibonacci(23);
 346              		.loc 1 67 5 is_stmt 1
 347              		.loc 1 67 30 is_stmt 0
 348 0240 13057001 		li	a0,23
 349 0244 97000000 		call	_ZL9fibonaccim
 349      E7800000 
 350              	.LVL45:
 351 024c 13090500 		mv	s2,a0
 352              	.LVL46:
  68:src/workers.cpp ****     printString("A: fibonaci=");
 353              		.loc 1 68 5 is_stmt 1
 354              		.loc 1 68 16 is_stmt 0
 355 0250 17050000 		lla	a0,.LC4
 355      13050500 
 356              	.LVL47:
 357 0258 97000000 		call	_Z11printStringPKc@plt
 357      E7800000 
 358              	.LVL48:
  69:src/workers.cpp ****     printInteger(result);
 359              		.loc 1 69 5 is_stmt 1
 360              		.loc 1 69 17 is_stmt 0
 361 0260 13050900 		mv	a0,s2
 362 0264 97000000 		call	_Z12printIntegerm@plt
 362      E7800000 
 363              	.LVL49:
  70:src/workers.cpp ****     printString("\n");
 364              		.loc 1 70 5 is_stmt 1
 365              		.loc 1 70 16 is_stmt 0
GAS LISTING /tmp/cc3dlTt3.s 			page 10


 366 026c 17050000 		lla	a0,.LC1
 366      13050500 
 367 0274 97000000 		call	_Z11printStringPKc@plt
 367      E7800000 
 368              	.LVL50:
 369 027c 6F008003 		j	.L19
 370              	.L22:
  71:src/workers.cpp **** 
  72:src/workers.cpp ****     for (; i < 16; i++)
  73:src/workers.cpp ****     {
  74:src/workers.cpp ****         printString("B: i=");
 371              		.loc 1 74 9 is_stmt 1 discriminator 1
 372              		.loc 1 74 20 is_stmt 0 discriminator 1
 373 0280 17050000 		lla	a0,.LC5
 373      13050500 
 374 0288 97000000 		call	_Z11printStringPKc@plt
 374      E7800000 
 375              	.LVL51:
  75:src/workers.cpp ****         printInteger(i);
 376              		.loc 1 75 9 is_stmt 1 discriminator 1
 377              		.loc 1 75 21 is_stmt 0 discriminator 1
 378 0290 13850400 		mv	a0,s1
 379 0294 97000000 		call	_Z12printIntegerm@plt
 379      E7800000 
 380              	.LVL52:
  76:src/workers.cpp ****         printString("\n");
 381              		.loc 1 76 9 is_stmt 1 discriminator 1
 382              		.loc 1 76 20 is_stmt 0 discriminator 1
 383 029c 17050000 		lla	a0,.LC1
 383      13050500 
 384 02a4 97000000 		call	_Z11printStringPKc@plt
 384      E7800000 
 385              	.LVL53:
  72:src/workers.cpp ****     {
 386              		.loc 1 72 5 is_stmt 1 discriminator 1
 387 02ac 9B841400 		addiw	s1,s1,1
 388              	.LVL54:
 389 02b0 93F4F40F 		andi	s1,s1,0xff
 390              	.LVL55:
 391              	.L19:
  72:src/workers.cpp ****     {
 392              		.loc 1 72 5 discriminator 2
  72:src/workers.cpp ****     {
 393              		.loc 1 72 14 discriminator 2
 394 02b4 9307F000 		li	a5,15
 395 02b8 E3F497FC 		bleu	s1,a5,.L22
  77:src/workers.cpp ****     }
  78:src/workers.cpp **** 
  79:src/workers.cpp ****     CCB::running->setFinished(true);
 396              		.loc 1 79 5
 397              		.loc 1 79 30 is_stmt 0
 398 02bc 97070000 		la	a5,_ZN3CCB7runningE
 398      83B70700 
 399 02c4 83B70700 		ld	a5,0(a5)
 400              	.LVL56:
 401              	.LBB8:
 402              	.LBB9:
GAS LISTING /tmp/cc3dlTt3.s 			page 11


 403              		.loc 2 19 36 is_stmt 1
 404              		.loc 2 19 45 is_stmt 0
 405 02c8 13071000 		li	a4,1
 406 02cc 2380E702 		sb	a4,32(a5)
 407              	.LVL57:
 408              	.LBE9:
 409              	.LBE8:
  80:src/workers.cpp ****     CCB::yield();
 410              		.loc 1 80 5 is_stmt 1
 411              		.loc 1 80 15 is_stmt 0
 412 02d0 97000000 		call	_ZN3CCB5yieldEv@plt
 412      E7800000 
 413              	.LVL58:
  81:src/workers.cpp **** }...
 414              		.loc 1 81 1
 415 02d8 83308101 		ld	ra,24(sp)
 416              		.cfi_restore 1
 417 02dc 03340101 		ld	s0,16(sp)
 418              		.cfi_restore 8
 419              		.cfi_def_cfa 2, 32
 420 02e0 83348100 		ld	s1,8(sp)
 421              		.cfi_restore 9
 422              	.LVL59:
 423 02e4 03390100 		ld	s2,0(sp)
 424              		.cfi_restore 18
 425              	.LVL60:
 426 02e8 13010102 		addi	sp,sp,32
 427              		.cfi_def_cfa_offset 0
 428 02ec 67800000 		jr	ra
 429              		.cfi_endproc
 430              	.LFE18:
 432              	.Letext0:
 433              		.file 3 "src/../lib/hw.h"
 434              		.file 4 "src/../h/print.hpp"
GAS LISTING /tmp/cc3dlTt3.s 			page 12


DEFINED SYMBOLS
                            *ABS*:0000000000000000 workers.cpp
     /tmp/cc3dlTt3.s:8      .text:0000000000000000 _ZL9fibonaccim
     /tmp/cc3dlTt3.s:12     .text:0000000000000000 .L0 
     /tmp/cc3dlTt3.s:14     .text:0000000000000000 .L0 
     /tmp/cc3dlTt3.s:15     .text:0000000000000004 .L0 
     /tmp/cc3dlTt3.s:20     .text:0000000000000014 .L0 
     /tmp/cc3dlTt3.s:21     .text:0000000000000014 .L0 
     /tmp/cc3dlTt3.s:22     .text:0000000000000014 .L0 
     /tmp/cc3dlTt3.s:23     .text:0000000000000014 .L0 
     /tmp/cc3dlTt3.s:25     .text:0000000000000018 .L0 
     /tmp/cc3dlTt3.s:28     .text:000000000000001c .L0 
     /tmp/cc3dlTt3.s:31     .text:0000000000000024 .L0 
     /tmp/cc3dlTt3.s:32     .text:0000000000000024 .L0 
     /tmp/cc3dlTt3.s:34     .text:0000000000000028 .L0 
     /tmp/cc3dlTt3.s:38     .text:000000000000002c .L0 
     /tmp/cc3dlTt3.s:39     .text:000000000000002c .L0 
     /tmp/cc3dlTt3.s:44     .text:000000000000003c .L0 
     /tmp/cc3dlTt3.s:48     .text:0000000000000048 .L0 
     /tmp/cc3dlTt3.s:51     .text:000000000000004c .L0 
     /tmp/cc3dlTt3.s:52     .text:0000000000000050 .L0 
     /tmp/cc3dlTt3.s:53     .text:0000000000000050 .L0 
     /tmp/cc3dlTt3.s:55     .text:0000000000000054 .L0 
     /tmp/cc3dlTt3.s:56     .text:0000000000000054 .L0 
     /tmp/cc3dlTt3.s:58     .text:0000000000000058 .L0 
     /tmp/cc3dlTt3.s:61     .text:000000000000005c .L0 
     /tmp/cc3dlTt3.s:63     .text:0000000000000060 .L0 
     /tmp/cc3dlTt3.s:67     .text:0000000000000064 .L0 
     /tmp/cc3dlTt3.s:69     .text:0000000000000064 .L0 
     /tmp/cc3dlTt3.s:70     .text:0000000000000064 .L0 
     /tmp/cc3dlTt3.s:73     .text:0000000000000070 .L0 
     /tmp/cc3dlTt3.s:96     .text:0000000000000070 _Z11workerBodyAv
     /tmp/cc3dlTt3.s:99     .text:0000000000000070 .L0 
     /tmp/cc3dlTt3.s:100    .text:0000000000000070 .L0 
     /tmp/cc3dlTt3.s:101    .text:0000000000000074 .L0 
     /tmp/cc3dlTt3.s:106    .text:0000000000000084 .L0 
     /tmp/cc3dlTt3.s:107    .text:0000000000000084 .L0 
     /tmp/cc3dlTt3.s:108    .text:0000000000000084 .L0 
     /tmp/cc3dlTt3.s:109    .text:0000000000000084 .L0 
     /tmp/cc3dlTt3.s:111    .text:0000000000000088 .L0 
     /tmp/cc3dlTt3.s:114    .text:0000000000000088 .L0 
     /tmp/cc3dlTt3.s:115    .text:0000000000000088 .L0 
     /tmp/cc3dlTt3.s:120    .text:0000000000000090 .L0 
     /tmp/cc3dlTt3.s:121    .text:0000000000000090 .L0 
     /tmp/cc3dlTt3.s:125    .text:00000000000000a0 .L0 
     /tmp/cc3dlTt3.s:126    .text:00000000000000a0 .L0 
     /tmp/cc3dlTt3.s:130    .text:00000000000000ac .L0 
     /tmp/cc3dlTt3.s:131    .text:00000000000000ac .L0 
     /tmp/cc3dlTt3.s:135    .text:00000000000000bc .L0 
     /tmp/cc3dlTt3.s:141    .text:00000000000000c4 .L0 
     /tmp/cc3dlTt3.s:142    .text:00000000000000c4 .L0 
     /tmp/cc3dlTt3.s:145    .text:00000000000000cc .L0 
     /tmp/cc3dlTt3.s:146    .text:00000000000000cc .L0 
     /tmp/cc3dlTt3.s:150    .text:00000000000000dc .L0 
     src/workers.cpp:27     .text:00000000000000dc .L0 
     /tmp/cc3dlTt3.s:156    .text:00000000000000e0 .L0 
     /tmp/cc3dlTt3.s:158    .text:00000000000000e0 .L0 
GAS LISTING /tmp/cc3dlTt3.s 			page 13


     /tmp/cc3dlTt3.s:161    .text:00000000000000e8 .L0 
     /tmp/cc3dlTt3.s:162    .text:00000000000000e8 .L0 
     src/workers.cpp:31     .text:00000000000000e8 .L0 
     /tmp/cc3dlTt3.s:169    .text:00000000000000ec .L0 
     /tmp/cc3dlTt3.s:171    .text:00000000000000ec .L0 
     /tmp/cc3dlTt3.s:175    .text:00000000000000fc .L0 
     /tmp/cc3dlTt3.s:176    .text:00000000000000fc .L0 
     /tmp/cc3dlTt3.s:180    .text:0000000000000108 .L0 
     /tmp/cc3dlTt3.s:181    .text:0000000000000108 .L0 
     /tmp/cc3dlTt3.s:185    .text:0000000000000118 .L0 
     /tmp/cc3dlTt3.s:186    .text:0000000000000118 .L0 
     /tmp/cc3dlTt3.s:192    .text:0000000000000128 .L0 
     /tmp/cc3dlTt3.s:193    .text:0000000000000128 .L0 
     /tmp/cc3dlTt3.s:198    .text:0000000000000138 .L0 
     /tmp/cc3dlTt3.s:199    .text:0000000000000138 .L0 
     /tmp/cc3dlTt3.s:203    .text:0000000000000144 .L0 
     /tmp/cc3dlTt3.s:204    .text:0000000000000144 .L0 
     /tmp/cc3dlTt3.s:210    .text:0000000000000158 .L0 
     /tmp/cc3dlTt3.s:211    .text:0000000000000158 .L0 
     /tmp/cc3dlTt3.s:215    .text:0000000000000168 .L0 
     /tmp/cc3dlTt3.s:216    .text:0000000000000168 .L0 
     /tmp/cc3dlTt3.s:220    .text:0000000000000174 .L0 
     /tmp/cc3dlTt3.s:221    .text:0000000000000174 .L0 
     /tmp/cc3dlTt3.s:225    .text:0000000000000184 .L0 
     /tmp/cc3dlTt3.s:231    .text:000000000000018c .L0 
     /tmp/cc3dlTt3.s:232    .text:000000000000018c .L0 
     /tmp/cc3dlTt3.s:235    .text:0000000000000194 .L0 
     /tmp/cc3dlTt3.s:236    .text:0000000000000194 .L0 
     /tmp/cc3dlTt3.s:243    .text:00000000000001a0 .L0 
     /tmp/cc3dlTt3.s:244    .text:00000000000001a0 .L0 
     /tmp/cc3dlTt3.s:250    .text:00000000000001a8 .L0 
     /tmp/cc3dlTt3.s:251    .text:00000000000001a8 .L0 
     /tmp/cc3dlTt3.s:254    .text:00000000000001b0 .L0 
     /tmp/cc3dlTt3.s:255    .text:00000000000001b4 .L0 
     /tmp/cc3dlTt3.s:257    .text:00000000000001b8 .L0 
     /tmp/cc3dlTt3.s:258    .text:00000000000001b8 .L0 
     /tmp/cc3dlTt3.s:260    .text:00000000000001bc .L0 
     /tmp/cc3dlTt3.s:263    .text:00000000000001c0 .L0 
     /tmp/cc3dlTt3.s:266    .text:00000000000001c4 .L0 
     /tmp/cc3dlTt3.s:268    .text:00000000000001c8 .L0 
     /tmp/cc3dlTt3.s:282    .text:00000000000001c8 _Z11workerBodyBv
     /tmp/cc3dlTt3.s:285    .text:00000000000001c8 .L0 
     /tmp/cc3dlTt3.s:286    .text:00000000000001c8 .L0 
     /tmp/cc3dlTt3.s:287    .text:00000000000001cc .L0 
     /tmp/cc3dlTt3.s:292    .text:00000000000001dc .L0 
     /tmp/cc3dlTt3.s:293    .text:00000000000001dc .L0 
     /tmp/cc3dlTt3.s:294    .text:00000000000001dc .L0 
     /tmp/cc3dlTt3.s:295    .text:00000000000001dc .L0 
     /tmp/cc3dlTt3.s:297    .text:00000000000001e0 .L0 
     /tmp/cc3dlTt3.s:300    .text:00000000000001e0 .L0 
     /tmp/cc3dlTt3.s:301    .text:00000000000001e0 .L0 
     /tmp/cc3dlTt3.s:306    .text:00000000000001e8 .L0 
     /tmp/cc3dlTt3.s:307    .text:00000000000001e8 .L0 
     /tmp/cc3dlTt3.s:311    .text:00000000000001f8 .L0 
     /tmp/cc3dlTt3.s:312    .text:00000000000001f8 .L0 
     /tmp/cc3dlTt3.s:316    .text:0000000000000204 .L0 
     /tmp/cc3dlTt3.s:317    .text:0000000000000204 .L0 
GAS LISTING /tmp/cc3dlTt3.s 			page 14


     /tmp/cc3dlTt3.s:321    .text:0000000000000214 .L0 
     /tmp/cc3dlTt3.s:327    .text:000000000000021c .L0 
     /tmp/cc3dlTt3.s:328    .text:000000000000021c .L0 
     /tmp/cc3dlTt3.s:331    .text:0000000000000224 .L0 
     /tmp/cc3dlTt3.s:332    .text:0000000000000224 .L0 
     /tmp/cc3dlTt3.s:336    .text:0000000000000234 .L0 
     src/workers.cpp:64     .text:0000000000000234 .L0 
     /tmp/cc3dlTt3.s:342    .text:0000000000000238 .L0 
     /tmp/cc3dlTt3.s:344    .text:0000000000000238 .L0 
     /tmp/cc3dlTt3.s:347    .text:0000000000000240 .L0 
     /tmp/cc3dlTt3.s:348    .text:0000000000000240 .L0 
     /tmp/cc3dlTt3.s:354    .text:0000000000000250 .L0 
     /tmp/cc3dlTt3.s:355    .text:0000000000000250 .L0 
     /tmp/cc3dlTt3.s:360    .text:0000000000000260 .L0 
     /tmp/cc3dlTt3.s:361    .text:0000000000000260 .L0 
     /tmp/cc3dlTt3.s:365    .text:000000000000026c .L0 
     /tmp/cc3dlTt3.s:366    .text:000000000000026c .L0 
     /tmp/cc3dlTt3.s:372    .text:0000000000000280 .L0 
     /tmp/cc3dlTt3.s:373    .text:0000000000000280 .L0 
     /tmp/cc3dlTt3.s:377    .text:0000000000000290 .L0 
     /tmp/cc3dlTt3.s:378    .text:0000000000000290 .L0 
     /tmp/cc3dlTt3.s:382    .text:000000000000029c .L0 
     /tmp/cc3dlTt3.s:383    .text:000000000000029c .L0 
     /tmp/cc3dlTt3.s:387    .text:00000000000002ac .L0 
     /tmp/cc3dlTt3.s:393    .text:00000000000002b4 .L0 
     /tmp/cc3dlTt3.s:394    .text:00000000000002b4 .L0 
     /tmp/cc3dlTt3.s:397    .text:00000000000002bc .L0 
     /tmp/cc3dlTt3.s:398    .text:00000000000002bc .L0 
     /tmp/cc3dlTt3.s:404    .text:00000000000002c8 .L0 
     /tmp/cc3dlTt3.s:405    .text:00000000000002c8 .L0 
     /tmp/cc3dlTt3.s:411    .text:00000000000002d0 .L0 
     /tmp/cc3dlTt3.s:412    .text:00000000000002d0 .L0 
     /tmp/cc3dlTt3.s:415    .text:00000000000002d8 .L0 
     /tmp/cc3dlTt3.s:416    .text:00000000000002dc .L0 
     /tmp/cc3dlTt3.s:418    .text:00000000000002e0 .L0 
     /tmp/cc3dlTt3.s:419    .text:00000000000002e0 .L0 
     /tmp/cc3dlTt3.s:421    .text:00000000000002e4 .L0 
     /tmp/cc3dlTt3.s:424    .text:00000000000002e8 .L0 
     /tmp/cc3dlTt3.s:427    .text:00000000000002ec .L0 
     /tmp/cc3dlTt3.s:429    .text:00000000000002f0 .L0 
     /tmp/cc3dlTt3.s:435    .text:00000000000002f0 .L0 
     /tmp/cc3dlTt3.s:78     .rodata.str1.8:0000000000000000 .LC0
     /tmp/cc3dlTt3.s:121    .text:0000000000000090 .L0 
     /tmp/cc3dlTt3.s:81     .rodata.str1.8:0000000000000008 .LC1
     /tmp/cc3dlTt3.s:131    .text:00000000000000ac .L0 
     /tmp/cc3dlTt3.s:84     .rodata.str1.8:0000000000000010 .LC2
     /tmp/cc3dlTt3.s:146    .text:00000000000000cc .L0 
     /tmp/cc3dlTt3.s:87     .rodata.str1.8:0000000000000020 .LC3
     /tmp/cc3dlTt3.s:171    .text:00000000000000ec .L0 
     /tmp/cc3dlTt3.s:181    .text:0000000000000108 .L0 
     /tmp/cc3dlTt3.s:90     .rodata.str1.8:0000000000000028 .LC4
     /tmp/cc3dlTt3.s:193    .text:0000000000000128 .L0 
     /tmp/cc3dlTt3.s:204    .text:0000000000000144 .L0 
     /tmp/cc3dlTt3.s:211    .text:0000000000000158 .L0 
     /tmp/cc3dlTt3.s:221    .text:0000000000000174 .L0 
     /tmp/cc3dlTt3.s:236    .text:0000000000000194 .L0 
     /tmp/cc3dlTt3.s:273    .rodata.str1.8:0000000000000038 .LC5
GAS LISTING /tmp/cc3dlTt3.s 			page 15


     /tmp/cc3dlTt3.s:307    .text:00000000000001e8 .L0 
     /tmp/cc3dlTt3.s:317    .text:0000000000000204 .L0 
     /tmp/cc3dlTt3.s:276    .rodata.str1.8:0000000000000040 .LC6
     /tmp/cc3dlTt3.s:332    .text:0000000000000224 .L0 
     /tmp/cc3dlTt3.s:355    .text:0000000000000250 .L0 
     /tmp/cc3dlTt3.s:366    .text:000000000000026c .L0 
     /tmp/cc3dlTt3.s:373    .text:0000000000000280 .L0 
     /tmp/cc3dlTt3.s:383    .text:000000000000029c .L0 
     /tmp/cc3dlTt3.s:398    .text:00000000000002bc .L0 
     /tmp/cc3dlTt3.s:49     .text:000000000000004c .L1
     /tmp/cc3dlTt3.s:66     .text:0000000000000064 .L6
     /tmp/cc3dlTt3.s:36     .text:000000000000002c .L3
     /tmp/cc3dlTt3.s:139    .text:00000000000000c4 .L9
     /tmp/cc3dlTt3.s:118    .text:0000000000000090 .L13
     /tmp/cc3dlTt3.s:229    .text:000000000000018c .L11
     /tmp/cc3dlTt3.s:208    .text:0000000000000158 .L14
     /tmp/cc3dlTt3.s:325    .text:000000000000021c .L17
     /tmp/cc3dlTt3.s:304    .text:00000000000001e8 .L21
     /tmp/cc3dlTt3.s:391    .text:00000000000002b4 .L19
     /tmp/cc3dlTt3.s:370    .text:0000000000000280 .L22
     /tmp/cc3dlTt3.s:1208   .debug_abbrev:0000000000000000 .Ldebug_abbrev0
     /tmp/cc3dlTt3.s:2068   .debug_str:0000000000000187 .LASF40
     /tmp/cc3dlTt3.s:2010   .debug_str:0000000000000000 .LASF41
     /tmp/cc3dlTt3.s:2070   .debug_str:000000000000024b .LASF42
     /tmp/cc3dlTt3.s:5      .text:0000000000000000 .Ltext0
     /tmp/cc3dlTt3.s:432    .text:00000000000002f0 .Letext0
     /tmp/cc3dlTt3.s:2008   .debug_line:0000000000000000 .Ldebug_line0
     /tmp/cc3dlTt3.s:2078   .debug_str:000000000000028c .LASF0
     /tmp/cc3dlTt3.s:2058   .debug_str:000000000000013a .LASF1
     /tmp/cc3dlTt3.s:2052   .debug_str:0000000000000115 .LASF2
     /tmp/cc3dlTt3.s:2104   .debug_str:0000000000000338 .LASF3
     /tmp/cc3dlTt3.s:2026   .debug_str:0000000000000069 .LASF4
     /tmp/cc3dlTt3.s:2056   .debug_str:0000000000000128 .LASF5
     /tmp/cc3dlTt3.s:2018   .debug_str:000000000000003d .LASF6
     /tmp/cc3dlTt3.s:2014   .debug_str:0000000000000019 .LASF7
     /tmp/cc3dlTt3.s:2042   .debug_str:00000000000000c5 .LASF8
     /tmp/cc3dlTt3.s:2090   .debug_str:00000000000002dc .LASF9
     /tmp/cc3dlTt3.s:2024   .debug_str:000000000000005b .LASF10
     /tmp/cc3dlTt3.s:2122   .debug_str:00000000000003ca .LASF11
     /tmp/cc3dlTt3.s:2048   .debug_str:00000000000000f3 .LASF12
     /tmp/cc3dlTt3.s:2110   .debug_str:000000000000036b .LASF13
     /tmp/cc3dlTt3.s:2096   .debug_str:000000000000030a .LASF14
     /tmp/cc3dlTt3.s:2062   .debug_str:0000000000000156 .LASF15
     /tmp/cc3dlTt3.s:2040   .debug_str:00000000000000af .LASF16
     /tmp/cc3dlTt3.s:2092   .debug_str:00000000000002ec .LASF17
     /tmp/cc3dlTt3.s:2114   .debug_str:000000000000039a .LASF43
     /tmp/cc3dlTt3.s:2038   .debug_str:00000000000000aa .LASF18
     /tmp/cc3dlTt3.s:2032   .debug_str:000000000000007b .LASF20
     /tmp/cc3dlTt3.s:2046   .debug_str:00000000000000e8 .LASF29
     /tmp/cc3dlTt3.s:2082   .debug_str:00000000000002a1 .LASF31
     /tmp/cc3dlTt3.s:2022   .debug_str:000000000000004f .LASF19
     /tmp/cc3dlTt3.s:2066   .debug_str:0000000000000170 .LASF21
     /tmp/cc3dlTt3.s:2044   .debug_str:00000000000000d8 .LASF22
     /tmp/cc3dlTt3.s:2112   .debug_str:000000000000037b .LASF23
     /tmp/cc3dlTt3.s:2028   .debug_str:0000000000000070 .LASF44
     /tmp/cc3dlTt3.s:2076   .debug_str:0000000000000286 .LASF45
     /tmp/cc3dlTt3.s:2084   .debug_str:00000000000002b8 .LASF46
GAS LISTING /tmp/cc3dlTt3.s 			page 16


     /tmp/cc3dlTt3.s:2080   .debug_str:0000000000000299 .LASF47
     /tmp/cc3dlTt3.s:2034   .debug_str:0000000000000087 .LASF48
     /tmp/cc3dlTt3.s:2074   .debug_str:0000000000000281 .LASF24
     /tmp/cc3dlTt3.s:2030   .debug_str:0000000000000075 .LASF25
     /tmp/cc3dlTt3.s:2094   .debug_str:0000000000000302 .LASF26
     /tmp/cc3dlTt3.s:2060   .debug_str:000000000000014d .LASF27
     /tmp/cc3dlTt3.s:2064   .debug_str:0000000000000162 .LASF49
     /tmp/cc3dlTt3.s:2106   .debug_str:000000000000033e .LASF50
     /tmp/cc3dlTt3.s:2012   .debug_str:0000000000000010 .LASF51
     /tmp/cc3dlTt3.s:2036   .debug_str:0000000000000097 .LASF52
     /tmp/cc3dlTt3.s:2020   .debug_str:0000000000000044 .LASF53
     /tmp/cc3dlTt3.s:2108   .debug_str:0000000000000366 .LASF28
     /tmp/cc3dlTt3.s:2102   .debug_str:000000000000032c .LASF30
     /tmp/cc3dlTt3.s:2016   .debug_str:000000000000002c .LASF32
     /tmp/cc3dlTt3.s:283    .text:00000000000001c8 .LFB18
     /tmp/cc3dlTt3.s:430    .text:00000000000002f0 .LFE18
     /tmp/cc3dlTt3.s:1873   .debug_loc:0000000000000000 .LLST6
     /tmp/cc3dlTt3.s:2086   .debug_str:00000000000002c8 .LASF33
     /tmp/cc3dlTt3.s:1893   .debug_loc:000000000000005d .LLST7
     /tmp/cc3dlTt3.s:401    .text:00000000000002c8 .LBB8
     /tmp/cc3dlTt3.s:409    .text:00000000000002d0 .LBE8
     /tmp/cc3dlTt3.s:1904   .debug_loc:0000000000000093 .LLST8
     /tmp/cc3dlTt3.s:1912   .debug_loc:00000000000000b7 .LLST9
     /tmp/cc3dlTt3.s:309    .text:00000000000001f8 .LVL38
     /tmp/cc3dlTt3.s:314    .text:0000000000000204 .LVL39
     /tmp/cc3dlTt3.s:319    .text:0000000000000214 .LVL40
     /tmp/cc3dlTt3.s:334    .text:0000000000000234 .LVL43
     /tmp/cc3dlTt3.s:345    .text:0000000000000240 .LVL44
     /tmp/cc3dlTt3.s:350    .text:000000000000024c .LVL45
     /tmp/cc3dlTt3.s:358    .text:0000000000000260 .LVL48
     /tmp/cc3dlTt3.s:363    .text:000000000000026c .LVL49
     /tmp/cc3dlTt3.s:368    .text:000000000000027c .LVL50
     /tmp/cc3dlTt3.s:375    .text:0000000000000290 .LVL51
     /tmp/cc3dlTt3.s:380    .text:000000000000029c .LVL52
     /tmp/cc3dlTt3.s:385    .text:00000000000002ac .LVL53
     /tmp/cc3dlTt3.s:413    .text:00000000000002d8 .LVL58
     /tmp/cc3dlTt3.s:2100   .debug_str:0000000000000320 .LASF34
     /tmp/cc3dlTt3.s:2072   .debug_str:0000000000000270 .LASF35
     /tmp/cc3dlTt3.s:97     .text:0000000000000070 .LFB17
     /tmp/cc3dlTt3.s:269    .text:00000000000001c8 .LFE17
     /tmp/cc3dlTt3.s:1919   .debug_loc:00000000000000da .LLST1
     /tmp/cc3dlTt3.s:1939   .debug_loc:0000000000000137 .LLST2
     /tmp/cc3dlTt3.s:1947   .debug_loc:000000000000015b .LLST3
     /tmp/cc3dlTt3.s:239    .text:00000000000001a0 .LBB6
     /tmp/cc3dlTt3.s:248    .text:00000000000001a8 .LBE6
     /tmp/cc3dlTt3.s:1958   .debug_loc:0000000000000191 .LLST4
     /tmp/cc3dlTt3.s:1966   .debug_loc:00000000000001b5 .LLST5
     /tmp/cc3dlTt3.s:123    .text:00000000000000a0 .LVL9
     /tmp/cc3dlTt3.s:128    .text:00000000000000ac .LVL10
     /tmp/cc3dlTt3.s:133    .text:00000000000000bc .LVL11
     /tmp/cc3dlTt3.s:148    .text:00000000000000dc .LVL14
     /tmp/cc3dlTt3.s:159    .text:00000000000000e8 .LVL15
     /tmp/cc3dlTt3.s:173    .text:00000000000000fc .LVL17
     /tmp/cc3dlTt3.s:178    .text:0000000000000108 .LVL18
     /tmp/cc3dlTt3.s:183    .text:0000000000000118 .LVL19
     /tmp/cc3dlTt3.s:188    .text:0000000000000124 .LVL20
     /tmp/cc3dlTt3.s:196    .text:0000000000000138 .LVL23
GAS LISTING /tmp/cc3dlTt3.s 			page 17


     /tmp/cc3dlTt3.s:201    .text:0000000000000144 .LVL24
     /tmp/cc3dlTt3.s:206    .text:0000000000000154 .LVL25
     /tmp/cc3dlTt3.s:213    .text:0000000000000168 .LVL26
     /tmp/cc3dlTt3.s:218    .text:0000000000000174 .LVL27
     /tmp/cc3dlTt3.s:223    .text:0000000000000184 .LVL28
     /tmp/cc3dlTt3.s:252    .text:00000000000001b0 .LVL33
     /tmp/cc3dlTt3.s:2118   .debug_str:00000000000003b4 .LASF54
     /tmp/cc3dlTt3.s:9      .text:0000000000000000 .LFB16
     /tmp/cc3dlTt3.s:74     .text:0000000000000070 .LFE16
     /tmp/cc3dlTt3.s:1973   .debug_loc:00000000000001d8 .LLST0
     /tmp/cc3dlTt3.s:41     .text:0000000000000038 .LVL2
     /tmp/cc3dlTt3.s:46     .text:0000000000000048 .LVL3
     /tmp/cc3dlTt3.s:71     .text:000000000000006c .LVL6
     /tmp/cc3dlTt3.s:2054   .debug_str:0000000000000123 .LASF55
     /tmp/cc3dlTt3.s:2098   .debug_str:000000000000031a .LASF56
     /tmp/cc3dlTt3.s:2050   .debug_str:0000000000000102 .LASF36
     /tmp/cc3dlTt3.s:2120   .debug_str:00000000000003be .LASF38
     /tmp/cc3dlTt3.s:2116   .debug_str:00000000000003a2 .LASF37
     /tmp/cc3dlTt3.s:2088   .debug_str:00000000000002cf .LASF39
     /tmp/cc3dlTt3.s:299    .text:00000000000001e0 .LVL36
     /tmp/cc3dlTt3.s:303    .text:00000000000001e8 .LVL37
     /tmp/cc3dlTt3.s:322    .text:0000000000000218 .LVL41
     /tmp/cc3dlTt3.s:324    .text:000000000000021c .LVL42
     /tmp/cc3dlTt3.s:388    .text:00000000000002b0 .LVL54
     /tmp/cc3dlTt3.s:390    .text:00000000000002b4 .LVL55
     /tmp/cc3dlTt3.s:422    .text:00000000000002e4 .LVL59
     /tmp/cc3dlTt3.s:352    .text:0000000000000250 .LVL46
     /tmp/cc3dlTt3.s:356    .text:0000000000000258 .LVL47
     /tmp/cc3dlTt3.s:425    .text:00000000000002e8 .LVL60
     /tmp/cc3dlTt3.s:400    .text:00000000000002c8 .LVL56
     /tmp/cc3dlTt3.s:407    .text:00000000000002d0 .LVL57
     /tmp/cc3dlTt3.s:113    .text:0000000000000088 .LVL7
     /tmp/cc3dlTt3.s:117    .text:0000000000000090 .LVL8
     /tmp/cc3dlTt3.s:136    .text:00000000000000c0 .LVL12
     /tmp/cc3dlTt3.s:138    .text:00000000000000c4 .LVL13
     /tmp/cc3dlTt3.s:226    .text:0000000000000188 .LVL29
     /tmp/cc3dlTt3.s:228    .text:000000000000018c .LVL30
     /tmp/cc3dlTt3.s:261    .text:00000000000001bc .LVL34
     /tmp/cc3dlTt3.s:167    .text:00000000000000ec .LVL16
     /tmp/cc3dlTt3.s:190    .text:0000000000000128 .LVL21
     /tmp/cc3dlTt3.s:194    .text:0000000000000130 .LVL22
     /tmp/cc3dlTt3.s:264    .text:00000000000001c0 .LVL35
     /tmp/cc3dlTt3.s:238    .text:00000000000001a0 .LVL31
     /tmp/cc3dlTt3.s:246    .text:00000000000001a8 .LVL32
     /tmp/cc3dlTt3.s:13     .text:0000000000000000 .LVL0
     /tmp/cc3dlTt3.s:35     .text:000000000000002c .LVL1
     /tmp/cc3dlTt3.s:59     .text:0000000000000058 .LVL4
     /tmp/cc3dlTt3.s:65     .text:0000000000000064 .LVL5
     /tmp/cc3dlTt3.s:436    .debug_info:0000000000000000 .Ldebug_info0

UNDEFINED SYMBOLS
_ZN3CCB5yieldEv
_Z11printStringPKc
_Z12printIntegerm
_ZN3CCB7runningE
